03-09 15:07:14.513   472   515 I vold    : Using Keymaster HAL: 4 from QTI for encryption.  Security level: TRUSTED_ENVIRONMENT, HAL: android.hardware.keymaster@4.0::IKeymasterDevice/default
03-09 15:07:14.570   472   515 D vold    : Successfully retrieved key
03-09 15:07:14.625   472   515 I vold    : List of Keymaster HALs found:
03-09 15:07:14.626   472   515 I vold    : Keymaster HAL #1: Keymaster HAL: 4 from QTI SecurityLevel: TRUSTED_ENVIRONMENT HAL: android.hardware.keymaster@4.0::IKeymasterDevice/default
03-09 15:07:14.626   472   515 I vold    : Using Keymaster HAL: 4 from QTI for encryption.  Security level: TRUSTED_ENVIRONMENT, HAL: android.hardware.keymaster@4.0::IKeymasterDevice/default
03-09 15:07:14.639   472   515 E vold    : export_key failed, code -62
03-09 15:07:14.639   472   515 D vold    : Upgrading key
03-09 15:07:14.654   472   515 I vold    : Key upgraded
03-09 15:07:14.660   472   515 D vold    : Added key 984780091 (ext4:909352f63fcfe2e1) to keyring 864312128 in process 472
03-09 15:07:14.661   472   515 D vold    : Added key 810015506 (f2fs:909352f63fcfe2e1) to keyring 864312128 in process 472
03-09 15:07:14.661   472   515 D vold    : Added key 612980803 (fscrypt:909352f63fcfe2e1) to keyring 864312128 in process 472
03-09 15:07:14.661   472   515 D vold    : Installed ce key for user 0
03-09 15:07:14.661  1629  1849 D ActivityManager: Started unlocking user 0
03-09 15:07:14.661  1629  1849 D ActivityManager: Unlocking user 0 progress 0
03-09 15:07:14.661  1629  1849 D ActivityManager: Unlocking user 0 progress 5
03-09 15:07:14.663   472   515 D vold    : e4crypt_prepare_user_storage for volume null, user 0, serial 0, flags 2
03-09 15:07:14.663   472   515 D vold    : Preparing: /data/system_ce/0
03-09 15:07:14.663   472   515 D vold    : Preparing: /data/misc_ce/0
03-09 15:07:14.663   472   515 D vold    : Preparing: /data/vendor_ce/0
03-09 15:07:14.699   472   515 D vold    : Preparing: /data/media/0
03-09 15:07:14.701   472   515 D vold    : Preparing: /data/data
03-09 15:07:14.702   472   515 I vold    : Found policy 909352f63fcfe2e1 at /data/system_ce/0 which matches expected value
03-09 15:07:14.702   472   515 I vold    : Found policy 909352f63fcfe2e1 at /data/misc_ce/0 which matches expected value
03-09 15:07:14.702   472   515 I vold    : Policy for /data/vendor_ce/0 set to 909352f63fcfe2e1 modes 127/4
03-09 15:07:14.713  1629  1842 D Boost   : hostingType=broadcast, hostingName=com.qualcomm.qti.poweroffalarm/.PowerOffAlarmBroadcastReceiver, callerPackage=null, isSystem=true, isBoostNeeded=false.
03-09 15:07:14.716  1629  1842 I ActivityManager: Start proc 2941:com.qualcomm.qti.poweroffalarm/1000 for broadcast com.qualcomm.qti.poweroffalarm/.PowerOffAlarmBroadcastReceiver caller=null
03-09 15:07:14.729  2074  2336 D NetworkController.MobileSignalController(2): onServiceStateChanged slotId=0 subId=2 voiceState=1 dataState=1 FiveGConnected= false dataType= 0
03-09 15:07:14.739   472   515 I vold    : Found policy 909352f63fcfe2e1 at /data/media/0 which matches expected value
03-09 15:07:14.739   472   515 I vold    : Found policy 909352f63fcfe2e1 at /data/data which matches expected value
03-09 15:07:14.739   472   515 V vold    : Starting restorecon of /data/system_ce/0
03-09 15:07:14.744  1629  1922 E NetworkPolicy: Missing subscriberId for subId 1
03-09 15:07:14.747  1629  1922 E NetworkPolicy: Missing subscriberId for subId 2
03-09 15:07:14.750   472   515 V vold    : Finished restorecon of /data/system_ce/0
03-09 15:07:14.750   472   515 V vold    : Starting restorecon of /data/misc_ce/0
03-09 15:07:14.773   472   515 V vold    : Finished restorecon of /data/misc_ce/0
03-09 15:07:14.773   472   515 V vold    : /system/bin/vold_prepare_subdirs
03-09 15:07:14.773   472   515 V vold    :     prepare
03-09 15:07:14.773   472   515 V vold    :     
03-09 15:07:14.773   472   515 V vold    :     0
03-09 15:07:14.773   472   515 V vold    :     2
03-09 15:07:14.795  2440  2440 I TelecomFramework: PstnIncomingCallNotifier: Unregistering: slot 0, Handler (com.qualcomm.qti.internal.telephony.QtiGsmCdmaPhone) {419f00}
03-09 15:07:14.795  2440  2440 I TelecomFramework: PstnIncomingCallNotifier: Unregistering: slot 1, Handler (com.qualcomm.qti.internal.telephony.QtiGsmCdmaPhone) {462e339}
03-09 15:07:14.796  2440  2440 I TelecomFramework: TelecomAccountRegistry: setupAccounts, Phone with subscription id: 2 slotId: 0 provisionStatus: 1
03-09 15:07:14.800  1629  1847 V UserDataPreparer: Found /data/user/0 with serial number 0
03-09 15:07:14.800  1629  1847 V UserDataPreparer: Found /data/system_ce/0 with serial number 0
03-09 15:07:14.801  1629  1847 D UserDataPreparer: Setting property: sys.user.0.ce_available=true
03-09 15:07:14.803  1629  1847 V PackageManager: reconcileAppsData for null u0 0x2 migrateAppData=false
03-09 15:07:14.819  1629  2311 I Telecom : PhoneAccountRegistrar: Modify account: [ComponentInfo{com.android.phone/com.android.services.telephony.TelephonyConnectionService}, ***, UserHandle{0}]: TSI.rPA@AD4
03-09 15:07:14.826  2440  2440 I TelecomFramework: AccountEntry: Registered phoneAccount: [[ ] PhoneAccount: ComponentInfo{com.android.phone/com.android.services.telephony.TelephonyConnectionService}, ***, UserHandle{0} Capabilities: CallProvider MultiUser PlaceEmerg SimSub  Audio Routes: BESW Schemes: tel voicemail  Extras: Bundle[{android.telecom.extra.SUPPORTS_VIDEO_CALLING_FALLBACK=true, android.telecom.extra.SORT_ORDER=0}] GroupId: ***] with handle: ComponentInfo{com.android.phone/com.android.services.telephony.TelephonyConnectionService}, ***, UserHandle{0}
03-09 15:07:14.826  2440  2440 I TelecomFramework: PstnIncomingCallNotifier: Registering: slot 0, Handler (com.qualcomm.qti.internal.telephony.QtiGsmCdmaPhone) {419f00}
03-09 15:07:14.827  2440  2440 I TelecomFramework: TelecomAccountRegistry: setupAccounts, Phone with subscription id: 1 slotId: 1 provisionStatus: 1
03-09 15:07:14.842  1629  1705 I Telecom : PhoneAccountRegistrar: Modify account: [ComponentInfo{com.android.phone/com.android.services.telephony.TelephonyConnectionService}, ***, UserHandle{0}]: TSI.rPA@AD8
03-09 15:07:14.845  2440  2440 I TelecomFramework: AccountEntry: Registered phoneAccount: [[ ] PhoneAccount: ComponentInfo{com.android.phone/com.android.services.telephony.TelephonyConnectionService}, ***, UserHandle{0} Capabilities: CallProvider MultiUser PlaceEmerg SimSub  Audio Routes: BESW Schemes: tel voicemail  Extras: Bundle[{android.telecom.extra.SUPPORTS_VIDEO_CALLING_FALLBACK=true, android.telecom.extra.SORT_ORDER=1}] GroupId: ***] with handle: ComponentInfo{com.android.phone/com.android.services.telephony.TelephonyConnectionService}, ***, UserHandle{0}
03-09 15:07:14.845  2440  2440 I TelecomFramework: PstnIncomingCallNotifier: Registering: slot 1, Handler (com.qualcomm.qti.internal.telephony.QtiGsmCdmaPhone) {462e339}
03-09 15:07:14.853  2440  2440 I TelecomFramework: TelecomAccountRegistry: Phone Id: 1 Service State: 1
03-09 15:07:14.853  2440  2440 I TelecomFramework: PstnIncomingCallNotifier: Unregistering: slot 0, Handler (com.qualcomm.qti.internal.telephony.QtiGsmCdmaPhone) {419f00}
03-09 15:07:14.853  2440  2440 I TelecomFramework: PstnIncomingCallNotifier: Unregistering: slot 1, Handler (com.qualcomm.qti.internal.telephony.QtiGsmCdmaPhone) {462e339}
03-09 15:07:14.853  2440  2440 I TelecomFramework: TelecomAccountRegistry: setupAccounts, Phone with subscription id: 2 slotId: 0 provisionStatus: 1
03-09 15:07:14.869  1629  1705 I Telecom : PhoneAccountRegistrar: Modify account: [ComponentInfo{com.android.phone/com.android.services.telephony.TelephonyConnectionService}, ***, UserHandle{0}]: TSI.rPA@AEM
03-09 15:07:14.873  2440  2440 I TelecomFramework: AccountEntry: Registered phoneAccount: [[ ] PhoneAccount: ComponentInfo{com.android.phone/com.android.services.telephony.TelephonyConnectionService}, ***, UserHandle{0} Capabilities: CallProvider MultiUser PlaceEmerg SimSub  Audio Routes: BESW Schemes: tel voicemail  Extras: Bundle[{android.telecom.extra.SUPPORTS_VIDEO_CALLING_FALLBACK=true, android.telecom.extra.SORT_ORDER=0}] GroupId: ***] with handle: ComponentInfo{com.android.phone/com.android.services.telephony.TelephonyConnectionService}, ***, UserHandle{0}
03-09 15:07:14.873  2440  2440 I TelecomFramework: PstnIncomingCallNotifier: Registering: slot 0, Handler (com.qualcomm.qti.internal.telephony.QtiGsmCdmaPhone) {419f00}
03-09 15:07:14.874  2440  2440 I TelecomFramework: TelecomAccountRegistry: setupAccounts, Phone with subscription id: 1 slotId: 1 provisionStatus: 1
03-09 15:07:14.883  1629  1705 I Telecom : PhoneAccountRegistrar: Modify account: [ComponentInfo{com.android.phone/com.android.services.telephony.TelephonyConnectionService}, ***, UserHandle{0}]: TSI.rPA@AEQ
03-09 15:07:14.887  2440  2440 I TelecomFramework: AccountEntry: Registered phoneAccount: [[ ] PhoneAccount: ComponentInfo{com.android.phone/com.android.services.telephony.TelephonyConnectionService}, ***, UserHandle{0} Capabilities: CallProvider MultiUser PlaceEmerg SimSub  Audio Routes: BESW Schemes: tel voicemail  Extras: Bundle[{android.telecom.extra.SUPPORTS_VIDEO_CALLING_FALLBACK=true, android.telecom.extra.SORT_ORDER=1}] GroupId: ***] with handle: ComponentInfo{com.android.phone/com.android.services.telephony.TelephonyConnectionService}, ***, UserHandle{0}
03-09 15:07:14.887  2440  2440 I TelecomFramework: PstnIncomingCallNotifier: Registering: slot 1, Handler (com.qualcomm.qti.internal.telephony.QtiGsmCdmaPhone) {462e339}
03-09 15:07:14.890  2440  2440 I TelecomFramework: PstnPhoneCapabilitiesNotifier: handleVideoCapabilitesChanged. Video capability - false
03-09 15:07:14.890  2440  2440 I chatty  : uid=1001(radio) com.android.phone identical 1 line
03-09 15:07:14.890  2440  2440 I TelecomFramework: PstnPhoneCapabilitiesNotifier: handleVideoCapabilitesChanged. Video capability - false
03-09 15:07:14.902  1629  1705 I Telecom : PhoneAccountRegistrar: Modify account: [ComponentInfo{com.android.phone/com.android.services.telephony.TelephonyConnectionService}, ***, UserHandle{0}]: TSI.rPA@AEg
03-09 15:07:14.905  2440  2440 I TelecomFramework: PstnPhoneCapabilitiesNotifier: handleVideoCapabilitesChanged. Video capability - false
03-09 15:07:14.917  1629  1705 I Telecom : PhoneAccountRegistrar: Modify account: [ComponentInfo{com.android.phone/com.android.services.telephony.TelephonyConnectionService}, ***, UserHandle{0}]: TSI.rPA@AEk
03-09 15:07:15.106  1629  1842 D Boost   : hostingType=broadcast, hostingName=com.android.deskclock/.AlarmInitReceiver, callerPackage=null, isSystem=true, isBoostNeeded=false.
03-09 15:07:15.108  1629  1842 I ActivityManager: Start proc 2989:com.android.deskclock/u0a149 for broadcast com.android.deskclock/.AlarmInitReceiver caller=null
03-09 15:07:15.704  1629  1847 V PackageManager: reconcileAppsData finished 373 packages
03-09 15:07:15.704  1629  1847 I ActivityManager: User 0 state changed from RUNNING_LOCKED to RUNNING_UNLOCKING
03-09 15:07:15.704  1629  1847 D ActivityManager: Unlocking user 0 progress 20
03-09 15:07:15.705  1629  1847 W Looper  : Slow dispatch took 1042ms android.fg h=android.os.Handler c=com.android.server.am.-$$Lambda$UserController$o6oQFjGYYIfx-I94cSakTLPLt6s@bed08cf m=0
03-09 15:07:15.705  1629  1847 W Looper  : Slow delivery took 1043ms android.fg h=android.os.Handler c=com.android.server.am.-$$Lambda$UserController$O8GIT-HtdCM0CCjYajdW2AFcrWQ@bb6025c m=0
03-09 15:07:15.705  1629  1840 I SystemServiceManager: Calling onUnlockUser u0
03-09 15:07:15.707  1629  1840 D BluetoothManagerService: User 0 unlocked
03-09 15:07:15.708  1629  1848 D BluetoothManagerService: MESSAGE_USER_UNLOCKED
03-09 15:07:15.708  1629  1840 D StorageManagerService: onUnlockUser 0
03-09 15:07:15.709   472   515 D vold    : Linking /storage/emulated/0 to /mnt/user/0/primary
03-09 15:07:15.816  1629  1629 W Looper  : Slow dispatch took 109ms main h=android.os.Handler c=null m=5000
03-09 15:07:15.817  1629  1629 V SettingsProvider: Notifying for 0: content://settings/secure/input_methods_subtype_history
03-09 15:07:15.826  1629  1840 W SystemServiceManager: Service com.android.server.StorageManagerService$Lifecycle took 119 ms in onUnlockUser 
03-09 15:07:15.827  1629  1847 W Looper  : Drained
03-09 15:07:15.827  1629  1916 D StorageManagerService: Volume emulated broadcasting mounted to UserHandle{0}
03-09 15:07:15.830  1629  1840 V UsbDeviceManager: onKeyguardStateChanged: isShowing:false secure:false user:0
03-09 15:07:15.831  1629  3016 V BackupManagerService: Starting with transport com.google.android.gms/.backup.BackupTransportService
03-09 15:07:15.847  1629  1842 D Boost   : hostingType=service, hostingName=com.google.android.apps.photos/.dbprocessor.impl.DatabaseProcessorJobService, callerPackage=android, isSystem=true, isBoostNeeded=false.
03-09 15:07:15.848  1629  1842 I ActivityManager: Start proc 3017:com.google.android.apps.photos/u0a90 for service com.google.android.apps.photos/.dbprocessor.impl.DatabaseProcessorJobService caller=android
03-09 15:07:15.850  1629  3016 E BackupPasswordManager: Unable to read backup pw version
03-09 15:07:15.851  1629  3016 E BackupPasswordManager: Unable to read saved backup pw hash
03-09 15:07:15.895  1629  1629 E LockSettingsStorage: Cannot read file java.io.FileNotFoundException: /data/system_de/0/spblob/7899ff212dd952c5.weaver: open failed: ENOENT (No such file or directory)
03-09 15:07:15.933  1629  1840 W SystemServiceManager: Service com.android.server.voiceinteraction.VoiceInteractionManagerService took 103 ms in onUnlockUser 
03-09 15:07:15.946  1629  1840 I ActivityManager: User 0 state changed from RUNNING_UNLOCKING to RUNNING_UNLOCKED
03-09 15:07:15.946  1629  1840 D SystemServerTiming: SystemUserUnlock took to complete: 1285ms
03-09 15:07:15.946  1629  1847 I ActivityManager: Loading recents for user 0 into memory.
03-09 15:07:15.950  1629  1842 D Boost   : hostingType=service, hostingName=com.google.android.googlequicksearchbox/com.google.android.voiceinteraction.GsaVoiceInteractionService, callerPackage=android, isSystem=true, isBoostNeeded=false.
03-09 15:07:16.174  1629  1847 W Looper  : Slow dispatch took 228ms android.fg h=android.os.Handler c=com.android.server.am.-$$Lambda$UserController$qRaFvFpU0fG-BFv-EOAM55wngno@357a6c0 m=0
03-09 15:07:16.182  1629  1840 D BootEventManager: systemRun:6664,zygotePreload:6246,pmsScan:2549,bootDexopt:4,coreAppDexopt:0,amsReady:12048,UIReady:19105,bootComplete:47481
03-09 15:07:16.182  1629  1840 D BootEventManager: BootEvent {mTimeStamp=2021-03-09 15:07:16,mBootType=NormalBoot,mPeriodSystemRun:6664,mPeriodPmsScan:2549,mPeriodDexopt:4,mPeriodAmsReady:12048,mPeriodUIReady:19105,mPeriodBootComplete:47481,mDetailSystemRun:{"zygotePreload":"6246"},mDetailPmsScan:{"sysAppCnt":"272","thirdAppCnt":"156"},mDetailDexopt:{"optSysAppCnt":"0","optThirdAppCnt":"0"},mDetailAmsReady:{"prebootAppCnt":"0"},mDetailUIReady:{"persistAppCnt":"18"},mDetailBootComplete:,mMiuiVersion:V11.0.11.0.PCXEUXM}
03-09 15:07:16.183  1629  1840 D XSpaceManagerService: initXSpaceAppList sXSpaceInstalledPackagesSelfLocked =[com.xiaomi.gamecenter.sdk.service]    XSPACE_APP_LIST_INIT_NUMBER =1
03-09 15:07:16.183  1629  1840 W XSpaceManagerService: Reset XSpace enable, active:false
03-09 15:07:16.183  1629  1842 I ActivityManager: Start proc 3032:com.google.android.googlequicksearchbox:interactor/u0a38 for service com.google.android.googlequicksearchbox/com.google.android.voiceinteraction.GsaVoiceInteractionService caller=android
03-09 15:07:16.200  1629  1840 D XSpaceManagerService: update XSpace Animation status, sAnimStatus = true
03-09 15:07:16.202  1629  1840 W XSpaceManagerService: XSpace init, active:false
03-09 15:07:16.203  1629  1840 D ExtraPackageManagerService: Check extra restorecon flag
03-09 15:07:16.203  1629  1840 D ExtraPackageManagerService: There's no second space, delete the flag file
03-09 15:07:16.209  1629  1842 D Boost   : hostingType=added application, hostingName=com.miui.daemon, callerPackage=android, isSystem=true, isBoostNeeded=false.
03-09 15:07:16.216  1629  1842 I ActivityManager: Start proc 3047:com.miui.daemon/1000 for added application com.miui.daemon caller=android
03-09 15:07:16.221  1629  1629 E LockSettingsStorage: Cannot read file java.io.FileNotFoundException: /data/system_de/0/spblob/0000000000000000.handle: open failed: ENOENT (No such file or directory)
03-09 15:07:16.221  1629  1629 I LockSettingsService: Retrieved auth token for user 0
03-09 15:07:16.221  1629  1629 I LockSettingsService: Caching SP for user 0
03-09 15:07:16.221  1629  1629 W Looper  : Slow dispatch took 395ms main h=android.os.Handler c=com.android.server.locksettings.LockSettingsService$1@96b8dd8 m=0
03-09 15:07:16.221  1629  1629 W Looper  : Slow delivery took 395ms main h=android.os.Handler c=null m=1
03-09 15:07:16.225  1629  1629 I LockSettingsService: Removing SP from cache for user 0
03-09 15:07:16.225  1629  1629 W Looper  : Drained
03-09 15:07:16.235  1629  1842 D Boost   : hostingType=added application, hostingName=com.android.nfc, callerPackage=android, isSystem=true, isBoostNeeded=false.
03-09 15:07:16.236  1629  1842 I ActivityManager: Start proc 3057:com.android.nfc/1027 for added application com.android.nfc caller=android
03-09 15:07:16.256  1629  1842 D Boost   : hostingType=added application, hostingName=.pasr, callerPackage=android, isSystem=true, isBoostNeeded=false.
03-09 15:07:16.257  1629  1842 I ActivityManager: Start proc 3073:.pasr/1000 for added application .pasr caller=android
03-09 15:07:16.282  1629  1842 D Boost   : hostingType=added application, hostingName=com.android.se, callerPackage=android, isSystem=true, isBoostNeeded=false.
03-09 15:07:16.284  1629  1842 I ActivityManager: Start proc 3091:com.android.se/1068 for added application com.android.se caller=android
03-09 15:07:16.312  1629  1842 D Boost   : hostingType=added application, hostingName=com.xiaomi.xmsfkeeper, callerPackage=android, isSystem=true, isBoostNeeded=false.
03-09 15:07:16.313  1629  1842 I ActivityManager: Start proc 3106:com.xiaomi.xmsfkeeper/u0a117 for added application com.xiaomi.xmsfkeeper caller=android
03-09 15:07:16.328  1629  1842 D Boost   : hostingType=added application, hostingName=com.xiaomi.finddevice, callerPackage=android, isSystem=true, isBoostNeeded=false.
03-09 15:07:16.335  1629  1842 I ActivityManager: Start proc 3112:com.xiaomi.finddevice/9810 for added application com.xiaomi.finddevice caller=android
03-09 15:07:16.356  1629  1842 D Boost   : hostingType=added application, hostingName=com.tencent.soter.soterserver, callerPackage=android, isSystem=true, isBoostNeeded=false.
03-09 15:07:16.361  1629  1842 I ActivityManager: Start proc 3134:com.tencent.soter.soterserver/1000 for added application com.tencent.soter.soterserver caller=android
03-09 15:07:16.378  1629  1842 D Boost   : hostingType=added application, hostingName=com.qualcomm.qti.services.secureui:sui_service, callerPackage=android, isSystem=true, isBoostNeeded=false.
03-09 15:07:16.381  1629  1842 I ActivityManager: Start proc 3142:com.qualcomm.qti.services.secureui:sui_service/1000 for added application com.qualcomm.qti.services.secureui:sui_service caller=android
03-09 15:07:16.400  1629  1842 D Boost   : hostingType=added application, hostingName=com.miui.face, callerPackage=android, isSystem=true, isBoostNeeded=false.
03-09 15:07:16.401  1629  1842 I ActivityManager: Start proc 3168:com.miui.face/1000 for added application com.miui.face caller=android
03-09 15:07:16.771  1629  3016 V ProcessedPackagesJournal:    + com.google.android.apps.turbo
03-09 15:07:16.771  1629  3016 V ProcessedPackagesJournal:    + com.miui.cleanmaster
03-09 15:07:16.771  1629  3016 V ProcessedPackagesJournal:    + com.android.phone
03-09 15:07:16.771  1629  3016 V ProcessedPackagesJournal:    + com.android.deskclock
03-09 15:07:16.771  1629  3016 V ProcessedPackagesJournal:    + com.google.android.tts
03-09 15:07:16.771  1629  3016 V ProcessedPackagesJournal:    + com.miui.securitycenter
03-09 15:07:16.771  1629  3016 V ProcessedPackagesJournal:    + com.miui.touchassistant
03-09 15:07:16.771  1629  3016 V ProcessedPackagesJournal:    + com.miui.gallery
03-09 15:07:16.771  1629  3016 V ProcessedPackagesJournal:    + com.google.android.apps.maps
03-09 15:07:16.771  1629  3016 V ProcessedPackagesJournal:    + com.mi.globalbrowser
03-09 15:07:16.771  1629  3016 V ProcessedPackagesJournal:    + com.miui.notes
03-09 15:07:16.771  1629  3016 V ProcessedPackagesJournal:    + com.google.android.marvin.talkback
03-09 15:07:16.771  1629  3016 V ProcessedPackagesJournal:    + com.miui.powerkeeper
03-09 15:07:16.771  1629  3016 V ProcessedPackagesJournal:    + com.miui.weather2
03-09 15:07:16.771  1629  3016 V ProcessedPackagesJournal:    + com.android.providers.blockednumber
03-09 15:07:16.771  1629  3016 V ProcessedPackagesJournal:    + com.android.camera
03-09 15:07:16.771  1629  3016 V ProcessedPackagesJournal:    + com.android.settings
03-09 15:07:16.771  1629  3016 V ProcessedPackagesJournal:    + com.miui.yellowpage
03-09 15:07:16.771  1629  3016 V ProcessedPackagesJournal:    + com.google.android.apps.translate
03-09 15:07:16.771  1629  3016 V ProcessedPackagesJournal:    + com.google.android.apps.wellbeing
03-09 15:07:16.771  1629  3016 V ProcessedPackagesJournal:    + com.android.calllogbackup
03-09 15:07:16.771  1629  3016 V ProcessedPackagesJournal:    + com.google.android.apps.walletnfcrel
03-09 15:07:16.771  1629  3016 V ProcessedPackagesJournal:    + com.android.vending
03-09 15:07:16.771  1629  3016 V ProcessedPackagesJournal:    + com.android.chrome
03-09 15:07:16.771  1629  3016 V ProcessedPackagesJournal:    + com.google.android.apps.photos
03-09 15:07:16.772  1629  3016 V ProcessedPackagesJournal:    + com.android.documentsui
03-09 15:07:16.772  1629  3016 V ProcessedPackagesJournal:    + com.android.nfc
03-09 15:07:16.772  1629  3016 V ProcessedPackagesJournal:    + com.google.android.apps.docs
03-09 15:07:16.772  1629  3016 V ProcessedPackagesJournal:    + com.google.android.youtube
03-09 15:07:16.772  1629  3016 V ProcessedPackagesJournal:    + com.google.android.apps.tachyon
03-09 15:07:16.772  1629  3016 V ProcessedPackagesJournal:    + android
03-09 15:07:16.772  1629  3016 V ProcessedPackagesJournal:    + com.google.android.apps.messaging
03-09 15:07:16.772  1629  3016 V ProcessedPackagesJournal:    + com.android.cellbroadcastreceiver
03-09 15:07:16.772  1629  3016 V ProcessedPackagesJournal:    + com.google.android.googlequicksearchbox
03-09 15:07:16.772  1629  3016 V ProcessedPackagesJournal:    + com.google.android.videos
03-09 15:07:16.772  1629  3016 V ProcessedPackagesJournal:    + com.miui.home
03-09 15:07:16.772  1629  3016 V ProcessedPackagesJournal:    + com.google.android.contacts
03-09 15:07:16.772  1629  3016 V ProcessedPackagesJournal:    + com.viber.voip
03-09 15:07:16.772  1629  3016 V ProcessedPackagesJournal:    + com.android.providers.settings
03-09 15:07:16.772  1629  3016 V ProcessedPackagesJournal:    + com.google.android.play.games
03-09 15:07:16.772  1629  3016 V ProcessedPackagesJournal:    + com.facebook.katana
03-09 15:07:16.772  1629  3016 V ProcessedPackagesJournal:    + com.google.android.dialer
03-09 15:07:16.772  1629  3016 V ProcessedPackagesJournal:    + com.google.android.gm
03-09 15:07:16.772  1629  3016 V ProcessedPackagesJournal:    + com.android.calendar
03-09 15:07:16.772  1629  3016 V ProcessedPackagesJournal:    + com.google.android.inputmethod.latin
03-09 15:07:16.772  1629  3016 V ProcessedPackagesJournal:    + com.google.android.music
03-09 15:07:16.772  1629  3016 V ProcessedPackagesJournal:    + com.android.providers.userdictionary
03-09 15:07:16.772  1629  3016 V ProcessedPackagesJournal:    + com.google.android.apps.books
03-09 15:07:16.772  1629  3016 V ProcessedPackagesJournal:    + com.ovz.carscanner
03-09 15:07:16.772  1629  3016 V ProcessedPackagesJournal:    + com.miui.player
03-09 15:07:16.772  1629  3016 V ProcessedPackagesJournal:    + com.bilal1010.englishdialoguefree
03-09 15:07:16.772  1629  3016 V ProcessedPackagesJournal:    + com.memrise.android.memrisecompanion
03-09 15:07:16.772  1629  3016 V ProcessedPackagesJournal:    + com.newsinlevels
03-09 15:07:16.772  1629  3016 V ProcessedPackagesJournal:    + com.crazy.juicer.xm
03-09 15:07:16.772  1629  3016 V ProcessedPackagesJournal:    + com.android.providers.telephony
03-09 15:07:16.772  1629  3016 V ProcessedPackagesJournal:    + com.miui.fm
03-09 15:07:16.772  1629  3016 V ProcessedPackagesJournal:    + com.block.puzzle.game.hippo.mi
03-09 15:07:16.772  1629  3016 V ProcessedPackagesJournal:    + com.elearning.dailyphrases
03-09 15:07:16.772  1629  3016 V ProcessedPackagesJournal:    + com.milink.service
03-09 15:07:16.772  1629  3016 V ProcessedPackagesJournal:    + com.motordata.obd
03-09 15:07:16.772  1629  3016 V ProcessedPackagesJournal:    + uk.co.yoganandu.agiletest
03-09 15:07:16.772  1629  3016 V ProcessedPackagesJournal:    + com.smartcatter
03-09 15:07:16.772  1629  3016 V ProcessedPackagesJournal:    + com.truatvl.english.speaking
03-09 15:07:16.772  1629  3016 V ProcessedPackagesJournal:    + com.miui.guardprovider
03-09 15:07:16.772  1629  3016 V ProcessedPackagesJournal:    + com.xiaomi.mirecycle
03-09 15:07:16.772  1629  3016 V ProcessedPackagesJournal:    + com.mi.health
03-09 15:07:16.772  1629  3016 V ProcessedPackagesJournal:    + com.miui.miservice
03-09 15:07:16.772  1629  3016 V ProcessedPackagesJournal:    + com.miui.compass
03-09 15:07:16.772  1629  3016 V ProcessedPackagesJournal:    + com.applause.utestqa
03-09 15:07:16.772  1629  3016 V ProcessedPackagesJournal:    + com.rarlab.rar
03-09 15:07:16.772  1629  3016 V ProcessedPackagesJournal:    + com.mi.android.globalFileexplorer
03-09 15:07:16.772  1629  3016 V ProcessedPackagesJournal:    + com.zhystudio.CommonEnglishMistakes
03-09 15:07:16.772  1629  3016 V ProcessedPackagesJournal:    + com.toplearnenglishapps.learnenglishvideosubtitle
03-09 15:07:16.772  1629  3016 V ProcessedPackagesJournal:    + com.xiaomi.scanner
03-09 15:07:16.772  1629  3016 V ProcessedPackagesJournal:    + com.android.wallpaperbackup
03-09 15:07:16.772  1629  3016 V ProcessedPackagesJournal:    + com.bubble.free.bubblestory
03-09 15:07:16.772  1629  3016 V ProcessedPackagesJournal:    + com.mi.globallayout
03-09 15:07:16.772  1629  3016 V ProcessedPackagesJournal:    + com.xiaomi.discover
03-09 15:07:16.772  1629  3016 V ProcessedPackagesJournal:    + horhomun.oliviadrive
03-09 15:07:16.772  1629  3016 V ProcessedPackagesJournal:    + com.lbe.security.miui
03-09 15:07:16.772  1629  3016 V ProcessedPackagesJournal:    + ru.dmitrykuznetsov.whichofus
03-09 15:07:16.772  1629  3016 V ProcessedPackagesJournal:    + com.kimco.learn.english.listening
03-09 15:07:16.772  1629  3016 V ProcessedPackagesJournal:    + qhiep.englishListeningPratice
03-09 15:07:16.772  1629  3016 V ProcessedPackagesJournal:    + com.xiaomi.mipicks
03-09 15:07:16.772  1629  3016 V ProcessedPackagesJournal:    + com.mi.global.bbs
03-09 15:07:16.772  1629  3016 V ProcessedPackagesJournal:    + com.miui.hybrid.accessory
03-09 15:07:16.772  1629  3016 V ProcessedPackagesJournal:    + com.xiaomi.providers.appindex
03-09 15:07:16.772  1629  3016 V ProcessedPackagesJournal:    + com.convoenglishco.interview
03-09 15:07:16.772  1629  3016 V ProcessedPackagesJournal:    + com.miui.calculator
03-09 15:07:16.772  1629  3016 V ProcessedPackagesJournal:    + com.miui.miwallpaper
03-09 15:07:16.772  1629  3016 V ProcessedPackagesJournal:    + com.funeasylearn.phrasebook.english
03-09 15:07:16.772  1629  3016 V ProcessedPackagesJournal:    + com.radio.fmradio
03-09 15:07:16.772  1629  3016 V ProcessedPackagesJournal:    + com.sololearn.javascript
03-09 15:07:16.772  1629  3016 V ProcessedPackagesJournal:    + com.codeliber.js
03-09 15:07:16.772  1629  3016 V ProcessedPackagesJournal:    + com.sololearn
03-09 15:07:16.772  1629  3016 V ProcessedPackagesJournal:    + x.kelynle.illustrated_everyday_expression_with_stories
03-09 15:07:16.772  1629  3016 V ProcessedPackagesJournal:    + x.kelynle.studio.englishvocabularyinuseadvanced
03-09 15:07:16.772  1629  3016 V ProcessedPackagesJournal:    + randomappsinc.com.sqlpracticeplus
03-09 15:07:16.772  1629  3016 V ProcessedPackagesJournal:    + com.xiaomi.midrop
03-09 15:07:16.772  1629  3016 V ProcessedPackagesJournal:    + com.ticktick.task
03-09 15:07:16.772  1629  3016 V ProcessedPackagesJournal:    + com.example.myapplication
03-09 15:07:16.772  1629  3016 V ProcessedPackagesJournal:    + com.english.vivoapp.vocabulary
03-09 15:07:16.772  1629  3016 V ProcessedPackagesJournal:    + ludo.studio.envoca
03-09 15:07:16.772  1629  3016 V ProcessedPackagesJournal:    + com.praveenj.vocab
03-09 15:07:16.772  1629  3016 V ProcessedPackagesJournal:    + com.miui.msa.global
03-09 15:07:16.772  1629  3016 V ProcessedPackagesJournal:    + com.ocoder.learn.english.free
03-09 15:07:16.772  1629  3016 V ProcessedPackagesJournal:    + com.pph
03-09 15:07:16.772  1629  3016 V ProcessedPackagesJournal:    + com.kronosapp.sqldersleri
03-09 15:07:16.772  1629  3016 V ProcessedPackagesJournal:    + com.miui.analytics
03-09 15:07:17.044  1629  3016 I BackupManagerService: Unlocking system user; mService=com.android.server.backup.BackupManagerService@ea48e87
03-09 15:07:17.313  3168  3168 D miui.face.FaceService: MiuiBioApp onCreate, isSupport:true
03-09 15:07:17.441  1629  3016 I BackupManagerService: Backup enabled => true
03-09 15:07:17.442  1629  3016 V BackupManagerConstants: getKeyValueBackupIntervalMilliseconds(...) returns 14400000
03-09 15:07:17.443  1629  3016 V BackupManagerConstants: getKeyValueBackupFuzzMilliseconds(...) returns 600000
03-09 15:07:17.443  1629  3016 V BackupManagerConstants: getKeyValueBackupRequiredNetworkType(...) returns 1
03-09 15:07:17.443  1629  3016 V BackupManagerConstants: getKeyValueBackupRequireCharging(...) returns true
03-09 15:07:17.443  1629  3016 V KeyValueBackupJob: Scheduling k/v pass in 246 minutes
03-09 15:07:17.443  1629  3016 V BackupManagerConstants: getFullBackupIntervalMilliseconds(...) returns 86400000
03-09 15:07:17.525  3168  3221 D miui.face.FaceService: no face
03-09 15:07:17.629  1629  1842 D Boost   : hostingType=service, hostingName=com.xiaomi.simactivate.service/com.xiaomi.activate.ActivateService, callerPackage=com.xiaomi.finddevice, isSystem=true, isBoostNeeded=false.
03-09 15:07:17.630  1629  1842 I ActivityManager: Start proc 3240:com.xiaomi.simactivate.service/u0a139 for service com.xiaomi.simactivate.service/com.xiaomi.activate.ActivateService caller=com.xiaomi.finddevice
03-09 15:07:17.843  1629  1948 D ConditionProviders: Disabling component com.google.android.apps.wellbeing/.dnd.impl.DndConditionProviderService
03-09 15:07:17.883  1629  1842 D Boost   : hostingType=content provider, hostingName=com.google.android.gsf/.gservices.GservicesProvider, callerPackage=com.google.android.apps.photos, isSystem=true, isBoostNeeded=false.
03-09 15:07:17.885  1629  1842 I ActivityManager: Start proc 3274:com.google.process.gservices/u0a47 for content provider com.google.android.gsf/.gservices.GservicesProvider caller=com.google.android.apps.photos
03-09 15:07:17.958  1629  1842 D Boost   : hostingType=service, hostingName=com.xiaomi.xmsf/com.xiaomi.push.service.XMPushService, callerPackage=com.xiaomi.finddevice, isSystem=true, isBoostNeeded=false.
03-09 15:07:17.960  1629  1842 I ActivityManager: Start proc 3293:com.xiaomi.xmsf/u0a148 for service com.xiaomi.xmsf/com.xiaomi.push.service.XMPushService caller=com.xiaomi.finddevice
03-09 15:07:19.035  1629  2071 W ActivityManager: Receiver with filter android.content.IntentFilter@75d31ab already registered for pid 3057, callerPackage is com.android.nfc
03-09 15:07:19.128  1629  1840 I AppWidgetServiceImpl: Processing of handleUserUnlocked u0 took 2911 ms
03-09 15:07:19.128  1629  1840 I ActivityManager: Sending BOOT_COMPLETE user #0
03-09 15:07:19.164  1629  1842 D Boost   : hostingType=service, hostingName=com.mi.android.globalminusscreen/com.google.android.apps.gsa.nowoverlayservice.DrawerOverlayService, callerPackage=com.miui.home, isSystem=true, isBoostNeeded=false.
03-09 15:07:19.167  1629  1842 I ActivityManager: Start proc 3386:com.mi.android.globalminusscreen/1000 for service com.mi.android.globalminusscreen/com.google.android.apps.gsa.nowoverlayservice.DrawerOverlayService caller=com.miui.home
03-09 15:07:19.179  1629  1629 V NotificationAssistants: disabling notification assistant for user 0: ComponentInfo{com.google.android.ext.services/android.ext.services.notification.Assistant}
03-09 15:07:19.179  1629  1629 D NotificationListeners: Removing active service ComponentInfo{com.google.android.ext.services/android.ext.services.notification.Assistant}
03-09 15:07:19.198  1629  1629 V NotificationAssistants: enabling notification assistant for 0: ComponentInfo{com.google.android.ext.services/android.ext.services.notification.Assistant}
03-09 15:07:19.207  1629  1842 D Boost   : hostingType=content provider, hostingName=com.miui.android.fashiongallery/.LockScreenMagazineProvider, callerPackage=com.android.systemui, isSystem=true, isBoostNeeded=false.
03-09 15:07:19.209  1629  1842 I ActivityManager: Start proc 3413:com.miui.android.fashiongallery/u0a166 for content provider com.miui.android.fashiongallery/.LockScreenMagazineProvider caller=com.android.systemui
03-09 15:07:19.210  1629  1629 V NotificationAssistants: binding: Intent { act=android.service.notification.NotificationAssistantService cmp=com.google.android.ext.services/android.ext.services.notification.Assistant (has extras) }
03-09 15:07:19.269  1629  1842 D Boost   : hostingType=content provider, hostingName=com.duokan.phone.remotecontroller/com.xiaomi.mitv.phone.remotecontroller.remotecall.LockScreenProvider, callerPackage=com.android.systemui, isSystem=true, isBoostNeeded=false.
03-09 15:07:19.271  1629  1842 I ActivityManager: Start proc 3434:com.duokan.phone.remotecontroller/u0a168 for content provider com.duokan.phone.remotecontroller/com.xiaomi.mitv.phone.remotecontroller.remotecall.LockScreenProvider caller=com.android.systemui
03-09 15:07:19.317  1629  1842 D Boost   : hostingType=service, hostingName=com.milink.service/com.milink.ui.service.MiLinkTileService, callerPackage=com.android.systemui, isSystem=true, isBoostNeeded=false.
03-09 15:07:19.321  1629  1842 I ActivityManager: Start proc 3445:com.milink.service/u0a116 for service com.milink.service/com.milink.ui.service.MiLinkTileService caller=com.android.systemui
03-09 15:07:19.370  1629  1842 D Boost   : hostingType=service, hostingName=com.android.smspush/.WapPushManager, callerPackage=com.android.phone, isSystem=true, isBoostNeeded=false.
03-09 15:07:19.374  1629  1842 I ActivityManager: Start proc 3470:com.android.smspush/u0a113 for service com.android.smspush/.WapPushManager caller=com.android.phone
03-09 15:07:19.414  1629  1842 D Boost   : hostingType=service, hostingName=com.miui.screenrecorder/.service.QuickService, callerPackage=com.android.systemui, isSystem=true, isBoostNeeded=false.
03-09 15:07:19.419  1629  1842 I ActivityManager: Start proc 3495:com.miui.screenrecorder/1000 for service com.miui.screenrecorder/.service.QuickService caller=com.android.systemui
03-09 15:07:19.500  1629  1842 D Boost   : hostingType=service, hostingName=com.google.android.gms/.chimera.GmsBoundBrokerService, callerPackage=com.google.android.inputmethod.latin, isSystem=true, isBoostNeeded=false.
03-09 15:07:19.502  1629  1842 D ProcessPolicyManager: promote com.google.android.gms maxAdj to hvy  , maxProcState to + HVY 
03-09 15:07:19.502  1629  1842 I ActivityManager: Start proc 3515:com.google.android.gms/u0a47 for service com.google.android.gms/.chimera.GmsBoundBrokerService caller=com.google.android.inputmethod.latin
03-09 15:07:19.637  1629  1842 D Boost   : hostingType=service, hostingName=com.google.android.apps.messaging/.rcsmigration.RcsMigrationService, callerPackage=com.google.android.ims, isSystem=true, isBoostNeeded=false.
03-09 15:07:19.645  1629  1842 I ActivityManager: Start proc 3538:com.google.android.apps.messaging/u0a161 for service com.google.android.apps.messaging/.rcsmigration.RcsMigrationService caller=com.google.android.ims
03-09 15:07:20.115  1629  1842 D Boost   : hostingType=content provider, hostingName=com.google.android.googlequicksearchbox/com.google.android.apps.gsa.staticplugins.publiccontent.GsaPublicContentProvider, callerPackage=com.google.android.inputmethod.latin, isSystem=true, isBoostNeeded=false.
03-09 15:07:20.118  1629  1842 I ActivityManager: Start proc 3585:com.google.android.googlequicksearchbox:search/u0a38 for content provider com.google.android.googlequicksearchbox/com.google.android.apps.gsa.staticplugins.publiccontent.GsaPublicContentProvider caller=com.google.android.inputmethod.latin
03-09 15:07:20.320  1629  2048 I SyncManager: Loaded persisted syncs: 21 periodic syncs, 0 oneshot syncs, 47 total system server jobs, JobStats: FirstLoad: 161/37/21 LastSave: -1/-1/-1
03-09 15:07:21.072  1629  2055 I WifiService: WifiService trying to set country code to ua
03-09 15:07:21.234  3585  3585 E SchedPolicy: set_timerslack_ns write failed: Operation not permitted
03-09 15:07:21.875  1629  1629 W Looper  : Slow dispatch took 2638ms main h=android.app.ActivityThread$H c=android.app.-$$Lambda$LoadedApk$ReceiverDispatcher$Args$_BumDX2UKsnxLVrE6UJsJZkotuA@237720c m=0
03-09 15:07:21.876  1629  1629 V SettingsProvider: Notifying for 0: content://settings/global/network_recommendations_enabled
03-09 15:07:21.876  1629  1629 W Looper  : Slow delivery took 2723ms main h=com.android.providers.settings.SettingsProvider$SettingsRegistry$MyHandler c=null m=1
03-09 15:07:21.878  1629  1842 D Boost   : hostingType=service, hostingName=com.miui.micloudsync/.personalAssistant.AssistantSyncService, callerPackage=android, isSystem=true, isBoostNeeded=false.
03-09 15:07:21.880  1629  1842 I ActivityManager: Start proc 3702:com.miui.micloudsync:sync/u0a96 for service com.miui.micloudsync/.personalAssistant.AssistantSyncService caller=android
03-09 15:07:21.881  1629  1629 V SettingsProvider: Notifying for 0: content://settings/secure/screen_project_in_screening
03-09 15:07:21.883  1629  1629 V SettingsProvider: Notifying for 0: content://settings/secure/screen_project_hang_up_on
03-09 15:07:21.884  1629  1629 W Looper  : Drained
03-09 15:07:22.045  1629  1842 D Boost   : hostingType=service, hostingName=com.miui.msa.global/com.miui.systemAdSolution.landingPageV2.service.LandingPageServiceV2, callerPackage=com.duokan.phone.remotecontroller, isSystem=false, isBoostNeeded=false.
03-09 15:07:22.054  1629  1842 I ActivityManager: Start proc 3731:com.miui.msa.global/u0a143 for service com.miui.msa.global/com.miui.systemAdSolution.landingPageV2.service.LandingPageServiceV2 caller=com.duokan.phone.remotecontroller
03-09 15:07:22.057  1629  1629 W Looper  : Slow dispatch took 172ms main h=com.android.server.notification.NotificationManagerService$WorkerHandler c=com.android.server.notification.NotificationManagerService$PostNotificationRunnable@39ee717 m=0
03-09 15:07:22.061  1629  1629 I NotificationService: Cannot find enqueued record for key: 0|com.xiaomi.simactivate.service|1001|null|10139
03-09 15:07:22.087  1629  1629 V SettingsProvider: Notifying for 0: content://settings/system/next_alarm_formatted
03-09 15:07:22.176  1629  1961 W ContextImpl: Calling a method in the system process without a qualified user: android.app.ContextImpl.sendBroadcast:1015 miui.security.SecurityManagerCompat.sendCancelBootAlarm:149 miui.security.SecurityManagerCompat.writeQcomBootTime:116 miui.security.SecurityManagerCompat.writeBootTime:75 com.miui.server.SecurityManagerService$SecurityWriteHandler.handleMessage:355 
03-09 15:07:22.177  1629  1961 W ContextImpl: Calling a method in the system process without a qualified user: android.app.ContextImpl.sendBroadcast:1015 miui.security.SecurityManagerCompat.sendSetBootAlarm:158 miui.security.SecurityManagerCompat.writeQcomBootTime:117 miui.security.SecurityManagerCompat.writeBootTime:75 com.miui.server.SecurityManagerService$SecurityWriteHandler.handleMessage:355 
03-09 15:07:22.182  1629  1961 W ContextImpl: Calling a method in the system process without a qualified user: android.app.ContextImpl.sendBroadcast:1015 miui.security.SecurityManagerCompat.sendCancelBootAlarm:149 miui.security.SecurityManagerCompat.writeQcomBootTime:119 miui.security.SecurityManagerCompat.writeBootTime:75 com.miui.server.SecurityManagerService$SecurityWriteHandler.handleMessage:355 
03-09 15:07:22.216  1629  1842 D Boost   : hostingType=broadcast, hostingName=com.miui.miservice/.push.MiServiceReceiver, callerPackage=null, isSystem=true, isBoostNeeded=false.
03-09 15:07:22.218  1629  1842 I ActivityManager: Start proc 3770:com.miui.miservice/u0a43 for broadcast com.miui.miservice/.push.MiServiceReceiver caller=null
03-09 15:07:22.240  1629  1842 D Boost   : hostingType=service, hostingName=com.android.printspooler/.model.PrintSpoolerService, callerPackage=android, isSystem=true, isBoostNeeded=false.
03-09 15:07:22.242  1629  1842 I ActivityManager: Start proc 3780:com.android.printspooler/u0a160 for service com.android.printspooler/.model.PrintSpoolerService caller=android
03-09 15:07:22.644  1629  3393 D ConnectivityService: requestNetwork for uid/pid:10111/2050 NetworkRequest [ TRACK_DEFAULT id=13, [ Capabilities: INTERNET&NOT_RESTRICTED&TRUSTED Unwanted:  Uid: 10111] ]
03-09 15:07:22.953  1629  1842 D Boost   : hostingType=content provider, hostingName=com.google.android.gsf/.settings.GoogleSettingsProvider, callerPackage=com.google.android.googlequicksearchbox, isSystem=true, isBoostNeeded=false.
03-09 15:07:22.961  1629  1842 I ActivityManager: Start proc 3864:com.google.process.gapps/u0a47 for content provider com.google.android.gsf/.settings.GoogleSettingsProvider caller=com.google.android.googlequicksearchbox
03-09 15:07:23.636  1629  1842 D Boost   : hostingType=service, hostingName=com.android.keychain/.KeyChainService, callerPackage=android, isSystem=true, isBoostNeeded=false.
03-09 15:07:23.638  1629  1842 I ActivityManager: Start proc 3911:com.android.keychain/1000 for service com.android.keychain/.KeyChainService caller=android
03-09 15:07:23.699  1629  1842 D Boost   : hostingType=content provider, hostingName=com.miui.securitycenter/com.miui.powercenter.provider.PowerCenterProvider, callerPackage=com.android.systemui, isSystem=true, isBoostNeeded=false.
03-09 15:07:23.701  1629  1842 I ActivityManager: Start proc 3929:com.miui.securitycenter.remote/1000 for content provider com.miui.securitycenter/com.miui.powercenter.provider.PowerCenterProvider caller=com.android.systemui
03-09 15:07:24.084  1629  1842 D Boost   : hostingType=service, hostingName=com.xiaomi.location.fused/.FusedLocationService, callerPackage=android, isSystem=true, isBoostNeeded=false.
03-09 15:07:24.086  1629  1842 I ActivityManager: Start proc 3977:com.xiaomi.location.fused/1000 for service com.xiaomi.location.fused/.FusedLocationService caller=android
03-09 15:07:24.508  3032  3032 W KeyphraseEnrollmentInfo: No enrollment application supports the given keyphrase/locale: 'null'/en_GB
03-09 15:07:24.509  3032  3032 W KeyphraseEnrollmentInfo: No enrollment application supports the given keyphrase/locale: 'X Google'/en_GB
03-09 15:07:24.515  3032  3032 I chatty  : uid=10038 com.google.android.googlequicksearchbox:interactor identical 1 line
03-09 15:07:24.515  3032  3032 W KeyphraseEnrollmentInfo: No enrollment application supports the given keyphrase/locale: 'X Google'/en_GB
03-09 15:07:24.854  1629  1629 W Looper  : Slow dispatch took 797ms main h=android.app.ActivityThread$H c=null m=114
03-09 15:07:24.931  1629  1629 W Looper  : Slow delivery took 797ms main h=android.app.ActivityThread$H c=null m=121
03-09 15:07:24.934  1629  1629 W Looper  : Drained
03-09 15:07:24.951  1629  4044 W ActivityManager: Unable to start service Intent { act=android.intent.action.BOOT_COMPLETED cmp=com.qualcomm.location.XT/.XTSrv } U=0: not found
03-09 15:07:24.962  1629  4044 W LocationProviderProxy-network: Odd, no component found for service com.android.location.service.v3.NetworkLocationProvider
03-09 15:07:25.090  1629  2328 I ActivityManager: Process com.android.settings (pid 2830) has died: cch+6CEM 
03-09 15:07:25.132  1629  2328 W BoostFramework: Slow Operation: BoostFramework perfHint took 42ms
03-09 15:07:25.560  1629  2055 D ConnectivityService: requestNetwork for uid/pid:10024/2772 NetworkRequest [ TRACK_DEFAULT id=15, [ Capabilities: INTERNET&NOT_RESTRICTED&TRUSTED Unwanted:  Uid: 10024] ]
03-09 15:07:25.692  1629  1842 D Boost   : hostingType=service, hostingName=com.miui.analytics/.onetrack.OneTrackService, callerPackage=com.miui.securitycenter, isSystem=true, isBoostNeeded=false.
03-09 15:07:25.694  1629  1842 I ActivityManager: Start proc 4085:com.miui.analytics/u0a133 for service com.miui.analytics/.onetrack.OneTrackService caller=com.miui.securitycenter
03-09 15:07:26.183  1629  1629 D BootEventManager: Begin to report boot event
03-09 15:07:26.184  1629  1629 E MQSEventManagerDelegate: failed to get MQSService.
03-09 15:07:26.682  1629  1842 D Boost   : hostingType=service, hostingName=com.lbe.security.miui/com.lbe.security.service.SecurityService, callerPackage=com.miui.securitycenter, isSystem=true, isBoostNeeded=false.
03-09 15:07:26.684  1629  1842 I ActivityManager: Start proc 4149:com.lbe.security.miui/u0a78 for service com.lbe.security.miui/com.lbe.security.service.SecurityService caller=com.miui.securitycenter
03-09 15:07:27.060  1629  2055 W ActivityManager: Receiver with filter android.content.IntentFilter@c9358c2 already registered for pid 3240, callerPackage is com.xiaomi.simactivate.service
03-09 15:07:27.134  1629  2055 W ActivityManager: Receiver with filter android.content.IntentFilter@f777672 already registered for pid 3495, callerPackage is com.miui.screenrecorder
03-09 15:07:27.591  1629  3406 I WakePathChecker: MIUILOG-WAKEPATH pushWakePathWhiteList: userId=0 size=5
03-09 15:07:27.627  1629  2055 I WakePathChecker: MIUILOG-WAKEPATH pushWakePathRuleInfos: wakeType=1 userId=0 size=5
03-09 15:07:28.811  1629  3393 I WakePathChecker: MIUILOG-WAKEPATH pushWakePathRuleInfos: wakeType=8 userId=0 size=80
03-09 15:07:28.815  1629  3406 I WakePathChecker: MIUILOG-WAKEPATH pushWakePathRuleInfos: wakeType=4 userId=0 size=16
03-09 15:07:28.819  1629  3420 I WakePathChecker: MIUILOG-WAKEPATH pushWakePathRuleInfos: wakeType=2 userId=0 size=23
03-09 15:07:28.825  1629  3393 I WakePathChecker: MIUILOG-WAKEPATH pushWakePathRuleInfos: wakeType=17 userId=0 size=0
03-09 15:07:29.939  1629  3406 D AppOpsServiceState: linkToDeath
03-09 15:07:30.452  1629  1840 W BroadcastQueueInjector: Unable to launch app com.google.android.apps.books/10204 for broadcast Intent { act=android.app.action.APP_BLOCK_STATE_CHANGED flg=0x10000010 pkg=com.google.android.apps.books (has extras) }: process is not permitted to  auto start
03-09 15:07:30.482  1629  1840 W BroadcastQueueInjector: Unable to launch app com.google.android.play.games/10215 for broadcast Intent { act=android.app.action.APP_BLOCK_STATE_CHANGED flg=0x10000010 pkg=com.google.android.play.games (has extras) }: process is not permitted to  auto start
03-09 15:07:30.558  1629  1840 W BroadcastQueueInjector: Unable to launch app ru.dmitrykuznetsov.whichofus/10230 for broadcast Intent { act=android.app.action.APP_BLOCK_STATE_CHANGED flg=0x10000010 pkg=ru.dmitrykuznetsov.whichofus (has extras) }: process is not permitted to  auto start
03-09 15:07:30.655  1629  1842 D Boost   : hostingType=broadcast, hostingName=com.google.android.apps.walletnfcrel/com.google.android.libraries.notifications.entrypoints.blockstatechanged.BlockStateChangedReceiver, callerPackage=android, isSystem=true, isBoostNeeded=false.
03-09 15:07:30.656  1629  1842 I ActivityManager: Start proc 4235:com.google.android.apps.walletnfcrel/u0a271 for broadcast com.google.android.apps.walletnfcrel/com.google.android.libraries.notifications.entrypoints.blockstatechanged.BlockStateChangedReceiver caller=android
03-09 15:07:32.240  1629  1948 D ConnectivityService: requestNetwork for uid/pid:10271/4235 NetworkRequest [ TRACK_DEFAULT id=16, [ Capabilities: INTERNET&NOT_RESTRICTED&TRUSTED Unwanted:  Uid: 10271] ]
03-09 15:07:33.879  1629  1842 D Boost   : hostingType=broadcast, hostingName=com.xiaomi.misettings/.usagestats.AppTimerReceiver, callerPackage=null, isSystem=true, isBoostNeeded=false.
03-09 15:07:33.881  1629  1842 I ActivityManager: Start proc 4322:com.xiaomi.misettings/1000 for broadcast com.xiaomi.misettings/.usagestats.AppTimerReceiver caller=null
03-09 15:07:35.792  1629  1840 W ActivityManager: Bringing down service while still waiting for start foreground: ServiceRecord{dcfef93 u0 com.miui.securitycenter/.service.RemoteService}
03-09 15:07:35.859  1629  1840 I ActivityManagerServiceInjector: finish silent ANR: ProcessRecord{7d66957 3929:com.miui.securitycenter.remote/1000}
03-09 15:07:35.860  1629  1840 I ActivityManager: Killing 3929:com.miui.securitycenter.remote/1000 (adj 0): bg anr
03-09 15:07:36.297  1629  1842 D Boost   : hostingType=content provider, hostingName=com.miui.powerkeeper/.stepsprovider.StepsProvider, callerPackage=com.mi.android.globalminusscreen, isSystem=true, isBoostNeeded=false.
03-09 15:07:36.298  1629  1842 I ActivityManager: Start proc 4372:com.miui.powerkeeper/1000 for content provider com.miui.powerkeeper/.stepsprovider.StepsProvider caller=com.mi.android.globalminusscreen
03-09 15:07:36.382  1629  1948 W ActivityManager: Scheduling restart of crashed service com.miui.securitycenter/com.miui.gamebooster.service.GameBoosterService in 19500ms
03-09 15:07:36.382  1629  1948 W ActivityManager: Scheduling restart of crashed service com.miui.securitycenter/com.miui.antispam.service.AntiSpamService in 29500ms
