03-09 15:08:17.375  1629  1629 I Telecom : DefaultDialerCache: Refreshing default dialer for user 0: now app.source.getcontact: DDC.oR@AlU
03-09 15:08:18.068  1629  1842 D Boost   : hostingType=broadcast, hostingName=com.google.android.apps.turbo/com.google.android.libraries.smartbattery.brightness.library.BootReceiver, callerPackage=null, isSystem=true, isBoostNeeded=false.
03-09 15:08:18.073  1629  1842 I ActivityManager: Start proc 7114:com.google.android.apps.turbo:ssb/u0a36 for broadcast com.google.android.apps.turbo/com.google.android.libraries.smartbattery.brightness.library.BootReceiver caller=null
03-09 15:08:18.331  1629  1839 W LocationProviderProxy-network: Odd, no component found for service com.android.location.service.v3.NetworkLocationProvider
03-09 15:08:18.527  1629  1842 D Boost   : hostingType=broadcast, hostingName=com.google.android.apps.wellbeing/.alarm.BootCompleteReceiver_Receiver, callerPackage=null, isSystem=true, isBoostNeeded=false.
03-09 15:08:18.529  1629  1842 I ActivityManager: Start proc 7142:com.google.android.apps.wellbeing/u0a33 for broadcast com.google.android.apps.wellbeing/.alarm.BootCompleteReceiver_Receiver caller=null
03-09 15:08:19.013  6736  6791 D DeviceIdleController: set apps count: mTempWhitelistAppIds: 0, mTempNonWhitelistAppIds: 19
03-09 15:08:19.086  6736  6827 V PowerKeeper.Sensor: SensorController enable 
03-09 15:08:20.653  1629  1842 D Boost   : hostingType=service, hostingName=com.google.android.googlequicksearchbox/com.google.android.apps.gsa.shared.util.keepalive.StandaloneKeepAlive$KeepAliveService, callerPackage=com.google.android.googlequicksearchbox, isSystem=true, isBoostNeeded=false.
03-09 15:08:20.655  1629  1842 I ActivityManager: Start proc 7183:com.google.android.googlequicksearchbox:search/u0a38 for service com.google.android.googlequicksearchbox/com.google.android.apps.gsa.shared.util.keepalive.StandaloneKeepAlive$KeepAliveService caller=com.google.android.googlequicksearchbox
03-09 15:08:20.798  6736  6827 D PowerKeeper.AppStandby: configurePolicy: miuiStandbyEnable: true screenTimeout: 30000
03-09 15:08:20.799  6736  6827 D PowerKeeper.AppStandby: disable standby chain
03-09 15:08:20.804  6736  6827 V PowerKeeper.AppBgIdle: enable 
03-09 15:08:21.352  1629  1840 I ActivityManager: Waited long enough for: ServiceRecord{7aa8fc u0 com.facebook.services/com.facebook.oxygen.services.fbns.PreloadedFbnsService}
03-09 15:08:21.454  1629  1842 D Boost   : hostingType=broadcast, hostingName=com.google.android.configupdater/.MainReceiver, callerPackage=null, isSystem=true, isBoostNeeded=false.
03-09 15:08:21.456  1629  1842 I ActivityManager: Start proc 7203:com.google.android.configupdater/u0a46 for broadcast com.google.android.configupdater/.MainReceiver caller=null
03-09 15:08:21.905  7183  7183 E SchedPolicy: set_timerslack_ns write failed: Operation not permitted
03-09 15:08:22.037  1629  1842 D Boost   : hostingType=broadcast, hostingName=com.google.android.contacts/com.google.android.apps.contacts.receiver.OnBootOrUpgradeReceiver, callerPackage=null, isSystem=true, isBoostNeeded=false.
03-09 15:08:22.039  1629  1842 I ActivityManager: Start proc 7247:com.google.android.contacts/u0a105 for broadcast com.google.android.contacts/com.google.android.apps.contacts.receiver.OnBootOrUpgradeReceiver caller=null
03-09 15:08:22.341  1629  1898 I UsbPortManager: ClientCallback: otg_default
03-09 15:08:22.632  1629  1842 D Boost   : hostingType=content provider, hostingName=com.android.providers.contacts/.ContactsProvider2, callerPackage=com.google.android.contacts, isSystem=true, isBoostNeeded=false.
03-09 15:08:22.635  1629  1842 I ActivityManager: Start proc 7269:android.process.acore/u0a29 for content provider com.android.providers.contacts/.ContactsProvider2 caller=com.google.android.contacts
03-09 15:08:22.668  1629  6399 D ActivityManager: Raise procstate to external provider: ProcessRecord{36a9899 7269:android.process.acore/u0a29}
03-09 15:08:22.699  1629  6399 D ActivityManager: Raise procstate to external provider: ProcessRecord{36a9899 7269:android.process.acore/u0a29}
03-09 15:08:22.703  1629  5713 D ActivityManager: Raise procstate to external provider: ProcessRecord{36a9899 7269:android.process.acore/u0a29}
03-09 15:08:22.760  1629  5713 D ActivityManager: Raise procstate to external provider: ProcessRecord{36a9899 7269:android.process.acore/u0a29}
03-09 15:08:22.772  1629  3408 D ActivityManager: Raise procstate to external provider: ProcessRecord{36a9899 7269:android.process.acore/u0a29}
03-09 15:08:22.788  1629  5713 D ActivityManager: Raise procstate to external provider: ProcessRecord{36a9899 7269:android.process.acore/u0a29}
03-09 15:08:22.826  1629  5713 I chatty  : uid=1000(system) Binder:1629_16 identical 1 line
03-09 15:08:22.861  1629  5713 D ActivityManager: Raise procstate to external provider: ProcessRecord{36a9899 7269:android.process.acore/u0a29}
03-09 15:08:22.892  1629  6399 D ActivityManager: Raise procstate to external provider: ProcessRecord{36a9899 7269:android.process.acore/u0a29}
03-09 15:08:22.922  1629  5713 D ActivityManager: Raise procstate to external provider: ProcessRecord{36a9899 7269:android.process.acore/u0a29}
03-09 15:08:22.925  1629  5713 D ActivityManager: Raise procstate to external provider: ProcessRecord{36a9899 7269:android.process.acore/u0a29}
03-09 15:08:22.941  1629  2311 D ActivityManager: Raise procstate to external provider: ProcessRecord{36a9899 7269:android.process.acore/u0a29}
03-09 15:08:22.943  1629  3406 D ActivityManager: Raise procstate to external provider: ProcessRecord{36a9899 7269:android.process.acore/u0a29}
03-09 15:08:22.959  1629  5713 D ActivityManager: Raise procstate to external provider: ProcessRecord{36a9899 7269:android.process.acore/u0a29}
03-09 15:08:22.991  1629  5713 D ActivityManager: Raise procstate to external provider: ProcessRecord{36a9899 7269:android.process.acore/u0a29}
03-09 15:08:22.996  1629  3406 D ActivityManager: Raise procstate to external provider: ProcessRecord{36a9899 7269:android.process.acore/u0a29}
03-09 15:08:23.021  1629  6399 D ActivityManager: Raise procstate to external provider: ProcessRecord{36a9899 7269:android.process.acore/u0a29}
03-09 15:08:23.029  1629  3406 D ActivityManager: Raise procstate to external provider: ProcessRecord{36a9899 7269:android.process.acore/u0a29}
03-09 15:08:23.051  1629  3408 D ActivityManager: Raise procstate to external provider: ProcessRecord{36a9899 7269:android.process.acore/u0a29}
03-09 15:08:23.058  1629  1842 D Boost   : hostingType=broadcast, hostingName=com.google.android.dialer/com.google.android.libraries.internal.growth.growthkit.tiktok.GrowthKitBootCompletedListener_Receiver, callerPackage=null, isSystem=true, isBoostNeeded=false.
03-09 15:08:23.061  1629  1842 I ActivityManager: Start proc 7299:com.google.android.dialer/u0a54 for broadcast com.google.android.dialer/com.google.android.libraries.internal.growth.growthkit.tiktok.GrowthKitBootCompletedListener_Receiver caller=null
03-09 15:08:23.078  1629  6399 D ActivityManager: Raise procstate to external provider: ProcessRecord{36a9899 7269:android.process.acore/u0a29}
03-09 15:08:23.079  1629  6399 I chatty  : uid=1000(system) Binder:1629_18 identical 7 lines
03-09 15:08:23.079  1629  6399 D ActivityManager: Raise procstate to external provider: ProcessRecord{36a9899 7269:android.process.acore/u0a29}
03-09 15:08:23.086  1629  3408 D ActivityManager: Raise procstate to external provider: ProcessRecord{36a9899 7269:android.process.acore/u0a29}
03-09 15:08:23.090  1629  2055 D ActivityManager: Raise procstate to external provider: ProcessRecord{36a9899 7269:android.process.acore/u0a29}
03-09 15:08:23.806  1629  3408 D ConnectivityService: requestNetwork for uid/pid:10105/7247 NetworkRequest [ TRACK_DEFAULT id=38, [ Capabilities: INTERNET&NOT_RESTRICTED&TRUSTED Unwanted:  Uid: 10105] ]
03-09 15:08:24.217  1629  6444 D ConnectivityService: requestNetwork for uid/pid:10054/7299 NetworkRequest [ TRACK_DEFAULT id=40, [ Capabilities: INTERNET&NOT_RESTRICTED&TRUSTED Unwanted:  Uid: 10054] ]
03-09 15:08:24.344  1629  1842 D Boost   : hostingType=broadcast, hostingName=com.google.android.gm/.GoogleMailDeviceStartupReceiver, callerPackage=null, isSystem=true, isBoostNeeded=false.
03-09 15:08:24.346  1629  1842 I ActivityManager: Start proc 7365:com.google.android.gm/u0a121 for broadcast com.google.android.gm/.GoogleMailDeviceStartupReceiver caller=null
03-09 15:08:24.382  1629  1931 D ConnectivityService: releasing NetworkRequest [ TRACK_DEFAULT id=40, [ Capabilities: INTERNET&NOT_RESTRICTED&TRUSTED Unwanted:  Uid: 10054] ] (release request)
03-09 15:08:24.757  1629  2072 D ConnectivityService: requestNetwork for uid/pid:10054/7299 NetworkRequest [ TRACK_DEFAULT id=41, [ Capabilities: INTERNET&NOT_RESTRICTED&TRUSTED Unwanted:  Uid: 10054] ]
03-09 15:08:25.186  7365  7365 D ActivityThread: Loading provider com.google.android.gm.sapi: com.google.android.gm.sapi.SapiUiProvider
03-09 15:08:26.601  1629  1842 D Boost   : hostingType=content provider, hostingName=com.google.android.gsf/.settings.GoogleSettingsProvider, callerPackage=com.google.android.googlequicksearchbox, isSystem=true, isBoostNeeded=false.
03-09 15:08:26.604  1629  1842 I ActivityManager: Start proc 7487:com.google.process.gapps/u0a47 for content provider com.google.android.gsf/.settings.GoogleSettingsProvider caller=com.google.android.googlequicksearchbox
03-09 15:08:26.913  1629  2055 W ActivityManager: Unable to start service Intent { cmp=com.google.android.gm/com.android.email.service.AttachmentService } U=0: not found
03-09 15:08:27.964  1629  2055 D ConnectivityService: requestNetwork for uid/pid:10121/7365 NetworkRequest [ TRACK_DEFAULT id=43, [ Capabilities: INTERNET&NOT_RESTRICTED&TRUSTED Unwanted:  Uid: 10121] ]
03-09 15:08:28.418  6736  6791 D DeviceIdleController: set apps count: mTempWhitelistAppIds: 11, mTempNonWhitelistAppIds: 0
03-09 15:08:29.065  1629  1842 D Boost   : hostingType=service, hostingName=com.android.chrome/org.chromium.chrome.browser.customtabs.CustomTabsConnectionService, callerPackage=com.google.android.googlequicksearchbox, isSystem=true, isBoostNeeded=false.
03-09 15:08:29.067  1629  1842 I ActivityManager: Start proc 7612:com.android.chrome/u0a140 for service com.android.chrome/org.chromium.chrome.browser.customtabs.CustomTabsConnectionService caller=com.google.android.googlequicksearchbox
03-09 15:08:29.443  1629  1842 D Boost   : hostingType=broadcast, hostingName=com.google.android.music/androidx.work.impl.background.systemalarm.RescheduleReceiver, callerPackage=null, isSystem=true, isBoostNeeded=false.
03-09 15:08:29.445  1629  1842 I ActivityManager: Start proc 7642:com.google.android.music:main/u0a155 for broadcast com.google.android.music/androidx.work.impl.background.systemalarm.RescheduleReceiver caller=null
03-09 15:08:29.966  1629  1629 V SettingsProvider: Notifying for 0: content://settings/global/Phenotype_boot_count
03-09 15:08:30.394  1629  6399 D ConnectivityService: requestNetwork for uid/pid:10038/7183 NetworkRequest [ TRACK_DEFAULT id=45, [ Capabilities: INTERNET&NOT_RESTRICTED&TRUSTED Unwanted:  Uid: 10038] ]
03-09 15:08:30.472  1629  1842 D Boost   : hostingType=service, hostingName=com.android.vending/com.google.android.finsky.contentfilterui.ContentFiltersService, callerPackage=com.google.android.gms, isSystem=true, isBoostNeeded=false.
03-09 15:08:30.473  1629  1842 I ActivityManager: Start proc 7731:com.android.vending/u0a51 for service com.android.vending/com.google.android.finsky.contentfilterui.ContentFiltersService caller=com.google.android.gms
03-09 15:08:30.626  1629  1842 D Boost   : hostingType=service, hostingName=com.google.android.gms/.droidguard.DroidGuardService, callerPackage=com.google.android.gms, isSystem=true, isBoostNeeded=false.
03-09 15:08:30.628  1629  1842 I ActivityManager: Start proc 7758:com.google.android.gms.unstable/u0a47 for service com.google.android.gms/.droidguard.DroidGuardService caller=com.google.android.gms
03-09 15:08:30.684  1629  2055 D BackupTransportManager: Transport com.google.android.gms/.backup.BackupTransportService updated its attributes
03-09 15:08:30.981  1629  1842 D Boost   : hostingType=content provider, hostingName=com.android.providers.downloads/.DownloadProvider, callerPackage=com.google.android.gms, isSystem=true, isBoostNeeded=false.
03-09 15:08:30.987  1629  1842 I ActivityManager: Start proc 7804:android.process.media/u0a40 for content provider com.android.providers.downloads/.DownloadProvider caller=com.google.android.gms
03-09 15:08:31.148  1629  3409 D ConnectivityService: requestNetwork for uid/pid:10051/7731 NetworkRequest [ TRACK_DEFAULT id=47, [ Capabilities: INTERNET&NOT_RESTRICTED&TRUSTED Unwanted:  Uid: 10051] ]
03-09 15:08:31.931  1629  6399 D ConnectivityService: requestNetwork for uid/pid:10155/7642 NetworkRequest [ TRACK_DEFAULT id=49, [ Capabilities: INTERNET&NOT_RESTRICTED&TRUSTED Unwanted:  Uid: 10155] ]
03-09 15:08:32.483  1629  1842 D Boost   : hostingType=broadcast, hostingName=com.google.android.onetimeinitializer/.OneTimeInitializerReceiver, callerPackage=null, isSystem=true, isBoostNeeded=false.
03-09 15:08:32.502  1629  1842 I ActivityManager: Start proc 7961:com.google.android.onetimeinitializer/u0a79 for broadcast com.google.android.onetimeinitializer/.OneTimeInitializerReceiver caller=null
03-09 15:08:32.607  1629  1931 D ConnectivityService: releasing NetworkRequest [ TRACK_DEFAULT id=49, [ Capabilities: INTERNET&NOT_RESTRICTED&TRUSTED Unwanted:  Uid: 10155] ] (release request)
03-09 15:08:32.654  1629  6444 I ActivityManager: Killing 6611:com.google.android.apps.messaging:rcs/u0a161 (adj 906): empty #17
--------- beginning of main
03-09 15:08:33.073  2440  2590 V MmsSmsUtils: checkPrivateMsgWhiteList time is 0
03-09 15:08:33.121  7961  7961 V OneTimeInitializerReceiver: OneTimeInitializerReceiver.onReceive
03-09 15:08:33.149  3515  7594 I TelephonySpamInit: On boot completed TelephonySpam module initialized [CONTEXT service_id=150 ]
03-09 15:08:33.149  3515  7594 I TelephonySpamInit: onModuleUpdated TelephonySpam module initialized [CONTEXT service_id=150 ]
03-09 15:08:33.149  3515  7594 I SpamListSync: scheduleSyncTasks [CONTEXT service_id=150 ]
03-09 15:08:33.149  3515  7594 I SpamListSync: schedulePeriodicTask [CONTEXT service_id=150 ]
03-09 15:08:33.162  3515  7823 I BackupAndSyncValidation: Scheduling the service.
03-09 15:08:33.186  3515  7820 I SubscribedFeeds: Collected 5 certs in 4ms [CONTEXT service_id=250 ]
03-09 15:08:33.188  3515  7594 I SpamListSync: scheduleOneTimeTask [CONTEXT service_id=150 ]
03-09 15:08:33.193  1629  3419 I chatty  : uid=1000(system) Binder:1629_10 expire 33 lines
03-09 15:08:33.212  3515  7993 I LT_PhenotypeApiImplV12: Retrieve experiment configurations for: yurapykish@gmail.com
03-09 15:08:33.221  3515  3515 D BoundBrokerSvc: onBind: Intent { act=com.google.android.mdh.service.START cmp=com.google.android.gms/.chimera.GmsBoundBrokerService }
03-09 15:08:33.221  3515  3515 D BoundBrokerSvc: Loading bound service for intent: Intent { act=com.google.android.mdh.service.START cmp=com.google.android.gms/.chimera.GmsBoundBrokerService }
03-09 15:08:33.228  7961  8006 V OneTimeInitializer: OneTimeInitializer.initialize
03-09 15:08:33.242  3515  3515 D BoundBrokerSvc: onBind: Intent { act=com.google.android.mdh.service.listener.START cmp=com.google.android.gms/.chimera.GmsBoundBrokerService }
03-09 15:08:33.242  3515  3515 D BoundBrokerSvc: Loading bound service for intent: Intent { act=com.google.android.mdh.service.listener.START cmp=com.google.android.gms/.chimera.GmsBoundBrokerService }
03-09 15:08:33.247  3515  7823 I PeopleInitIntentOp: Not initializing debuggability [CONTEXT service_id=5 ]
03-09 15:08:33.252  1629  3419 W BluetoothManagerService: bindBluetoothProfileService:Trying to bind to profile: 1, while Bluetooth is disabled
03-09 15:08:33.259  7961  8006 V OneTimeInitializer: Already run, doing nothing.
03-09 15:08:33.274  2440  2590 V MmsSmsUtils: checkPrivateMsgWhiteList time is 0
03-09 15:08:33.274  1629  3419 I ActivityManager: Killing 6803:com.android.camera/u0a70 (adj 906): empty #17
03-09 15:08:33.287  2561  2571 I .gms.persisten: Background concurrent copying GC freed 174003(8MB) AllocSpace objects, 71(3MB) LOS objects, 50% free, 13MB/27MB, paused 274us total 235.895ms
03-09 15:08:33.296  3515  3515 I LT_PhenotypeApiImplV12: Phenotype registration succeeded
03-09 15:08:33.311  1629  1842 D Boost   : hostingType=broadcast, hostingName=com.google.android.packageinstaller/com.android.packageinstaller.TemporaryFileManager, callerPackage=null, isSystem=true, isBoostNeeded=false.
03-09 15:08:33.312  1629  1842 I ActivityManager: Start proc 8013:com.google.android.packageinstaller/u0a48 for broadcast com.google.android.packageinstaller/com.android.packageinstaller.TemporaryFileManager caller=null
03-09 15:08:33.334  8013  8013 E ackageinstalle: Not starting debugger since process cannot load the jdwp agent.
03-09 15:08:33.336   527   527 I Zygote  : Process 6803 exited due to signal (9)
03-09 15:08:33.344  3515  7996 I Vision  : Supported ABIS: [arm64-v8a, armeabi-v7a, armeabi]
03-09 15:08:33.372  3515  3515 D LT_DatabaseUriMonitor: delivering: content://com.google.android.libraries.messaging.lighter.internal.data/notifications/REGISTRATION/1/NOTIFICATION_PATH
03-09 15:08:33.375  3515  3515 D LT_DatabaseUriMonitor: delivering: content://com.google.android.libraries.messaging.lighter.internal.data/conversations/REGISTRATION/1/CONVERSATION_LIST_PATH
03-09 15:08:33.410  3515  7713 I ActivityThread: com.google.android.gms.phenotype acquiringCount 2
03-09 15:08:33.438  2561  7954 I MagicTether: [WifiSyncService] Disabled for all users, stopping service.
03-09 15:08:33.444  3515  7597 I Checkin : [CheckinOperation] Starting Checkin: Default Task Reason : 5 Force : false UserId : 0 Start time : 133303
03-09 15:08:33.444  1629  6399 I chatty  : uid=1000(system) Binder:1629_18 expire 12 lines
03-09 15:08:33.450  2561  2561 I rcs     : [RcsBindingManager] Checking if we should rebind to previous service. Attempt 0
03-09 15:08:33.450  2561  2561 I rcs     : [RcsBindingManager] No valid settings for binding.
03-09 15:08:33.457  2561  2561 D BoundBrokerSvc: onBind: Intent { act=com.google.android.gms.nearby.sharing.START_SERVICE cmp=com.google.android.gms/.chimera.PersistentApiService }
03-09 15:08:33.457  2561  2561 D BoundBrokerSvc: Loading bound service for intent: Intent { act=com.google.android.gms.nearby.sharing.START_SERVICE cmp=com.google.android.gms/.chimera.PersistentApiService }
03-09 15:08:33.461  3515  7995 I Wear_Controller: Wearable module requires a companion app to be installed.
03-09 15:08:33.462  3515  7995 I Wear_Controller: onStartup - Wear is not available on this device.
03-09 15:08:33.474  3515  3515 D BoundBrokerSvc: onUnbind: Intent { act=com.google.android.gms.common.BIND_SHARED_PREFS pkg=com.google.android.gms }
03-09 15:08:33.478  3515  3515 D BoundBrokerSvc: onBind: Intent { act=com.google.android.gms.common.BIND_SHARED_PREFS pkg=com.google.android.gms }
03-09 15:08:33.478  3515  3515 D BoundBrokerSvc: Loading bound service for intent: Intent { act=com.google.android.gms.common.BIND_SHARED_PREFS pkg=com.google.android.gms }
03-09 15:08:33.479  2561  7967 W NearbyDiscovery: FastPairScanner2: No bluetooth adapter available to start scanning in LOW_LATENCY_SCANNING [CONTEXT service_id=49 ]
03-09 15:08:33.481  3515  7597 I CheckinUtil: Classify the device as Phone. [CONTEXT service_id=130 ]
03-09 15:08:33.495  2561  2561 I NearbySharing: NearbySharingService created [CONTEXT service_id=194 ]
03-09 15:08:33.529  1629  1842 D Boost   : hostingType=service, hostingName=com.google.android.gms/.chimera.UiIntentOperationService, callerPackage=com.google.android.gms, isSystem=true, isBoostNeeded=false.
03-09 15:08:33.531  8043  8043 E .android.gms.u: Not starting debugger since process cannot load the jdwp agent.
03-09 15:08:33.535  1629  1842 I ActivityManager: Start proc 8043:com.google.android.gms.ui/u0a47 for service com.google.android.gms/.chimera.UiIntentOperationService caller=com.google.android.gms
03-09 15:08:33.593  7183  8035 I DynamiteModule: Considering local module com.google.android.gms.measurement.dynamite:46 and remote module com.google.android.gms.measurement.dynamite:45
03-09 15:08:33.593  7183  8035 I DynamiteModule: Selected local version of com.google.android.gms.measurement.dynamite
03-09 15:08:33.622  2440  2711 V MmsSmsUtils: checkPrivateMsgWhiteList time is 0
03-09 15:08:33.658  8043  8043 I .android.gms.u: The ClassLoaderContext is a special shared library.
03-09 15:08:33.659  8043  8043 I chatty  : uid=10047(com.google.android.gms) identical 13 lines
03-09 15:08:33.699  1629  3408 I chatty  : uid=1000(system) Binder:1629_C expire 62 lines
03-09 15:08:33.717  2561  7991 I chatty  : uid=10047(com.google.android.gms) NearbyDiscovery expire 2 lines
03-09 15:08:33.721  7183  7950 I cr_LibraryLoader: Loaded native library version number "89.0.4389.86"
03-09 15:08:33.731  7183  7950 I cr_CachingUmaRecorder: Flushed 4 samples from 4 histograms.
03-09 15:08:33.746  7183  7950 W ThreadPoolDumper: Task com.google.android.apps.gsa.staticplugins.ak.n@2523795 was queued for 1511ms before starting on executor Cookies thread
03-09 15:08:33.785  2440  2590 V MmsSmsUtils: checkPrivateMsgWhiteList time is 0
03-09 15:08:33.790  8013  8013 I Perf    : Connecting to perf service.
03-09 15:08:33.849  7183  7462 I NotificationFullFlow: Step 8: NotificationFilterImpl:onEntryChange
03-09 15:08:33.853   812   929 I statsd  : ConfigManager This is a duplicate config (10047 175713051)
03-09 15:08:33.889  1629  3408 I ActivityManager: Killing 6923:com.miui.msa.global/u0a143 (adj 906): empty #17
03-09 15:08:33.908  2561  2863 I chatty  : uid=10047(com.google.android.gms) GoogleApiHandle expire 1 line
03-09 15:08:33.921  1629  1842 D Boost   : hostingType=broadcast, hostingName=com.google.android.partnersetup/.GooglePartnerSetup, callerPackage=null, isSystem=true, isBoostNeeded=false.
03-09 15:08:33.924  1629  1842 I ActivityManager: Start proc 8093:com.google.android.partnersetup/u0a71 for broadcast com.google.android.partnersetup/.GooglePartnerSetup caller=null
03-09 15:08:33.933  8093  8093 E id.partnersetu: Not starting debugger since process cannot load the jdwp agent.
03-09 15:08:33.941  2561  3452 I chatty  : uid=10047(com.google.android.gms) highpool[1] expire 26 lines
03-09 15:08:33.952  7142  7169 W .apps.wellbein: Unknown chunk type '200'.
03-09 15:08:33.962  1629  4475 I chatty  : uid=1000(system) Binder:1629_14 expire 12 lines
03-09 15:08:33.971  2561  3452 I NearbySharing: Stopping discovery because the screen is locked. [CONTEXT service_id=194 ]
03-09 15:08:33.971  2561  3452 I NearbySharing: Can't stop advertising FastInitiation. Not advertising. [CONTEXT service_id=194 ]
03-09 15:08:33.971  2561  3452 I NearbySharing: Stopping Fast Init advertisement because Bluetooth is off. [CONTEXT service_id=194 ]
03-09 15:08:33.971  2561  3452 I NearbySharing: Failed to stop advertising because we weren't advertising. [CONTEXT service_id=194 ]
03-09 15:08:33.971  2561  3452 I NearbySharing: Stopping advertising because the screen is locked. [CONTEXT service_id=194 ]
03-09 15:08:33.971  2561  3452 I NearbySharing: Stopping Fast Init because the screen is locked. [CONTEXT service_id=194 ]
03-09 15:08:33.971  2561  3452 I NearbySharing: Can't stop scanning for FastInitiation. Not scanning. [CONTEXT service_id=194 ]
03-09 15:08:33.973  2561  3452 I NearbySharing: Fast Initiation Scanning has stopped [CONTEXT service_id=194 ]
03-09 15:08:33.974  2561  3452 I NearbySharing: A ReceiveSurface(BACKGROUND) has been registered [CONTEXT service_id=194 ]
03-09 15:08:33.974  2561  3452 I NearbySharing: Failed to stop advertising because we weren't advertising. [CONTEXT service_id=194 ]
03-09 15:08:33.974  2561  3452 I NearbySharing: Stopping advertising because the screen is locked. [CONTEXT service_id=194 ]
03-09 15:08:33.974  2561  3452 I NearbySharing: Stopping Fast Init because the screen is locked. [CONTEXT service_id=194 ]
03-09 15:08:33.974  2561  3452 I NearbySharing: Can't stop scanning for FastInitiation. Not scanning. [CONTEXT service_id=194 ]
03-09 15:08:33.975  2561  3452 I NearbySharing: Fast Initiation Scanning has stopped [CONTEXT service_id=194 ]
03-09 15:08:33.976  2561  3452 I NearbySharing: Broadcasting NearbySharing state change. [CONTEXT service_id=194 ]
03-09 15:08:33.977  2561  3452 W NearbySharing: Cannot get discovered share targets on DisabledNearbySharingProvider. [CONTEXT service_id=194 ]
03-09 15:08:33.977  2561  3452 I NearbySharing: A SendSurface(BACKGROUND) has been registered [CONTEXT service_id=194 ]
03-09 15:08:33.977  2561  3452 I NearbySharing: Failed to stop scanning because weren't scanning. [CONTEXT service_id=194 ]
03-09 15:08:33.977  2561  3452 I NearbySharing: Stopping discovery because the screen is locked. [CONTEXT service_id=194 ]
03-09 15:08:33.977  2561  3452 I NearbySharing: Can't stop advertising FastInitiation. Not advertising. [CONTEXT service_id=194 ]
03-09 15:08:33.977  2561  3452 I NearbySharing: Stopping Fast Init advertisement because Bluetooth is off. [CONTEXT service_id=194 ]
03-09 15:08:33.983  2561  3452 I NearbySharing: Broadcasting NearbySharing state change. [CONTEXT service_id=194 ]
03-09 15:08:34.003  2561  2561 I .gms.persisten: Rejecting re-init on previously-failed class java.lang.Class<ague>: java.lang.NoClassDefFoundError: Failed resolution of: Landroid/net/ConnectivityManager$OnTetheringEntitlementResultListener;
03-09 15:08:34.004  2561  2561 I .gms.persisten:   at agta agsy.a(android.content.Context) (:com.google.android.gms@210214028@21.02.14 (100400-352619232):1)
03-09 15:08:34.004  2561  2561 I .gms.persisten:   at void agsl.<init>(android.content.Context) (:com.google.android.gms@210214028@21.02.14 (100400-352619232):0)
03-09 15:08:34.004  2561  2561 I .gms.persisten:   at agsl agsl.a(android.content.Context) (:com.google.android.gms@210214028@21.02.14 (100400-352619232):5)
03-09 15:08:34.004  2561  2561 I .gms.persisten:   at void com.google.android.gms.magictether.host.TetherListenerChimeraService.b(android.content.Context, boolean) (:com.google.android.gms@210214028@21.02.14 (100400-352619232):4)
03-09 15:08:34.004  2561  2561 I .gms.persisten:   at void com.google.android.gms.magictether.host.TetherListenerChimeraService.onDestroy() (:com.google.android.gms@210214028@21.02.14 (100400-352619232):2)
03-09 15:08:34.004  2561  2561 I .gms.persisten:   at void rdi.onDestroy() (:com.google.android.gms@210214028@21.02.14 (100400-352619232):3)
03-09 15:08:34.004  2561  2561 I .gms.persisten:   at void android.app.ActivityThread.handleStopService(android.os.IBinder) (ActivityThread.java:3771)
03-09 15:08:34.004  2561  2561 I .gms.persisten:   at void android.app.ActivityThread.access$1800(android.app.ActivityThread, android.os.IBinder) (ActivityThread.java:201)
03-09 15:08:34.004  2561  2561 I .gms.persisten:   at void android.app.ActivityThread$H.handleMessage(android.os.Message) (ActivityThread.java:1716)
03-09 15:08:34.004  2561  2561 I .gms.persisten:   at void android.os.Handler.dispatchMessage(android.os.Message) (Handler.java:106)
03-09 15:08:34.004  2561  2561 I .gms.persisten:   at void android.os.Looper.loop() (Looper.java:201)
03-09 15:08:34.004  2561  2561 I .gms.persisten:   at void android.app.ActivityThread.main(java.lang.String[]) (ActivityThread.java:6864)
03-09 15:08:34.004  2561  2561 I .gms.persisten:   at java.lang.Object java.lang.reflect.Method.invoke(java.lang.Object, java.lang.Object[]) (Method.java:-2)
03-09 15:08:34.004  2561  2561 I .gms.persisten:   at void com.android.internal.os.RuntimeInit$MethodAndArgsCaller.run() (RuntimeInit.java:547)
03-09 15:08:34.004  2561  2561 I .gms.persisten:   at void com.android.internal.os.ZygoteInit.main(java.lang.String[]) (ZygoteInit.java:873)
03-09 15:08:34.004  2561  2561 I .gms.persisten: Caused by: java.lang.ClassNotFoundException: Didn't find class "android.net.ConnectivityManager$OnTetheringEntitlementResultListener" on path: DexPathList[[zip file "/system/framework/org.apache.http.legacy.boot.jar", zip file "/system/framework/com.android.media.remotedisplay.jar", zip file "/system/framework/com.android.location.provider.jar", zip file "/data/app/com.google.android.gms-lhEj7a0vkSLvWYRzEQ2OiQ==/base.apk"],nativeLibraryDirectories=[/data/app/com.google.android.gms-lhEj7a0vkSLvWYRzEQ2OiQ==/lib/arm64, /data/app/com.google.android.gms-lhEj7a0vkSLvWYRzEQ2OiQ==/base.apk!/lib/arm64-v8a, /system/lib64, /system/product/lib64]]
03-09 15:08:34.004  2561  2561 I .gms.persisten:   at java.lang.Class dalvik.system.BaseDexClassLoader.findClass(java.lang.String) (BaseDexClassLoader.java:171)
03-09 15:08:34.004  2561  2561 I .gms.persisten:   at java.lang.Class java.lang.ClassLoader.loadClass(java.lang.String, boolean) (ClassLoader.java:379)
03-09 15:08:34.004  2561  2561 I .gms.persisten:   at java.lang.Class java.lang.ClassLoader.loadClass(java.lang.String) (ClassLoader.java:312)
03-09 15:08:34.004  2561  2561 I .gms.persisten:   at agta agsy.a(android.content.Context) (:com.google.android.gms@210214028@21.02.14 (100400-352619232):1)
03-09 15:08:34.004  2561  2561 I .gms.persisten:   at void agsl.<init>(android.content.Context) (:com.google.android.gms@210214028@21.02.14 (100400-352619232):0)
03-09 15:08:34.004  2561  2561 I .gms.persisten:   at agsl agsl.a(android.content.Context) (:com.google.android.gms@210214028@21.02.14 (100400-352619232):5)
03-09 15:08:34.004  2561  2561 I .gms.persisten:   at void com.google.android.gms.magictether.host.TetherListenerChimeraService.b(android.content.Context, boolean) (:com.google.android.gms@210214028@21.02.14 (100400-352619232):4)
03-09 15:08:34.004  2561  2561 I .gms.persisten:   at void com.google.android.gms.magictether.host.TetherListenerChimeraService.onDestroy() (:com.google.android.gms@210214028@21.02.14 (100400-352619232):2)
03-09 15:08:34.004  2561  2561 I .gms.persisten:   at void rdi.onDestroy() (:com.google.android.gms@210214028@21.02.14 (100400-352619232):3)
03-09 15:08:34.004  2561  2561 I .gms.persisten:   at void android.app.ActivityThread.handleStopService(android.os.IBinder) (ActivityThread.java:3771)
03-09 15:08:34.004  2561  2561 I .gms.persisten:   at void android.app.ActivityThread.access$1800(android.app.ActivityThread, android.os.IBinder) (ActivityThread.java:201)
03-09 15:08:34.004  2561  2561 I .gms.persisten:   at void android.app.ActivityThread$H.handleMessage(android.os.Message) (ActivityThread.java:1716)
03-09 15:08:34.004  2561  2561 I .gms.persisten:   at void android.os.Handler.dispatchMessage(android.os.Message) (Handler.java:106)
03-09 15:08:34.004  2561  2561 I .gms.persisten:   at void android.os.Looper.loop() (Looper.java:201)
03-09 15:08:34.004  2561  2561 I .gms.persisten:   at void android.app.ActivityThread.main(java.lang.String[]) (ActivityThread.java:6864)
03-09 15:08:34.004  2561  2561 I .gms.persisten:   at java.lang.Object java.lang.reflect.Method.invoke(java.lang.Object, java.lang.Object[]) (Method.java:-2)
03-09 15:08:34.004  2561  2561 I .gms.persisten:   at void com.android.internal.os.RuntimeInit$MethodAndArgsCaller.run() (RuntimeInit.java:547)
03-09 15:08:34.004  2561  2561 I .gms.persisten:   at void com.android.internal.os.ZygoteInit.main(java.lang.String[]) (ZygoteInit.java:873)
03-09 15:08:34.004  2561  2561 I .gms.persisten: 
03-09 15:08:34.004  2561  2561 I .gms.persisten: Rejecting re-init on previously-failed class java.lang.Class<ague>: java.lang.NoClassDefFoundError: Failed resolution of: Landroid/net/ConnectivityManager$OnTetheringEntitlementResultListener;
03-09 15:08:34.004  2561  2561 I .gms.persisten:   at agta agsy.a(android.content.Context) (:com.google.android.gms@210214028@21.02.14 (100400-352619232):1)
03-09 15:08:34.004  2561  2561 I .gms.persisten:   at void agsl.<init>(android.content.Context) (:com.google.android.gms@210214028@21.02.14 (100400-352619232):0)
03-09 15:08:34.004  2561  2561 I .gms.persisten:   at agsl agsl.a(android.content.Context) (:com.google.android.gms@210214028@21.02.14 (100400-352619232):5)
03-09 15:08:34.004  2561  2561 I .gms.persisten:   at void com.google.android.gms.magictether.host.TetherListenerChimeraService.b(android.content.Context, boolean) (:com.google.android.gms@210214028@21.02.14 (100400-352619232):4)
03-09 15:08:34.004  2561  2561 I .gms.persisten:   at void com.google.android.gms.magictether.host.TetherListenerChimeraService.onDestroy() (:com.google.android.gms@210214028@21.02.14 (100400-352619232):2)
03-09 15:08:34.004  2561  2561 I .gms.persisten:   at void rdi.onDestroy() (:com.google.android.gms@210214028@21.02.14 (100400-352619232):3)
03-09 15:08:34.004  2561  2561 I .gms.persisten:   at void android.app.ActivityThread.handleStopService(android.os.IBinder) (ActivityThread.java:3771)
03-09 15:08:34.004  2561  2561 I .gms.persisten:   at void android.app.ActivityThread.access$1800(android.app.ActivityThread, android.os.IBinder) (ActivityThread.java:201)
03-09 15:08:34.004  2561  2561 I .gms.persisten:   at void android.app.ActivityThread$H.handleMessage(android.os.Message) (ActivityThread.java:1716)
03-09 15:08:34.004  2561  2561 I .gms.persisten:   at void android.os.Handler.dispatchMessage(android.os.Message) (Handler.java:106)
03-09 15:08:34.004  2561  2561 I .gms.persisten:   at void android.os.Looper.loop() (Looper.java:201)
03-09 15:08:34.004  2561  2561 I .gms.persisten:   at void android.app.ActivityThread.main(java.lang.String[]) (ActivityThread.java:6864)
03-09 15:08:34.004  2561  2561 I .gms.persisten:   at java.lang.Object java.lang.reflect.Method.invoke(java.lang.Object, java.lang.Object[]) (Method.java:-2)
03-09 15:08:34.004  2561  2561 I .gms.persisten:   at void com.android.internal.os.RuntimeInit$MethodAndArgsCaller.run() (RuntimeInit.java:547)
03-09 15:08:34.004  2561  2561 I .gms.persisten:   at void com.android.internal.os.ZygoteInit.main(java.lang.String[]) (ZygoteInit.java:873)
03-09 15:08:34.004  2561  2561 I .gms.persisten: Caused by: java.lang.ClassNotFoundException: Didn't find class "android.net.ConnectivityManager$OnTetheringEntitlementResultListener" on path: DexPathList[[zip file "/system/framework/org.apache.http.legacy.boot.jar", zip file "/system/framework/com.android.media.remotedisplay.jar", zip file "/system/framework/com.android.location.provider.jar", zip file "/data/app/com.google.android.gms-lhEj7a0vkSLvWYRzEQ2OiQ==/base.apk"],nativeLibraryDirectories=[/data/app/com.google.android.gms-lhEj7a0vkSLvWYRzEQ2OiQ==/lib/arm64, /data/app/com.google.android.gms-lhEj7a0vkSLvWYRzEQ2OiQ==/base.apk!/lib/arm64-v8a, /system/lib64, /system/product/lib64]]
03-09 15:08:34.004  2561  2561 I .gms.persisten:   at java.lang.Class dalvik.system.BaseDexClassLoader.findClass(java.lang.String) (BaseDexClassLoader.java:171)
03-09 15:08:34.004  2561  2561 I .gms.persisten:   at java.lang.Class java.lang.ClassLoader.loadClass(java.lang.String, boolean) (ClassLoader.java:379)
03-09 15:08:34.004  2561  2561 I .gms.persisten:   at java.lang.Class java.lang.ClassLoader.loadClass(java.lang.String) (ClassLoader.java:312)
03-09 15:08:34.004  2561  2561 I .gms.persisten:   at agta agsy.a(android.content.Context) (:com.google.android.gms@210214028@21.02.14 (100400-352619232):1)
03-09 15:08:34.004  2561  2561 I .gms.persisten:   at void agsl.<init>(android.content.Context) (:com.google.android.gms@210214028@21.02.14 (100400-352619232):0)
03-09 15:08:34.004  2561  2561 I .gms.persisten:   at agsl agsl.a(android.content.Context) (:com.google.android.gms@210214028@21.02.14 (100400-352619232):5)
03-09 15:08:34.004  2561  2561 I .gms.persisten:   at void com.google.android.gms.magictether.host.TetherListenerChimeraService.b(android.content.Context, boolean) (:com.google.android.gms@210214028@21.02.14 (100400-352619232):4)
03-09 15:08:34.004  2561  2561 I .gms.persisten:   at void com.google.android.gms.magictether.host.TetherListenerChimeraService.onDestroy() (:com.google.android.gms@210214028@21.02.14 (100400-352619232):2)
03-09 15:08:34.004  2561  2561 I .gms.persisten:   at void rdi.onDestroy() (:com.google.android.gms@210214028@21.02.14 (100400-352619232):3)
03-09 15:08:34.004  2561  2561 I .gms.persisten:   at void android.app.ActivityThread.handleStopService(android.os.IBinder) (ActivityThread.java:3771)
03-09 15:08:34.004  2561  2561 I .gms.persisten:   at void android.app.ActivityThread.access$1800(android.app.ActivityThread, android.os.IBinder) (ActivityThread.java:201)
03-09 15:08:34.004  2561  2561 I .gms.persisten:   at void android.app.ActivityThread$H.handleMessage(android.os.Message) (ActivityThread.java:1716)
03-09 15:08:34.004  2561  2561 I .gms.persisten:   at void android.os.Handler.dispatchMessage(android.os.Message) (Handler.java:106)
03-09 15:08:34.004  2561  2561 I .gms.persisten:   at void android.os.Looper.loop() (Looper.java:201)
03-09 15:08:34.004  2561  2561 I .gms.persisten:   at void android.app.ActivityThread.main(java.lang.String[]) (ActivityThread.java:6864)
03-09 15:08:34.004  2561  2561 I .gms.persisten:   at java.lang.Object java.lang.reflect.Method.invoke(java.lang.Object, java.lang.Object[]) (Method.java:-2)
03-09 15:08:34.004  2561  2561 I .gms.persisten:   at void com.android.internal.os.RuntimeInit$MethodAndArgsCaller.run() (RuntimeInit.java:547)
03-09 15:08:34.004  2561  2561 I .gms.persisten:   at void com.android.internal.os.ZygoteInit.main(java.lang.String[]) (ZygoteInit.java:873)
03-09 15:08:34.004  2561  2561 I .gms.persisten: 
03-09 15:08:34.017  7731  7910 I Finsky  : [543] oad.e(1): getDownloads()
03-09 15:08:34.017  3515  4041 W Conscrypt: Could not set socket write timeout: java.net.SocketException: Socket closed
03-09 15:08:34.017  3515  4041 W Conscrypt: 	at com.google.android.gms.org.conscrypt.Platform.setSocketWriteTimeout(:com.google.android.gms@210214028@21.02.14 (100400-352619232):2)
03-09 15:08:34.017  3515  4041 W Conscrypt: 	at com.google.android.gms.org.conscrypt.ConscryptFileDescriptorSocket.setSoWriteTimeout(:com.google.android.gms@210214028@21.02.14 (100400-352619232):0)
03-09 15:08:34.030  1629  5713 I chatty  : uid=1000(system) Binder:1629_16 expire 22 lines
03-09 15:08:34.054  8043  8043 I bhmf    : Primes not initialized, returning default (no-op) Primes instance which will ignore all calls. Please call Primes.initialize(...) before using any Primes API.
03-09 15:08:34.065  2561  3544 I ExposureNotification: User turn off scanning. [CONTEXT service_id=236 ]
03-09 15:08:34.066  8043  8117 I GMS_MM_Logger: Started.
03-09 15:08:34.069  2561  3544 I ExposureNotification: Not scanning! [CONTEXT service_id=236 ]
03-09 15:08:34.071  2561  3544 W ExposureNotification: stopTracing called but Scanner failed to stop! [CONTEXT service_id=236 ]
03-09 15:08:34.072  2561  3544 I ExposureNotification: No active clients [CONTEXT service_id=236 ]
03-09 15:08:34.077  2561  2561 I MagicTether: [AutoDisconnectIntentOperation] Canceling task.
03-09 15:08:34.089  2561  2561 D BoundBrokerSvc: onBind: Intent { act=com.google.android.gms.facs.cache.service.START cmp=com.google.android.gms/.chimera.PersistentApiService }
03-09 15:08:34.089  2561  2561 D BoundBrokerSvc: Loading bound service for intent: Intent { act=com.google.android.gms.facs.cache.service.START cmp=com.google.android.gms/.chimera.PersistentApiService }
03-09 15:08:34.100  4678  4678 I chatty  : uid=1000(system) com.miui.securitycenter.remote expire 17 lines
03-09 15:08:34.106  1629  1842 D Boost   : hostingType=service, hostingName=com.android.vending/com.google.android.finsky.ipcservers.downloadservice.DownloadServiceGrpcServerAndroidService, callerPackage=com.android.vending, isSystem=true, isBoostNeeded=false.
03-09 15:08:34.109  1629  1842 I ActivityManager: Start proc 8125:com.android.vending:download_service/u0a51 for service com.android.vending/com.google.android.finsky.ipcservers.downloadservice.DownloadServiceGrpcServerAndroidService caller=com.android.vending
03-09 15:08:34.110  2561  7894 I GCoreUlr: WorldUpdater received intent Intent { act=com.google.android.location.reporting.ACTION_UPDATE_WORLD cmp=com.google.android.gms/com.google.android.location.reporting.service.DispatchingService (has extras) } with receiverAction init
03-09 15:08:34.119  8125  8125 E ownload_servic: Not starting debugger since process cannot load the jdwp agent.
03-09 15:08:34.144  2561  2561 I BeaconBle: Using BLE 'L' hardware layer [CONTEXT service_id=111 ]
03-09 15:08:34.161  3293  3308 W PushService: [Tid:151] get region from system, region = UA
03-09 15:08:34.168  2561  2561 W Nearby  : Bind call too late - someone already tried to get: interface caxu [CONTEXT service_id=49 ]
03-09 15:08:34.178  2561  2561 I ExposureNotification: ENInternalService.onDestroy, com.google.android.gms.nearby.exposurenotification.service.ExposureNotificationInternalChimeraService@d05c85b [CONTEXT service_id=236 ]
03-09 15:08:34.180  2561  7596 I MagicTether: [AutoDisconnectIntentOperation] Canceling task.
03-09 15:08:34.189  2561  2863 I FacsCacheGmsModule: Receiving API connection to FACS API from package 'com.google.android.gms'...
03-09 15:08:34.190  7183  7396 W SearchServiceCore: Abort, client detached.
03-09 15:08:34.190  2561  2863 I FacsCacheGmsModule: API connection successful!
03-09 15:08:34.190  7183  7396 W SearchServiceCore: Abort, client detached.
03-09 15:08:34.191  2561  2863 I FacsCacheGmsModule: Received 'getActivityControlsSettings' request from package 'com.google.android.gms', instance id 'gmscoreinmemoryfacscache_nearby_sharing', version '1'...
03-09 15:08:34.191  7183  7396 W SearchServiceCore: Abort, client detached.
03-09 15:08:34.193  2561  8075 I FacsCacheGmsModule: Executing operation 'GetActivityControlsSettingsOperation'...
03-09 15:08:34.195  2561  2863 I FacsCacheGmsModule: Operation 'getActivityControlsSettings' dispatched!
03-09 15:08:34.202  2561  8057 I NearbyMessages: OfflineCache: old scanner cache is not enabled [CONTEXT service_id=62 ]
03-09 15:08:34.203  6403  6448 I Bugle   : SyncMessageBatch: synchronizing. smsToAdd{size:7}
03-09 15:08:34.214  8093  8093 I id.partnersetu: The ClassLoaderContext is a special shared library.
03-09 15:08:34.216  2561  8075 I FacsCacheGmsModule: Operation 'GetActivityControlsSettingsOperation' successful!
03-09 15:08:34.223  1629  4388 D ConnectivityService: ConnectivityService NetworkRequestInfo binderDied(NetworkRequest [ LISTEN id=35, [ Capabilities: NOT_RESTRICTED&TRUSTED&NOT_VPN Unwanted:  Uid: 10143] ], android.os.BinderProxy@941ee3e)
03-09 15:08:34.225   527   527 I Zygote  : Process 6923 exited due to signal (9)
03-09 15:08:34.259  7183  7219 W A       : reportError [type: 1323, code: 917507, bug: 119055758]: java.lang.Throwable: Current Time: 1615295314, Next Alarm Time: 0
03-09 15:08:34.259  7183  7396 W SearchServiceCore: Abort, client detached.
03-09 15:08:34.260  7183  7396 W SearchServiceCore: Abort, client detached.
03-09 15:08:34.263  2440  2590 V MmsSmsUtils: checkPrivateMsgWhiteList time is 0
03-09 15:08:34.291  2561  7991 I NearbyDiscovery: FastPairHandler: Received action android.net.wifi.STATE_CHANGE [CONTEXT service_id=49 ]
03-09 15:08:34.291  2561  7991 I ActivityThread: com.google.android.gsf.gservices acquiringCount 2
03-09 15:08:34.296  2561  8057 I ActivityThread: com.google.android.gsf.gservices acquiringCount 3
03-09 15:08:34.303  2561  7991 I NearbyDiscovery: FastPairHandler: Received action android.net.conn.CONNECTIVITY_CHANGE [CONTEXT service_id=49 ]
03-09 15:08:34.310  8125  8125 I ownload_servic: The ClassLoaderContext is a special shared library.
03-09 15:08:34.339  2561  2561 D BoundBrokerSvc: onBind: Intent { act=com.google.android.gms.pseudonymous.service.START cmp=com.google.android.gms/.chimera.PersistentApiService }
03-09 15:08:34.339  2561  2561 D BoundBrokerSvc: Loading bound service for intent: Intent { act=com.google.android.gms.pseudonymous.service.START cmp=com.google.android.gms/.chimera.PersistentApiService }
03-09 15:08:34.354  3515  7597 I DpmTcmClient: RegisterTcmMonitor from: $Proxy0
03-09 15:08:34.363  2561  2863 I BeaconBle: Client requested scan, settings=BleSettings [scanMode=LOW_LATENCY, callbackType=ALL_MATCHES, reportDelayMillis=0, 5 filters, 1 clients, callingClientName=Nearby] [CONTEXT service_id=111 ]
03-09 15:08:34.363  2561  2863 I ActivityThread: com.google.android.gsf.gservices acquiringCount 2
03-09 15:08:34.368  2561  8057 I NearbyMessages: ReportRpcManager:  Skipping some call, returning cached messages for beacon IDs and URLs: {} [CONTEXT service_id=62 ]
03-09 15:08:34.370  8125  8125 I ownload_servic: Waiting for a blocking GC AddRemoveAppImageSpace
03-09 15:08:34.376  8125  8125 W ownload_servic: miui_dex2oat: oat file of /data/app/com.android.vending-cAasYB-S85j6KK0eTATx5g==/split_config.arm64_v8a.apk is not exists
03-09 15:08:34.377  8125  8125 W ownload_servic: miui_dex2oat: oat file of /data/app/com.android.vending-cAasYB-S85j6KK0eTATx5g==/split_config.en.apk is not exists
03-09 15:08:34.382  8125  8125 W ownload_servic: JIT profile information will not be recorded: profile file does not exits.
03-09 15:08:34.391  1629  6444 D BluetoothManagerService: Registered for death of com.google.android.gms
03-09 15:08:34.391  1629  6444 D BluetoothManagerService: 1 registered Ble Apps
03-09 15:08:34.383  8125  8125 W ownload_servic: JIT profile information will not be recorded: profile file does not exits.
03-09 15:08:34.391  2561  2863 D BluetoothAdapter: isLeEnabled(): OFF
03-09 15:08:34.391  2561  2863 D BluetoothAdapter: enableBLE(): Calling enable
03-09 15:08:34.396  3515  7597 W Conscrypt: Could not set socket write timeout: java.net.SocketException: Socket closed
03-09 15:08:34.397  3515  7597 W Conscrypt: 	at com.google.android.gms.org.conscrypt.Platform.setSocketWriteTimeout(:com.google.android.gms@210214028@21.02.14 (100400-352619232):2)
03-09 15:08:34.397  3515  7597 W Conscrypt: 	at com.google.android.gms.org.conscrypt.ConscryptFileDescriptorSocket.setSoWriteTimeout(:com.google.android.gms@210214028@21.02.14 (100400-352619232):0)
03-09 15:08:34.405  1629  5251 D BluetoothManagerService: enable(com.google.android.gms):  mBluetooth =null mBinding = false mState = OFF
03-09 15:08:34.405  1629  5251 D BluetoothManagerService: GMS enable ble
03-09 15:08:34.406  1629  5251 D BluetoothManagerService: enable returning
03-09 15:08:34.407  1629  1848 D BluetoothManagerService: MESSAGE_ENABLE(0): mBluetooth = null
03-09 15:08:34.411  8125  8125 I Perf    : Connecting to perf service.
03-09 15:08:34.430  2561  2863 I BeaconBle: 'L' hardware scan: 2 filters, scanMode=2, reportdelay=0, callback type=1, #clients=1, workSource=WorkSource{10047 com.google.android.gms} [CONTEXT service_id=111 ]
03-09 15:08:34.430  2561  2863 I BeaconBle: Resetting - new scanner available: false [CONTEXT service_id=111 ]
03-09 15:08:34.430  2561  2863 I BeaconBle: Delegate scanner is not available - startScan ignored [CONTEXT service_id=111 ]
03-09 15:08:34.430  2561  2863 I BeaconBle: OS scanner could not start [CONTEXT service_id=111 ]
03-09 15:08:34.435  1629  1842 D Boost   : hostingType=service, hostingName=com.android.bluetooth/.btservice.AdapterService, callerPackage=android, isSystem=true, isBoostNeeded=false.
03-09 15:08:34.438  1629  1842 I ActivityManager: Start proc 8154:com.android.bluetooth/1002 for service com.android.bluetooth/.btservice.AdapterService caller=android
03-09 15:08:34.439  8125  8125 I Finsky:download_service: [2] gzo.aA(5): Process created at version: 24.3.26-21 [0] [PR] 360846531
03-09 15:08:34.440  2561  7894 I GCoreUlr: WorldUpdater:init: Ensuring that reporting is active for [account#-8#]
03-09 15:08:34.444  8154  8154 E droid.bluetoot: Not starting debugger since process cannot load the jdwp agent.
03-09 15:08:34.459  3515  7597 W Conscrypt: Could not set socket write timeout: java.net.SocketException: Socket closed
03-09 15:08:34.459  3515  7597 W Conscrypt: 	at com.google.android.gms.org.conscrypt.Platform.setSocketWriteTimeout(:com.google.android.gms@210214028@21.02.14 (100400-352619232):2)
03-09 15:08:34.459  3515  7597 W Conscrypt: 	at com.google.android.gms.org.conscrypt.ConscryptFileDescriptorSocket.setSoWriteTimeout(:com.google.android.gms@210214028@21.02.14 (100400-352619232):0)
03-09 15:08:34.513  8093  8093 I Perf    : Connecting to perf service.
03-09 15:08:34.516  8154  8154 I droid.bluetoot: The ClassLoaderContext is a special shared library.
03-09 15:08:34.521  7183  7219 E A       : Failed: remove geofences by PendingIntent
03-09 15:08:34.585  8154  8154 I Perf    : Connecting to perf service.
03-09 15:08:34.594  7183  8067 I FA      : App measurement initialized, version: 39028
03-09 15:08:34.594  7183  8067 I FA      : To enable debug logging run: adb shell setprop log.tag.FA VERBOSE
03-09 15:08:34.594  7183  8067 I FA      : To enable faster debug mode event logging run:
03-09 15:08:34.594  7183  8067 I FA      :   adb shell setprop debug.firebase.analytics.app com.google.android.googlequicksearchbox
03-09 15:08:34.663  2561  4051 W GCoreFlp: No location to return for getLastLocation()
03-09 15:08:34.667  8154  8154 E BluetoothVendorJni: register_com_android_bluetooth_btservice_vendor:
03-09 15:08:34.667  8154  8154 E BluetoothVendorSocketJni: register_com_android_bluetooth_btservice_vendor_socket:
03-09 15:08:34.658  8154  8154 W droid.bluetooth: type=1400 audit(0.0:579): avc: denied { read } for name="u:object_r:vendor_display_prop:s0" dev="tmpfs" ino=21682 scontext=u:r:bluetooth:s0 tcontext=u:object_r:vendor_display_prop:s0 tclass=file permissive=0
03-09 15:08:34.669  8154  8154 E libc    : Access denied finding property "ro.vendor.display.type"
03-09 15:08:34.671  3515  3515 D BoundBrokerSvc: onBind: Intent { act=com.google.android.gms.common.BIND_SHARED_PREFS pkg=com.google.android.gms }
