03-09 15:07:36.382  1629  1948 W ActivityManager: Scheduling restart of crashed service com.miui.securitycenter/com.miui.networkassistant.service.tm.TrafficManageService in 39500ms
03-09 15:07:36.382  1629  1948 W ActivityManager: Scheduling restart of crashed service com.miui.securitycenter/com.miui.powercenter.provider.PowerSaveService in 49500ms
03-09 15:07:36.382  1629  1948 W ActivityManager: Scheduling restart of crashed service com.miui.securitycenter/com.miui.gamebooster.service.VideoToolBoxService in 59499ms
03-09 15:07:36.382  1629  1948 W ActivityManager: Scheduling restart of crashed service com.miui.securitycenter/com.miui.networkassistant.service.FirewallService in 69499ms
03-09 15:07:36.382  1629  1948 W ActivityManager: Scheduling restart of crashed service com.miui.securitycenter/com.miui.antivirus.service.GuardService in 79499ms
03-09 15:07:36.382  1629  1948 W ActivityManager: Scheduling restart of crashed service com.miui.securitycenter/com.miui.gamebooster.mutiwindow.FreeformWindowService in 89499ms
03-09 15:07:36.397  1629  4388 I ActivityManager: Killing 2655:com.android.cellbroadcastreceiver/u0a58 (adj 906): empty #17
03-09 15:07:36.582  4322  4322 E LoadedApk: Unable to instantiate appComponentFactory
03-09 15:07:36.582  4322  4322 E LoadedApk: java.lang.ClassNotFoundException: Didn't find class "com.xiaomi.misettings.lottie" on path: DexPathList[[zip file "/system/priv-app/MiSettings/MiSettings.apk"],nativeLibraryDirectories=[/system/priv-app/MiSettings/lib/arm64, /system/lib64, /system/product/lib64, /system/lib64, /system/product/lib64]]
03-09 15:07:36.582  4322  4322 E LoadedApk: 	at dalvik.system.BaseDexClassLoader.findClass(BaseDexClassLoader.java:171)
03-09 15:07:36.582  4322  4322 E LoadedApk: 	at java.lang.ClassLoader.loadClass(ClassLoader.java:379)
03-09 15:07:36.582  4322  4322 E LoadedApk: 	at java.lang.ClassLoader.loadClass(ClassLoader.java:312)
03-09 15:07:36.582  4322  4322 E LoadedApk: 	at android.app.LoadedApk.createAppFactory(LoadedApk.java:228)
03-09 15:07:36.582  4322  4322 E LoadedApk: 	at android.app.LoadedApk.createOrUpdateClassLoaderLocked(LoadedApk.java:733)
03-09 15:07:36.582  4322  4322 E LoadedApk: 	at android.app.LoadedApk.getClassLoader(LoadedApk.java:812)
03-09 15:07:36.582  4322  4322 E LoadedApk: 	at android.app.LoadedApk.getResources(LoadedApk.java:1034)
03-09 15:07:36.582  4322  4322 E LoadedApk: 	at android.app.ContextImpl.createAppContext(ContextImpl.java:2357)
03-09 15:07:36.582  4322  4322 E LoadedApk: 	at android.app.ActivityThread.handleBindApplication(ActivityThread.java:5870)
03-09 15:07:36.582  4322  4322 E LoadedApk: 	at android.app.ActivityThread.access$1200(ActivityThread.java:201)
03-09 15:07:36.582  4322  4322 E LoadedApk: 	at android.app.ActivityThread$H.handleMessage(ActivityThread.java:1679)
03-09 15:07:36.582  4322  4322 E LoadedApk: 	at android.os.Handler.dispatchMessage(Handler.java:106)
03-09 15:07:36.582  4322  4322 E LoadedApk: 	at android.os.Looper.loop(Looper.java:201)
03-09 15:07:36.582  4322  4322 E LoadedApk: 	at android.app.ActivityThread.main(ActivityThread.java:6864)
03-09 15:07:36.582  4322  4322 E LoadedApk: 	at java.lang.reflect.Method.invoke(Native Method)
03-09 15:07:36.582  4322  4322 E LoadedApk: 	at com.android.internal.os.RuntimeInit$MethodAndArgsCaller.run(RuntimeInit.java:547)
03-09 15:07:36.582  4322  4322 E LoadedApk: 	at com.android.internal.os.ZygoteInit.main(ZygoteInit.java:873)
03-09 15:07:36.714  3731  4019 I Ad      : isPersonalizedAdEnabled getAdSettings: 3
03-09 15:07:41.239  1629  3406 W ProcessManager: Permission Denial: ProcessManager.protectCurrentProcess() from pid=3386, uid=1000
03-09 15:07:43.133  1629  1948 I ActivityManager: Killing 2884:com.miui.weather2/u0a25 (adj 906): empty #17
03-09 15:07:43.232   813   847 E storaged: getDiskStats failed with result NOT_SUPPORTED and size 0
03-09 15:07:43.631  1629  3406 I ActivityManager: Killing 2744:com.google.android.dialer/u0a54 (adj 906): empty #17
03-09 15:07:44.234  1629  3016 V BackupManagerConstants: getFullBackupRequiredNetworkType(...) returns 2
03-09 15:07:44.234  1629  3016 V BackupManagerConstants: getFullBackupRequireCharging(...) returns true
03-09 15:07:44.295  1629  1629 I TransportClient: LocalTransportService#0: Notifying [TransportManager.registerTransport()] transport = IBackupTransport
03-09 15:07:44.297  1629  3016 D BackupTransportManager: Transport android/com.android.internal.backup.LocalTransportService registered
03-09 15:07:44.297  1629  3016 D BackupManagerService: Transport android/com.android.internal.backup.LocalTransport registered 27254ms after first request (delay = 3000ms)
03-09 15:07:44.459  1629  1629 I TransportClient: D2dTransportService#1: Notifying [TransportManager.registerTransport()] transport = IBackupTransport
03-09 15:07:44.587  1629  3016 D BackupTransportManager: Transport com.google.android.gms/.backup.component.D2dTransportService registered
03-09 15:07:44.587  1629  3016 D BackupManagerService: Transport com.google.android.gms/.backup.migrate.service.D2dTransport registered 27545ms after first request (delay = 3000ms)
03-09 15:07:44.735  1629  1629 I TransportClient: BackupTransportService#2: Notifying [TransportManager.registerTransport()] transport = IBackupTransport
03-09 15:07:44.784  4372  4372 D PowerKeeper.FrozenApp: mKernelThawedFrozenEnabled = false
03-09 15:07:44.804  1629  3409 V LocationPolicy: updateLocationRulesLocked()
03-09 15:07:44.804  1629  3409 V LocationPolicy: updateNotificationsLocked()
03-09 15:07:44.804  1629  3409 V LocationPolicy: writePolicyLocked()
03-09 15:07:44.810  1629  3016 D BackupTransportManager: Transport com.google.android.gms/.backup.BackupTransportService registered
03-09 15:07:44.810  1629  3016 D BackupManagerService: Transport com.google.android.gms/.backup.BackupTransportService registered 27768ms after first request (delay = 3000ms)
03-09 15:07:44.830   472  1918 I vold    : Trimmed 10077278208 bytes on /data in 60730ms
03-09 15:07:44.831   472  1918 D vold    : Starting trim of /mnt/vendor/persist
03-09 15:07:44.831   472  1918 W vold    : Failed to open /mnt/vendor/persist: Permission denied
03-09 15:07:44.831   472  1918 D vold    : Starting trim of none
03-09 15:07:44.832   472  1918 W vold    : Failed to open none: No such file or directory
03-09 15:07:44.913  1629  1842 D Boost   : hostingType=broadcast, hostingName=com.google.android.marvin.talkback/com.google.android.accessibility.talkback.BootReceiver, callerPackage=null, isSystem=true, isBoostNeeded=false.
03-09 15:07:44.915  1629  1842 I ActivityManager: Start proc 4507:com.google.android.marvin.talkback/u0a106 for broadcast com.google.android.marvin.talkback/com.google.android.accessibility.talkback.BootReceiver caller=null
03-09 15:07:44.917  1629  1931 D ConnectivityService: Got NetworkFactory Messenger for WIFI
03-09 15:07:44.917  1629  1931 D ConnectivityService: Got NetworkFactory Messenger for WIFI_UT
03-09 15:07:44.930  1629  1930 E WifiP2pService: Unhandled message { when=0 what=131203 target=com.android.internal.util.StateMachine$SmHandler }
03-09 15:07:44.977  1629  3016 I BackupManagerService: Found stale backup journal, scheduling
03-09 15:07:45.000  1629  3016 I chatty  : uid=1000(system) backup identical 156 lines
03-09 15:07:45.000  1629  3016 I BackupManagerService: Found stale backup journal, scheduling
03-09 15:07:45.000  4372  4372 E PeSchedController: parse default config error: java.io.FileNotFoundException: default_perf_config
03-09 15:07:45.000  1629  3016 I BackupManagerService: Found stale backup journal, scheduling
03-09 15:07:45.116  1629  3016 I chatty  : uid=1000(system) backup identical 940 lines
03-09 15:07:45.116  1629  3016 I BackupManagerService: Found stale backup journal, scheduling
03-09 15:07:45.142  4372  4529 D PowerCheckerService: enable slog the cpu usage
03-09 15:07:45.235  4372  4372 D PowerKeeper.Thermal: ThermalLog: false 45 43 300000 600000 4 2 20 10 60000 120000 false
03-09 15:07:45.378  1629  3408 I ActivityManager: Killing 2989:com.android.deskclock/u0a149 (adj 906): empty #17
03-09 15:07:45.486  1629  1842 D Boost   : hostingType=broadcast, hostingName=com.qualcomm.qti.smq/.receiver.BootReceiver, callerPackage=null, isSystem=true, isBoostNeeded=false.
03-09 15:07:45.490  1629  1842 I ActivityManager: Start proc 4543:com.qualcomm.qti.smq/1000 for broadcast com.qualcomm.qti.smq/.receiver.BootReceiver caller=null
03-09 15:07:45.674  3515  4505 W PackageParser: Unknown element under <manifest>: queries at /data/user_de/0/com.google.android.gms/app_chimera/m/0000008a/dl-AdsFdrDynamite.integ_204204100100000.apk Binary XML file line #5
03-09 15:07:45.735  3515  4505 W PackageParser: Unknown element under <manifest>: queries at /data/user_de/0/com.google.android.gms/app_chimera/m/000000ba/dl-AdsFdrDynamite.integ_210402101100000.apk Binary XML file line #5
03-09 15:07:45.787  3515  4505 W PackageParser: Unknown element under <manifest>: queries at /data/user_de/0/com.google.android.gms/app_chimera/m/000000b9/dl-Payments.integ_210290708100400.apk Binary XML file line #5
03-09 15:07:45.852  1629  3409 I ActivityManager: Killing 3240:com.xiaomi.simactivate.service/u0a139 (adj 906): empty #17
03-09 15:07:45.854  1629  3412 W ActivityManager: Receiver with filter android.content.IntentFilter@1edc9e3 already registered for pid 3770, callerPackage is com.miui.miservice
03-09 15:07:45.968  1629  1842 D Boost   : hostingType=broadcast, hostingName=com.android.cellbroadcastreceiver/.CellBroadcastReceiver, callerPackage=android, isSystem=true, isBoostNeeded=false.
03-09 15:07:45.971  1629  1842 I ActivityManager: Start proc 4570:com.android.cellbroadcastreceiver/u0a58 for broadcast com.android.cellbroadcastreceiver/.CellBroadcastReceiver caller=android
03-09 15:07:45.981  3515  4505 W PackageParser: Unknown element under <manifest>: queries at /data/user_de/0/com.google.android.gms/app_chimera/m/0000008a/dl-AdsFdrDynamite.integ_204204100100000.apk Binary XML file line #5
03-09 15:07:45.991  1857  1857 I imsrcsd : UceServiceImpl linking to death listener[0x75ee29e380], cookie[33194420130021376]
03-09 15:07:45.992  1857  1857 I imsrcsd : UceServiceImpl linking 01
03-09 15:07:45.992  1857  1857 I imsrcsd : UceServiceImpl linking 02
03-09 15:07:45.992  1857  1857 I imsrcsd : UceServiceImpl linking 03
03-09 15:07:46.031  3515  4505 W PackageParser: Unknown element under <manifest>: queries at /data/user_de/0/com.google.android.gms/app_chimera/m/000000ba/dl-AdsFdrDynamite.integ_210402101100000.apk Binary XML file line #5
03-09 15:07:46.071  3515  4505 W PackageParser: Unknown element under <manifest>: queries at /data/user_de/0/com.google.android.gms/app_chimera/m/000000b9/dl-Payments.integ_210290708100400.apk Binary XML file line #5
03-09 15:07:46.185  3515  4505 W PackageParser: Unknown element under <manifest>: queries at /data/user_de/0/com.google.android.gms/app_chimera/m/0000008a/dl-AdsFdrDynamite.integ_204204100100000.apk Binary XML file line #5
03-09 15:07:46.234  3515  4505 W PackageParser: Unknown element under <manifest>: queries at /data/user_de/0/com.google.android.gms/app_chimera/m/000000ba/dl-AdsFdrDynamite.integ_210402101100000.apk Binary XML file line #5
03-09 15:07:46.248  3515  4505 W PackageParser: Unknown element under <manifest>: queries at /data/user_de/0/com.google.android.gms/app_chimera/m/000000b9/dl-Payments.integ_210290708100400.apk Binary XML file line #5
03-09 15:07:46.298  1629  3419 W BroadcastQueueInjector: Unable to launch app com.facemoji.lite.xiaomi/10171 for broadcast Intent { act=android.intent.action.MEDIA_MOUNTED dat=file:///storage/emulated/0 flg=0x5000010 (has extras) }: process is not permitted to  auto start
03-09 15:07:46.300  1629  3419 I ActivityManager: Killing 3434:com.duokan.phone.remotecontroller/u0a168 (adj 906): empty #17
03-09 15:07:46.330  1629  1842 D Boost   : hostingType=broadcast, hostingName=com.android.providers.downloads/.DownloadReceiver, callerPackage=android, isSystem=true, isBoostNeeded=false.
03-09 15:07:46.333  1629  1842 I ActivityManager: Start proc 4588:android.process.media/u0a40 for broadcast com.android.providers.downloads/.DownloadReceiver caller=android
03-09 15:07:46.378  3515  4113 W PackageParser: Unknown element under <manifest>: queries at /data/user_de/0/com.google.android.gms/app_chimera/m/0000008a/dl-AdsFdrDynamite.integ_204204100100000.apk Binary XML file line #5
03-09 15:07:46.528  3515  4113 W PackageParser: Unknown element under <manifest>: queries at /data/user_de/0/com.google.android.gms/app_chimera/m/000000a9/dl-Payments.integ_205090704100400.apk Binary XML file line #5
03-09 15:07:46.789  1629  3419 D ConnectivityService: requestNetwork for uid/pid:1000/3386 NetworkRequest [ TRACK_DEFAULT id=18, [ Capabilities: INTERNET&NOT_RESTRICTED&TRUSTED Unwanted:  Uid: 1000] ]
03-09 15:07:46.864  3515  4113 W PackageParser: Unknown element under <manifest>: queries at /data/user_de/0/com.google.android.gms/app_chimera/m/000000b7/dl-AdsFdrDynamite.integ_204890103100000.apk Binary XML file line #5
03-09 15:07:46.914  1629  3408 I ActivityManager: Process com.miui.android.fashiongallery (pid 3413) has died: cch+4CEM 
03-09 15:07:47.007  1629  1629 W ContextImpl: Calling a method in the system process without a qualified user: android.app.ContextImpl.bindService:1621 com.miui.server.WMServiceConnection.bind:59 com.miui.server.WMServiceConnection.access$100:16 com.miui.server.WMServiceConnection$1.run:47 android.os.Handler.handleCallback:873 
03-09 15:07:47.009  1629  1629 D WMServiceConnection: Bind Inspector success!
03-09 15:07:47.026  1629  1842 D Boost   : hostingType=service, hostingName=com.miui.wmsvc/.WMService, callerPackage=android, isSystem=true, isBoostNeeded=false.
03-09 15:07:47.028  1629  1842 I ActivityManager: Start proc 4628:com.miui.wmsvc/1000 for service com.miui.wmsvc/.WMService caller=android
03-09 15:07:47.262  1629  1629 D WMServiceConnection: onServiceConnected
03-09 15:07:47.288  3515  4113 W PackageParser: Unknown element under <manifest>: queries at /data/user_de/0/com.google.android.gms/app_chimera/m/000000ba/dl-AdsFdrDynamite.integ_210402101100000.apk Binary XML file line #5
03-09 15:07:47.303  3515  4113 W PackageParser: Unknown element under <manifest>: queries at /data/user_de/0/com.google.android.gms/app_chimera/m/000000b9/dl-Payments.integ_210290708100400.apk Binary XML file line #5
03-09 15:07:47.440  3515  4113 W PackageParser: Unknown element under <manifest>: queries at /data/user_de/0/com.google.android.gms/app_chimera/m/0000008a/dl-AdsFdrDynamite.integ_204204100100000.apk Binary XML file line #5
03-09 15:07:47.483  3515  4113 W PackageParser: Unknown element under <manifest>: queries at /data/user_de/0/com.google.android.gms/app_chimera/m/000000ba/dl-AdsFdrDynamite.integ_210402101100000.apk Binary XML file line #5
03-09 15:07:47.502  3515  4113 W PackageParser: Unknown element under <manifest>: queries at /data/user_de/0/com.google.android.gms/app_chimera/m/000000b9/dl-Payments.integ_210290708100400.apk Binary XML file line #5
03-09 15:07:47.617   814   814 W wificond: Scan is not started. Ignore abort request
03-09 15:07:47.650  3515  4113 W PackageParser: Unknown element under <manifest>: queries at /data/user_de/0/com.google.android.gms/app_chimera/m/0000008a/dl-AdsFdrDynamite.integ_204204100100000.apk Binary XML file line #5
03-09 15:07:47.703  3515  4113 W PackageParser: Unknown element under <manifest>: queries at /data/user_de/0/com.google.android.gms/app_chimera/m/000000ba/dl-AdsFdrDynamite.integ_210402101100000.apk Binary XML file line #5
03-09 15:07:47.713  1629  1842 D Boost   : hostingType=content provider, hostingName=com.miui.securitycenter/com.miui.idprovider.IdProvider, callerPackage=com.miui.analytics, isSystem=true, isBoostNeeded=false.
03-09 15:07:47.714  1629  1842 I ActivityManager: Start proc 4678:com.miui.securitycenter.remote/1000 for content provider com.miui.securitycenter/com.miui.idprovider.IdProvider caller=com.miui.analytics
03-09 15:07:47.726  3515  4113 W PackageParser: Unknown element under <manifest>: queries at /data/user_de/0/com.google.android.gms/app_chimera/m/000000b9/dl-Payments.integ_210290708100400.apk Binary XML file line #5
03-09 15:07:47.835  3515  4113 W PackageParser: Unknown element under <manifest>: queries at /data/user_de/0/com.google.android.gms/app_chimera/m/0000008a/dl-AdsFdrDynamite.integ_204204100100000.apk Binary XML file line #5
03-09 15:07:47.881  3515  4113 W PackageParser: Unknown element under <manifest>: queries at /data/user_de/0/com.google.android.gms/app_chimera/m/000000ba/dl-AdsFdrDynamite.integ_210402101100000.apk Binary XML file line #5
03-09 15:07:47.895  3515  4113 W PackageParser: Unknown element under <manifest>: queries at /data/user_de/0/com.google.android.gms/app_chimera/m/000000b9/dl-Payments.integ_210290708100400.apk Binary XML file line #5
03-09 15:07:47.912  1629  1927 D ConnectivityService: registerNetworkAgent NetworkAgentInfo{ ni{[type: WIFI[], state: CONNECTING/CONNECTING, reason: (unspecified), extra: (none), failover: false, available: true, roaming: false]}  network{100}  nethandle{432902426637}  lp{{LinkAddresses: []  Routes: [] DnsAddresses: [] UsePrivateDns: false PrivateDnsServerName: null Domains: null MTU: 0}}  nc{[ Transports: WIFI Capabilities: NOT_METERED&INTERNET&NOT_RESTRICTED&TRUSTED&NOT_VPN&NOT_ROAMING&FOREGROUND&NOT_CONGESTED&NOT_SUSPENDED Unwanted:  LinkUpBandwidth>=1048576Kbps LinkDnBandwidth>=1048576Kbps SSID: "KozukHOME"]}  Score{60}  everValidated{false}  lastValidated{false}  created{false} lingering{false} explicitlySelected{false} acceptUnvalidated{false} everCaptivePortalDetected{false} lastCaptivePortalDetected{false} clat{null} }
03-09 15:07:47.912  1629  1931 D ConnectivityService: NetworkAgentInfo [WIFI () - 100] EVENT_NETWORK_INFO_CHANGED, going from null to CONNECTING
03-09 15:07:47.956  1629  1931 D ConnectivityService: NetworkAgentInfo [WIFI () - 100] EVENT_NETWORK_INFO_CHANGED, going from CONNECTING to CONNECTING
03-09 15:07:48.514  1629  1948 W ActivityManager: Unable to start service Intent { act=gpu_tuner pkg=com.xiaomi.joyose } U=0: not found
03-09 15:07:48.541  1629  1931 D ConnectivityService: NetworkAgentInfo [WIFI () - 100] EVENT_NETWORK_INFO_CHANGED, going from CONNECTING to CONNECTED
03-09 15:07:48.543  1629  1931 W DnsManager: updatePrivateDns(100, PrivateDnsConfig{false:/[]})
03-09 15:07:48.552  1629  1931 D ConnectivityService: Setting DNS servers for network 100 to [/192.168.0.1, /8.8.8.8]
03-09 15:07:48.553  1629  1931 D DnsManager: setDnsConfigurationForNetwork(100, [192.168.0.1, 8.8.8.8], [], [1800, 25, 8, 64], , [])
03-09 15:07:48.556  1629  1931 D ConnectivityService: Adding iface wlan0 to network 100
03-09 15:07:48.587  1629  3393 W NetworkPolicy: setRestrictBackgroundUL: already false
03-09 15:07:48.590  1629  1931 D ConnectivityService: Setting DNS servers for network 100 to [/192.168.0.1, /8.8.8.8]
03-09 15:07:48.590  1629  1931 D DnsManager: setDnsConfigurationForNetwork(100, [192.168.0.1, 8.8.8.8], [], [1800, 25, 8, 64], , [])
03-09 15:07:48.591  1629  1931 I Nat464Xlat: Android Xlat is disabled
03-09 15:07:48.620  1629  1931 D ConnectivityService: Switching to new default network: NetworkAgentInfo{ ni{[type: WIFI[], state: CONNECTED/CONNECTED, reason: (unspecified), extra: (none), failover: false, available: true, roaming: false]}  network{100}  nethandle{432902426637}  lp{{InterfaceName: wlan0 LinkAddresses: [fe80::5a20:59ff:fe9a:25e0/64,192.168.0.103/24,]  Routes: [fe80::/64 -> :: wlan0,192.168.0.0/24 -> 0.0.0.0 wlan0,0.0.0.0/0 -> 192.168.0.1 wlan0,] DnsAddresses: [192.168.0.1,] UsePrivateDns: false PrivateDnsServerName: null Domains: null MTU: 0 TcpBufferSizes: 524288,1048576,5505024,262144,524288,4194304}}  nc{[ Transports: WIFI Capabilities: NOT_METERED&INTERNET&NOT_RESTRICTED&TRUSTED&NOT_VPN&NOT_ROAMING&FOREGROUND&NOT_CONGESTED&NOT_SUSPENDED Unwanted:  LinkUpBandwidth>=1048576Kbps LinkDnBandwidth>=1048576Kbps SignalStrength: -65 SSID: "KozukHOME"]}  Score{60}  everValidated{false}  lastValidated{false}  created{true} lingering{false} explicitlySelected{false} acceptUnvalidated{false} everCaptivePortalDetected{false} lastCaptivePortalDetected{false} clat{null} }
03-09 15:07:48.622   526   576 E NetlinkEvent: NetlinkEvent::FindParam(): Parameter 'INTERFACE' not found
03-09 15:07:48.622   526   576 E NetlinkEvent: NetlinkEvent::FindParam(): Parameter 'STATE' not found
03-09 15:07:48.622   526   576 E NetlinkEvent: NetlinkEvent::FindParam(): Parameter 'TIME_NS' not found
03-09 15:07:48.622   526   576 E NetlinkEvent: NetlinkEvent::FindParam(): Parameter 'UID' not found
03-09 15:07:48.668  1629  1844 E BatteryExternalStatsWorker: no controller energy info supplied for bluetooth
03-09 15:07:48.677  1629  1931 D ConnectivityService: Sending CONNECTED broadcast for type 1 NetworkAgentInfo [WIFI () - 100] isDefaultNetwork=true
03-09 15:07:48.683  1629  2328 D ConnectivityService: Returning BLOCKED NetworkInfo to uid=10271
03-09 15:07:48.704  1629  3412 D ConnectivityService: Returning BLOCKED NetworkInfo to uid=10090
03-09 15:07:48.711  1629  1922 E NetworkPolicy: Missing subscriberId for subId 1
03-09 15:07:48.714  1629  1844 W KernelCpuProcReader: File not exist: /proc/uid_cpupower/time_in_state
03-09 15:07:48.714  1629  1844 W KernelCpuProcReader: File not exist: /proc/uid_cpupower/concurrent_active_time
03-09 15:07:48.715  1629  1922 E NetworkPolicy: Missing subscriberId for subId 2
03-09 15:07:48.715  1629  1844 W KernelCpuProcReader: File not exist: /proc/uid_cpupower/concurrent_policy_time
03-09 15:07:48.715  1629  1844 E KernelCpuSpeedReader: Failed to read cpu-freq: /sys/devices/system/cpu/cpu4/cpufreq/stats/time_in_state (No such file or directory)
03-09 15:07:48.716  1629  1844 E KernelCpuSpeedReader: Failed to read cpu-freq: /sys/devices/system/cpu/cpu0/cpufreq/stats/time_in_state (No such file or directory)
03-09 15:07:48.744  3386  3386 I Ad      : isPersonalizedAdEnabled getAdSettings: 3
03-09 15:07:48.783  1629  1931 D ConnectivityService: NetworkAgentInfo [WIFI () - 100] validation passed
03-09 15:07:42.049  3386  4563 I Ad      : isPersonalizedAdEnabled getAdSettings: 3
03-09 15:07:42.095  1629  1629 D DevicePolicyManager: updateSystemUpdateFreezePeriodsRecord
03-09 15:07:42.095  1629  1629 W SyncManager: Clock is valid now.
03-09 15:07:42.095  1629  1629 D ConditionProviders.SCP: onReceive android.intent.action.TIME_SET
03-09 15:07:42.096  1629  1629 D ConditionProviders.SCP: evaluateSubscriptionLocked cal=ScheduleCalendar[mDays={1, 2, 3, 4, 5, 6, 7}, mSchedule=ScheduleInfo{days=[1, 2, 3, 4, 5, 6, 7], startHour=23, startMinute=0, endHour=7, endMinute=0, exitAtAlarm=false, nextAlarm=Thu Jan 01 03:00:00 GMT+03:00 1970 (0)}], now=Tue Mar 09 15:07:42 GMT+02:00 2021 (1615295262095), nextUserAlarmTime=Thu Jan 01 03:00:00 GMT+03:00 1970 (0)
03-09 15:07:42.096  1629  1629 D ConditionProviders.SCP: notifyCondition condition://android/schedule?days=1.2.3.4.5.6.7&start=23.0&end=7.0&exitAtAlarm=false STATE_FALSE reason=!meetsSchedule
03-09 15:07:42.097  1629  1629 D ConditionProviders.SCP: Scheduling evaluate for Tue Mar 09 23:00:00 GMT+02:00 2021 (1615323600000), in +7h52m17s905ms, now=Tue Mar 09 15:07:42 GMT+02:00 2021 (1615295262095)
03-09 15:07:42.167  1629  1844 E BatteryExternalStatsWorker: no controller energy info supplied for bluetooth
03-09 15:07:42.176  1629  1844 E KernelCpuSpeedReader: Failed to read cpu-freq: /sys/devices/system/cpu/cpu4/cpufreq/stats/time_in_state (No such file or directory)
03-09 15:07:42.177  1629  1844 E KernelCpuSpeedReader: Failed to read cpu-freq: /sys/devices/system/cpu/cpu0/cpufreq/stats/time_in_state (No such file or directory)
03-09 15:07:42.255  1629  1839 I UsageStatsService: Time changed in UsageStats by -6 seconds
03-09 15:07:42.255  1629  1839 I UsageStatsService: User[0] Flushing usage stats to disk
03-09 15:07:42.288  1629  1842 D Boost   : hostingType=service, hostingName=com.miui.android.fashiongallery/.remoteconfig.RemoteConfigJobService, callerPackage=android, isSystem=true, isBoostNeeded=false.
03-09 15:07:42.296  1629  1842 I ActivityManager: Start proc 4782:com.miui.android.fashiongallery/u0a166 for service com.miui.android.fashiongallery/.remoteconfig.RemoteConfigJobService caller=android
03-09 15:07:42.352  1629  1844 E BatteryExternalStatsWorker: no controller energy info supplied for bluetooth
03-09 15:07:42.368  1629  1844 E KernelCpuSpeedReader: Failed to read cpu-freq: /sys/devices/system/cpu/cpu4/cpufreq/stats/time_in_state (No such file or directory)
03-09 15:07:42.369  1629  1844 E KernelCpuSpeedReader: Failed to read cpu-freq: /sys/devices/system/cpu/cpu0/cpufreq/stats/time_in_state (No such file or directory)
03-09 15:07:42.520  1629  1840 V ActivityManager: Attempted to start a foreground service (ComponentInfo{com.miui.securitycenter/com.miui.securitycenter.service.RemoteService}) with a broken notification (no icon: Notification(channel=securitycenter_resident_notification pri=0 contentView=null vibrate=null sound=null defaults=0x0 flags=0x40 color=0x00000000 vis=PRIVATE))
03-09 15:07:42.616  2074  2336 D NetworkController.MobileSignalController(2): onServiceStateChanged slotId=0 subId=2 voiceState=1 dataState=1 FiveGConnected= false dataType= 0
03-09 15:07:42.649  1629  1839 I UsageStatsDatabase: Time changed by -6s749ms. files deleted: 0 files moved: 60
03-09 15:07:42.708  1629  1839 I UsageStatsService: User[0] Rollover scheduled @ 2021-03-10 15:07:42(1615381662255)
03-09 15:07:42.902  1629  1961 W ContextImpl: Calling a method in the system process without a qualified user: android.app.ContextImpl.sendBroadcast:1015 miui.security.SecurityManagerCompat.sendCancelBootAlarm:149 miui.security.SecurityManagerCompat.writeQcomBootTime:116 miui.security.SecurityManagerCompat.writeBootTime:75 com.miui.server.SecurityManagerService$SecurityWriteHandler.handleMessage:355 
03-09 15:07:42.903  1629  1961 W ContextImpl: Calling a method in the system process without a qualified user: android.app.ContextImpl.sendBroadcast:1015 miui.security.SecurityManagerCompat.sendSetBootAlarm:158 miui.security.SecurityManagerCompat.writeQcomBootTime:117 miui.security.SecurityManagerCompat.writeBootTime:75 com.miui.server.SecurityManagerService$SecurityWriteHandler.handleMessage:355 
03-09 15:07:42.914  1629  1961 W ContextImpl: Calling a method in the system process without a qualified user: android.app.ContextImpl.sendBroadcast:1015 miui.security.SecurityManagerCompat.sendCancelBootAlarm:149 miui.security.SecurityManagerCompat.writeQcomBootTime:119 miui.security.SecurityManagerCompat.writeBootTime:75 com.miui.server.SecurityManagerService$SecurityWriteHandler.handleMessage:355 
03-09 15:07:43.398  1629  4388 W BroadcastQueueInjector: Unable to launch app com.miui.fm/10119 for broadcast Intent { act=android.intent.action.MEDIA_MOUNTED dat=file:///storage/emulated/0 flg=0x5000010 (has extras) }: process is not permitted to  auto start
03-09 15:07:43.401  1629  1840 W BroadcastQueueInjector: Unable to launch app com.google.android.apps.translate/10226 for broadcast Intent { act=android.intent.action.MEDIA_MOUNTED dat=file:///storage/emulated/0 flg=0x5000010 (has extras) }: process is not permitted to  auto start
03-09 15:07:43.402  1629  1840 W BroadcastQueueInjector: Unable to launch app com.viber.voip/10191 for broadcast Intent { act=android.intent.action.MEDIA_MOUNTED dat=file:///storage/emulated/0 flg=0x5000010 (has extras) }: process is not permitted to  auto start
03-09 15:07:43.402  1629  1840 W BroadcastQueue: Background execution not allowed: receiving Intent { act=android.intent.action.DROPBOX_ENTRY_ADDED flg=0x10 (has extras) } to com.google.android.gms/.stats.service.DropBoxEntryAddedReceiver
03-09 15:07:43.402  1629  1840 W BroadcastQueue: Background execution not allowed: receiving Intent { act=android.intent.action.DROPBOX_ENTRY_ADDED flg=0x10 (has extras) } to com.google.android.gms/.chimera.GmsIntentOperationService$PersistentTrustedReceiver
03-09 15:07:43.423  1629  1842 D Boost   : hostingType=broadcast, hostingName=com.xiaomi.finddevice/.v2.securitypush.SecurityPushEventReceiver, callerPackage=com.xiaomi.finddevice, isSystem=true, isBoostNeeded=false.
03-09 15:07:43.426  1629  1842 I ActivityManager: Start proc 4915:com.xiaomi.finddevice:securitypush/9810 for broadcast com.xiaomi.finddevice/.v2.securitypush.SecurityPushEventReceiver caller=com.xiaomi.finddevice
03-09 15:07:43.777  4372  4537 D PowerKeeper.Extreme: onChange, extreme enable false
03-09 15:07:43.840  1629  1842 D Boost   : hostingType=broadcast, hostingName=com.miui.cloudservice/.stat.StatReceiver, callerPackage=com.xiaomi.finddevice, isSystem=true, isBoostNeeded=false.
03-09 15:07:43.847  1629  1842 I ActivityManager: Start proc 4956:com.miui.cloudservice/u0a96 for broadcast com.miui.cloudservice/.stat.StatReceiver caller=com.xiaomi.finddevice
03-09 15:07:43.899  4372  4506 I DeviceIdleController: DeviceIdleController enable
03-09 15:07:44.148  4372  4506 I DeviceIdleController: DeviceIdleController enable end
03-09 15:07:44.149  4372  4506 V PowerKeeper.Location: enable 
03-09 15:07:44.225  1629  3419 V LocationPolicy: writePolicyLocked()
03-09 15:07:44.229  1629  3419 I chatty  : uid=1000(system) Binder:1629_10 identical 1 line
03-09 15:07:44.234  1629  3419 V LocationPolicy: writePolicyLocked()
03-09 15:07:44.237  1629  2071 V LocationPolicy: writePolicyLocked()
03-09 15:07:44.246  1629  3409 V LocationPolicy: writePolicyLocked()
03-09 15:07:44.275  1629  3409 I chatty  : uid=1000(system) Binder:1629_D identical 7 lines
03-09 15:07:44.285  1629  3409 V LocationPolicy: writePolicyLocked()
03-09 15:07:44.289  1629  2071 V LocationPolicy: writePolicyLocked()
03-09 15:07:44.321  1629  2071 I chatty  : uid=1000(system) Binder:1629_6 identical 5 lines
03-09 15:07:44.333  1629  2071 V LocationPolicy: writePolicyLocked()
03-09 15:07:44.337  1629  3409 V LocationPolicy: writePolicyLocked()
03-09 15:07:44.396  1629  3409 I chatty  : uid=1000(system) Binder:1629_D identical 9 lines
03-09 15:07:44.400  1629  3409 V LocationPolicy: writePolicyLocked()
03-09 15:07:44.404  1629  2071 V LocationPolicy: writePolicyLocked()
03-09 15:07:44.498  1629  2071 I chatty  : uid=1000(system) Binder:1629_6 identical 21 lines
03-09 15:07:44.500  1629  2071 V LocationPolicy: writePolicyLocked()
03-09 15:07:44.503  1629  3421 V LocationPolicy: writePolicyLocked()
03-09 15:07:44.765  1629  3421 I chatty  : uid=1000(system) Binder:1629_12 identical 46 lines
03-09 15:07:44.768  1629  3421 V LocationPolicy: writePolicyLocked()
03-09 15:07:45.532  4372  4489 D DeviceIdleController: set apps count: mTempWhitelistAppIds: 0, mTempNonWhitelistAppIds: 19
03-09 15:07:45.633  4372  4506 V PowerKeeper.Sensor: SensorController enable 
03-09 15:07:45.792  1629  1842 D Boost   : hostingType=content provider, hostingName=com.miui.weather2/.providers.WeatherProvider, callerPackage=com.miui.home, isSystem=true, isBoostNeeded=false.
03-09 15:07:45.795  1629  1842 I ActivityManager: Start proc 5004:com.miui.weather2/u0a25 for content provider com.miui.weather2/.providers.WeatherProvider caller=com.miui.home
03-09 15:07:45.900  1629  1842 D Boost   : hostingType=service, hostingName=com.google.android.gms/.droidguard.DroidGuardService, callerPackage=com.google.android.gms, isSystem=true, isBoostNeeded=false.
03-09 15:07:45.902  1629  1842 I ActivityManager: Start proc 5018:com.google.android.gms.unstable/u0a47 for service com.google.android.gms/.droidguard.DroidGuardService caller=com.google.android.gms
03-09 15:07:46.540  1629  1842 D Boost   : hostingType=service, hostingName=com.xiaomi.simactivate.service/com.xiaomi.activate.ActivateService, callerPackage=com.miui.cloudservice, isSystem=true, isBoostNeeded=false.
03-09 15:07:46.543  1629  1842 I ActivityManager: Start proc 5064:com.xiaomi.simactivate.service/u0a139 for service com.xiaomi.simactivate.service/com.xiaomi.activate.ActivateService caller=com.miui.cloudservice
03-09 15:07:46.598  1629  4475 W ActivityManager: Background start not allowed: service Intent { cmp=com.miui.cloudservice/com.xiaomi.mipush.sdk.PushMessageHandler } to com.miui.cloudservice/com.xiaomi.mipush.sdk.PushMessageHandler from pid=4956 uid=10096 pkg=com.miui.cloudservice startFg?=false
03-09 15:07:46.764  1629  4475 W ActivityManager: Background start not allowed: service Intent { cmp=com.miui.cloudservice/com.xiaomi.mipush.sdk.MessageHandleService } to com.miui.cloudservice/com.xiaomi.mipush.sdk.MessageHandleService from pid=4956 uid=10096 pkg=com.miui.cloudservice startFg?=false
03-09 15:07:47.211  1629  4475 D ConnectivityService: requestNetwork for uid/pid:10038/3585 NetworkRequest [ TRACK_DEFAULT id=20, [ Capabilities: INTERNET&NOT_RESTRICTED&TRUSTED Unwanted:  Uid: 10038] ]
03-09 15:07:47.269  1629  4475 I ActivityManager: Killing 3770:com.miui.miservice/u0a43 (adj 906): empty #17
03-09 15:07:47.684  1629  1842 D Boost   : hostingType=service, hostingName=com.xiaomi.account/.XiaomiAccountService, callerPackage=com.miui.cloudservice, isSystem=true, isBoostNeeded=false.
03-09 15:07:47.685  1629  1842 I ActivityManager: Start proc 5160:com.xiaomi.account:accountservice/u0a125 for service com.xiaomi.account/.XiaomiAccountService caller=com.miui.cloudservice
03-09 15:07:47.707  1629  4475 I ActivityManager: Killing 3702:com.miui.micloudsync:sync/u0a96 (adj 906): empty #17
03-09 15:07:47.769  1629  1842 D Boost   : hostingType=broadcast, hostingName=com.qualcomm.qti.qmmi/.framework.QmmiReceiver, callerPackage=null, isSystem=true, isBoostNeeded=false.
03-09 15:07:47.773  1629  1842 I ActivityManager: Start proc 5176:com.qualcomm.qti.qmmi/1000 for broadcast com.qualcomm.qti.qmmi/.framework.QmmiReceiver caller=null
03-09 15:07:48.327  1629  3420 I ActivityManager: Killing 3780:com.android.printspooler/u0a160 (adj 906): empty #17
03-09 15:07:48.452  1629  1852 D DisplayPowerController: handle : unregisterListener 
03-09 15:07:48.582  1629  1842 D Boost   : hostingType=content provider, hostingName=com.facebook.katana/com.facebook.platform.common.provider.PlatformProviderBase, callerPackage=com.xiaomi.account, isSystem=true, isBoostNeeded=false.
03-09 15:07:48.584  1629  1842 I ActivityManager: Start proc 5211:com.facebook.katana/u0a179 for content provider com.facebook.katana/com.facebook.platform.common.provider.PlatformProviderBase caller=com.xiaomi.account
03-09 15:07:48.748  1629  3420 I ActivityManager: Killing 4235:com.google.android.apps.walletnfcrel/u0a271 (adj 906): empty #17
03-09 15:07:48.751  1629  3420 I ActivityManager: Killing 3911:com.android.keychain/1000 (adj 906): empty #18
03-09 15:07:48.900  1629  1705 I ActivityManager: Killing 3445:com.milink.service/u0a116 (adj 906): empty #17
03-09 15:07:48.977  1629  4388 D ConnectivityService: ConnectivityService NetworkRequestInfo binderDied(NetworkRequest [ TRACK_DEFAULT id=16, [ Capabilities: INTERNET&NOT_RESTRICTED&TRUSTED Unwanted:  Uid: 10271] ], android.os.BinderProxy@a5e3822)
03-09 15:07:48.978  1629  1931 D ConnectivityService: releasing NetworkRequest [ TRACK_DEFAULT id=16, [ Capabilities: INTERNET&NOT_RESTRICTED&TRUSTED Unwanted:  Uid: 10271] ] (release request)
03-09 15:07:49.034  5211  5211 E LoadedApk: Unable to instantiate appComponentFactory
03-09 15:07:49.034  5211  5211 E LoadedApk: java.lang.ClassNotFoundException: Didn't find class "com.facebook.common.zapp_component_factory.fb4a.Fb4aAppComponentFactory" on path: DexPathList[[zip file "/system/framework/org.apache.http.legacy.boot.jar", zip file "/data/app/com.facebook.katana-ONgnDtXvQYUTwx_CBcroLQ==/base.apk", zip file "/data/app/com.facebook.katana-ONgnDtXvQYUTwx_CBcroLQ==/split_arservicesoptional.apk", zip file "/data/app/com.facebook.katana-ONgnDtXvQYUTwx_CBcroLQ==/split_caffe2.apk", zip file "/data/app/com.facebook.katana-ONgnDtXvQYUTwx_CBcroLQ==/split_caffe2extraops.apk", zip file "/data/app/com.facebook.katana-ONgnDtXvQYUTwx_CBcroLQ==/split_caffe2pytorchsharedmodule.apk", zip file "/data/app/com.facebook.katana-ONgnDtXvQYUTwx_CBcroLQ==/split_papaya.apk", zip file "/data/app/com.facebook.katana-ONgnDtXvQYUTwx_CBcroLQ==/split_pytorch.apk", zip file "/data/app/com.facebook.katana-ONgnDtXvQYUTwx_CBcroLQ==/split_shared1.apk"],nativeLibraryDirectories=[/data/app/com.facebook.katana-ONgnDtXvQYUTwx_CBcroLQ==/lib/arm64, /data/app/com.facebook.katana-ONgnDtXvQYUTwx_CBcroLQ==/base.apk!/lib/arm64-v8a, /data/app/com.facebook.katana-ONgnDtXvQYUTwx_CBcroLQ==/split_arservicesoptional.apk!/lib/arm64-v8a, /data/app/com.facebook.katana-ONgnDtXvQYUTwx_CBcroLQ==/split_caffe2.apk!/lib/arm64-v8a, /data/app/com.facebook.katana-ONgnDtXvQYUTwx_CBcroLQ==/split_caffe2extraops.apk!/lib/arm64-v8a, /data/app/com.facebook.katana-ONgnDtXvQYUTwx_CBcroLQ==/split_caffe2pytorchsharedmodule.apk!/lib/arm64-v8a, /data/app/com.facebook.katana-ONgnDtXvQYUTwx_CBcroLQ==/split_papaya.apk!/lib/arm64-v8a, /data/app/com.facebook.katana-ONgnDtXvQYUTwx_CBcroLQ==/split_pytorch.apk!/lib/arm64-v8a, /data/app/com.facebook.katana-ONgnDtXvQYUTwx_CBcroLQ==/split_shared1.apk!/lib/arm64-v8a, /system/lib64, /system/product/lib64]]
03-09 15:07:49.034  5211  5211 E LoadedApk: 	at dalvik.system.BaseDexClassLoader.findClass(BaseDexClassLoader.java:171)
03-09 15:07:49.034  5211  5211 E LoadedApk: 	at java.lang.ClassLoader.loadClass(ClassLoader.java:379)
03-09 15:07:49.034  5211  5211 E LoadedApk: 	at java.lang.ClassLoader.loadClass(ClassLoader.java:312)
03-09 15:07:49.034  5211  5211 E LoadedApk: 	at android.app.LoadedApk.createAppFactory(LoadedApk.java:228)
03-09 15:07:49.034  5211  5211 E LoadedApk: 	at android.app.LoadedApk.createOrUpdateClassLoaderLocked(LoadedApk.java:733)
03-09 15:07:49.034  5211  5211 E LoadedApk: 	at android.app.LoadedApk.getClassLoader(LoadedApk.java:812)
03-09 15:07:49.034  5211  5211 E LoadedApk: 	at android.app.LoadedApk.getResources(LoadedApk.java:1034)
03-09 15:07:49.034  5211  5211 E LoadedApk: 	at android.app.ContextImpl.createAppContext(ContextImpl.java:2357)
03-09 15:07:49.034  5211  5211 E LoadedApk: 	at android.app.ActivityThread.handleBindApplication(ActivityThread.java:5870)
03-09 15:07:49.034  5211  5211 E LoadedApk: 	at android.app.ActivityThread.access$1200(ActivityThread.java:201)
03-09 15:07:49.034  5211  5211 E LoadedApk: 	at android.app.ActivityThread$H.handleMessage(ActivityThread.java:1679)
03-09 15:07:49.034  5211  5211 E LoadedApk: 	at android.os.Handler.dispatchMessage(Handler.java:106)
03-09 15:07:49.034  5211  5211 E LoadedApk: 	at android.os.Looper.loop(Looper.java:201)
03-09 15:07:49.034  5211  5211 E LoadedApk: 	at android.app.ActivityThread.main(ActivityThread.java:6864)
03-09 15:07:49.034  5211  5211 E LoadedApk: 	at java.lang.reflect.Method.invoke(Native Method)
03-09 15:07:49.034  5211  5211 E LoadedApk: 	at com.android.internal.os.RuntimeInit$MethodAndArgsCaller.run(RuntimeInit.java:547)
03-09 15:07:49.034  5211  5211 E LoadedApk: 	at com.android.internal.os.ZygoteInit.main(ZygoteInit.java:873)
03-09 15:07:49.034  5211  5211 E LoadedApk: 	Suppressed: java.io.IOException: No original dex files found for dex location /data/app/com.facebook.katana-ONgnDtXvQYUTwx_CBcroLQ==/split_arservicesoptional.apk
03-09 15:07:49.034  5211  5211 E LoadedApk: 		at dalvik.system.DexFile.openDexFileNative(Native Method)
03-09 15:07:49.034  5211  5211 E LoadedApk: 		at dalvik.system.DexFile.openDexFile(DexFile.java:358)
03-09 15:07:49.034  5211  5211 E LoadedApk: 		at dalvik.system.DexFile.<init>(DexFile.java:101)
03-09 15:07:49.034  5211  5211 E LoadedApk: 		at dalvik.system.DexFile.<init>(DexFile.java:75)
03-09 15:07:49.034  5211  5211 E LoadedApk: 		at dalvik.system.DexPathList.loadDexFile(DexPathList.java:407)
03-09 15:07:49.034  5211  5211 E LoadedApk: 		at dalvik.system.DexPathList.makeDexElements(DexPathList.java:354)
03-09 15:07:49.034  5211  5211 E LoadedApk: 		at dalvik.system.DexPathList.<init>(DexPathList.java:164)
03-09 15:07:49.034  5211  5211 E LoadedApk: 		at dalvik.system.BaseDexClassLoader.<init>(BaseDexClassLoader.java:74)
03-09 15:07:49.034  5211  5211 E LoadedApk: 		at dalvik.system.BaseDexClassLoader.<init>(BaseDexClassLoader.java:65)
03-09 15:07:49.034  5211  5211 E LoadedApk: 		at dalvik.system.PathClassLoader.<init>(PathClassLoader.java:64)
03-09 15:07:49.034  5211  5211 E LoadedApk: 		at com.android.internal.os.ClassLoaderFactory.createClassLoader(ClassLoaderFactory.java:73)
03-09 15:07:49.034  5211  5211 E LoadedApk: 		at com.android.internal.os.ClassLoaderFactory.createClassLoader(ClassLoaderFactory.java:88)
03-09 15:07:49.034  5211  5211 E LoadedApk: 		at android.app.ApplicationLoaders.getClassLoader(ApplicationLoaders.java:74)
03-09 15:07:49.034  5211  5211 E LoadedApk: 		at android.app.ApplicationLoaders.getClassLoader(ApplicationLoade
03-09 15:07:49.383  1629  3406 D ConnectivityService: Returning UNBLOCKED NetworkInfo to uid=10090
03-09 15:07:49.475  1629  1842 D Boost   : hostingType=service, hostingName=com.google.android.apps.maps/com.google.android.apps.gmm.cloudmessage.chime.GmmChimeTaskService, callerPackage=android, isSystem=true, isBoostNeeded=false.
03-09 15:07:49.477  1629  1842 I ActivityManager: Start proc 5269:com.google.android.apps.maps/u0a109 for service com.google.android.apps.maps/com.google.android.apps.gmm.cloudmessage.chime.GmmChimeTaskService caller=android
03-09 15:07:49.925  1629  1842 D Boost   : hostingType=broadcast, hostingName=com.android.calendar/.widget.AgendaWidgetProvider, callerPackage=null, isSystem=true, isBoostNeeded=false.
03-09 15:07:49.926  1629  1842 I ActivityManager: Start proc 5314:com.android.calendar/u0a27 for broadcast com.android.calendar/.widget.AgendaWidgetProvider caller=null
03-09 15:07:49.934  1629  5311 I BootReceiver: Copying /sys/fs/pstore/console-ramoops-0 to DropBox (SYSTEM_LAST_KMSG)
03-09 15:07:49.949  1629  5311 I BootReceiver: Copying audit failures to DropBox
03-09 15:07:49.952  1629  5311 I BootReceiver: Copied 344 worth of audits to DropBox
03-09 15:07:49.956  1629  5311 W BootReceiver: cannot read last msg
03-09 15:07:49.956  1629  5311 W BootReceiver: java.io.FileNotFoundException: /proc/last_kmsg (Permission denied)
03-09 15:07:49.956  1629  5311 W BootReceiver: 	at java.io.FileInputStream.open0(Native Method)
03-09 15:07:49.956  1629  5311 W BootReceiver: 	at java.io.FileInputStream.open(FileInputStream.java:231)
03-09 15:07:49.956  1629  5311 W BootReceiver: 	at java.io.FileInputStream.<init>(FileInputStream.java:165)
03-09 15:07:49.956  1629  5311 W BootReceiver: 	at android.os.FileUtils.readTextFile(FileUtils.java:514)
03-09 15:07:49.956  1629  5311 W BootReceiver: 	at com.android.server.BootReceiver.logFsShutdownTime(BootReceiver.java:525)
03-09 15:07:49.956  1629  5311 W BootReceiver: 	at com.android.server.BootReceiver.logBootEvents(BootReceiver.java:243)
03-09 15:07:49.956  1629  5311 W BootReceiver: 	at com.android.server.BootReceiver.access$000(BootReceiver.java:66)
03-09 15:07:49.956  1629  5311 W BootReceiver: 	at com.android.server.BootReceiver$1.run(BootReceiver.java:127)
03-09 15:07:49.956  1629  5311 I BootReceiver: Checking for fsck errors
03-09 15:07:49.957  1629  5311 I BootReceiver: fs_stat, partition:cache stat:0x3
03-09 15:07:49.957  1629  5311 I BootReceiver: fs_stat, partition:dsp stat:0x3
03-09 15:07:49.957  1629  5311 I BootReceiver: fs_stat, partition:persist stat:0x3
03-09 15:07:50.283  4372  4506 D PowerKeeper.AppStandby: configurePolicy: miuiStandbyEnable: true screenTimeout: 30000
03-09 15:07:50.285  4372  4506 D PowerKeeper.AppStandby: disable standby chain
03-09 15:07:50.291  4372  4506 V PowerKeeper.AppBgIdle: enable 
03-09 15:07:50.341  1629  1952 I AutoStartManagerService: MIUILOG- Reject service :Intent { cmp=com.google.ar.core/.services.profiles.ProfileDownloadJobService } userId : 0 uid : 10200
03-09 15:07:50.343  1629  1952 I JobServiceContext: MIUILOG- Reject Start Job, cancelJob uid : 10200 jobId :262200667
03-09 15:07:50.343  1629  1952 D JobScheduler: Error executing JobStatus{9302bbe #u0a200/262200667 com.google.ar.core/.services.profiles.ProfileDownloadJobService u=0 s=10200 TIME=-1m11s601ms:+6d17h39m9s425ms NET PERIODIC PERSISTED READY}
03-09 15:07:50.382  1629  1842 D Boost   : hostingType=service, hostingName=com.qualcomm.qti.qms.service.connectionsecurity/.cloud.ReportJobService, callerPackage=android, isSystem=true, isBoostNeeded=false.
03-09 15:07:50.384  1629  1842 I ActivityManager: Start proc 5351:com.qualcomm.qti.qms.service.connectionsecurity/u0a164 for service com.qualcomm.qti.qms.service.connectionsecurity/.cloud.ReportJobService caller=android
03-09 15:07:50.556  1629  1840 I ActivityManager: Waited long enough for: ServiceRecord{2e144c2 u0 com.miui.powerkeeper/.PowerKeeperBackgroundService}
03-09 15:07:50.563  1629  3406 I ActivityManager: Killing 3495:com.miui.screenrecorder/1000 (adj 906): empty #17
03-09 15:07:50.592  1629  1842 D Boost   : hostingType=service, hostingName=com.google.android.apps.walletnfcrel/androidx.work.impl.background.systemjob.SystemJobService, callerPackage=android, isSystem=true, isBoostNeeded=false.
03-09 15:07:50.595  1629  1842 I ActivityManager: Start proc 5380:com.google.android.apps.walletnfcrel/u0a271 for service com.google.android.apps.walletnfcrel/androidx.work.impl.background.systemjob.SystemJobService caller=android
03-09 15:07:50.739  4372  4506 D PowerKeeper.AppBgIdle: setUidState, uid = 10081 allow = false
03-09 15:07:50.776  1629  3419 D ConnectivityService: requestNetwork for uid/pid:10109/5269 NetworkRequest [ TRACK_DEFAULT id=23, [ Capabilities: INTERNET&NOT_RESTRICTED&TRUSTED Unwanted:  Uid: 10109] ]
03-09 15:07:50.802  4372  4506 D PowerKeeper.AppBgIdle: setUidState, uid = 10167 allow = false
03-09 15:07:50.803  4372  4506 D PowerKeeper.AppBgIdle: setUidState, uid = 10169 allow = false
03-09 15:07:50.803  4372  4506 D PowerKeeper.AppBgIdle: setUidState, uid = 10170 allow = false
03-09 15:07:50.804  4372  4506 D PowerKeeper.AppBgIdle: setUidState, uid = 10172 allow = false
03-09 15:07:50.804  4372  4506 D PowerKeeper.AppBgIdle: setUidState, uid = 10174 allow = false
03-09 15:07:50.805  4372  4506 D PowerKeeper.AppBgIdle: setUidState, uid = 10175 allow = false
03-09 15:07:50.806  4372  4506 D PowerKeeper.AppBgIdle: setUidState, uid = 10177 allow = false
03-09 15:07:50.807  4372  4506 D PowerKeeper.AppBgIdle: setUidState, uid = 10178 allow = false
03-09 15:07:50.807  4372  4506 D PowerKeeper.AppBgIdle: setUidState, uid = 10179 allow = false
03-09 15:07:50.808  4372  4506 D PowerKeeper.AppBgIdle: setUidState, uid = 10180 allow = false
03-09 15:07:50.808  4372  4506 D PowerKeeper.AppBgIdle: setUidState, uid = 10181 allow = false
03-09 15:07:50.809  4372  4506 D PowerKeeper.AppBgIdle: setUidState, uid = 10182 allow = false
03-09 15:07:50.809  4372  4506 D PowerKeeper.AppBgIdle: setUidState, uid = 10183 allow = false
03-09 15:07:50.810  4372  4506 D PowerKeeper.AppBgIdle: setUidState, uid = 10184 allow = false
03-09 15:07:50.812  4372  4506 D PowerKeeper.AppBgIdle: setUidState, uid = 10185 allow = false
03-09 15:07:50.813  4372  4506 D PowerKeeper.AppBgIdle: setUidState, uid = 10186 allow = false
03-09 15:07:50.815  4372  4506 D PowerKeeper.AppBgIdle: setUidState, uid = 10187 allow = false
03-09 15:07:50.815  4372  4506 D PowerKeeper.AppBgIdle: setUidState, uid = 10188 allow = false
03-09 15:07:50.816  4372  4506 D PowerKeeper.AppBgIdle: setUidState, uid = 10189 allow = false
03-09 15:07:50.817  4372  4506 D PowerKeeper.AppBgIdle: setUidState, uid = 10190 allow = false
03-09 15:07:50.817  4372  4506 D PowerKeeper.AppBgIdle: setUidState, uid = 10192 allow = false
03-09 15:07:50.818  4372  4506 D PowerKeeper.AppBgIdle: setUidState, uid = 10193 allow = false
03-09 15:07:50.826  4372  4506 D PowerKeeper.AppBgIdle: setUidState, uid = 10194 allow = false
03-09 15:07:50.827  4372  4506 D PowerKeeper.AppBgIdle: setUidState, uid = 10195 allow = false
03-09 15:07:50.828  4372  4506 D PowerKeeper.AppBgIdle: setUidState, uid = 10196 allow = false
03-09 15:07:50.829  4372  4506 D PowerKeeper.AppBgIdle: setUidState, uid = 10197 allow = false
03-09 15:07:50.830  4372  4506 D PowerKeeper.AppBgIdle: setUidState, uid = 10198 allow = false
03-09 15:07:50.833  4372  4506 D PowerKeeper.AppBgIdle: setUidState, uid = 10199 allow = false
03-09 15:07:50.834  4372  4506 D PowerKeeper.AppBgIdle: setUidState, uid = 10200 allow = false
03-09 15:07:50.835  4372  4506 D PowerKeeper.AppBgIdle: setUidState, uid = 10202 allow = false
03-09 15:07:50.840  4372  4506 D PowerKeeper.AppBgIdle: setUidState, uid = 10204 allow = false
03-09 15:07:50.840  4372  4506 D PowerKeeper.AppBgIdle: setUidState, uid = 10205 allow = false
03-09 15:07:50.842  4372  4506 D PowerKeeper.AppBgIdle: setUidState, uid = 10206 allow = false
03-09 15:07:50.844  4372  4506 D PowerKeeper.AppBgIdle: setUidState, uid = 10207 allow = false
03-09 15:07:50.845  4372  4506 D PowerKeeper.AppBgIdle: setUidState, uid = 10208 allow = false
03-09 15:07:50.845  4372  4506 D PowerKeeper.AppBgIdle: setUidState, uid = 10209 allow = false
03-09 15:07:50.846  4372  4506 D PowerKeeper.AppBgIdle: setUidState, uid = 10210 allow = false
03-09 15:07:50.847  4372  4506 D PowerKeeper.AppBgIdle: setUidState, uid = 10211 allow = false
03-09 15:07:50.848  4372  4506 D PowerKeeper.AppBgIdle: setUidState, uid = 10212 allow = false
03-09 15:07:50.849  4372  4506 D PowerKeeper.AppBgIdle: setUidState, uid = 10213 allow = false
03-09 15:07:50.850  4372  4506 D PowerKeeper.AppBgIdle: setUidState, uid = 10215 allow = false
03-09 15:07:50.853  4372  4506 D PowerKeeper.AppBgIdle: setUidState, uid = 10216 allow = false
03-09 15:07:50.854  4372  4506 D PowerKeeper.AppBgIdle: setUidState, uid = 10217 allow = false
03-09 15:07:50.856  4372  4506 D PowerKeeper.AppBgIdle: setUidState, uid = 10218 allow = false
03-09 15:07:50.856  4372  4506 D PowerKeeper.AppBgIdle: setUidState, uid = 10219 allow = false
03-09 15:07:50.857  4372  4506 D PowerKeeper.AppBgIdle: setUidState, uid = 10220 allow = false
