03-09 15:08:34.671  3515  3515 D BoundBrokerSvc: Loading bound service for intent: Intent { act=com.google.android.gms.common.BIND_SHARED_PREFS pkg=com.google.android.gms }
03-09 15:08:34.674  8154  8154 D miuisdk : current sdk level is 19
03-09 15:08:34.674  8154  8154 I miuisdk : setup class hook.
03-09 15:08:34.674  8154  8154 D         : InitMiuiSdkHookClasses
03-09 15:08:34.676  8154  8154 I         : create_mem miui-classproxy page:0x78ded74000, size:4096
03-09 15:08:34.676  8154  8154 I         : Jit enabled JitInlinerInsertMethod for jit inline
03-09 15:08:34.676  8154  8154 I chatty  : uid=1002(bluetooth) com.android.bluetooth identical 34 lines
03-09 15:08:34.676  8154  8154 I         : Jit enabled JitInlinerInsertMethod for jit inline
03-09 15:08:34.676  3515  3515 D BoundBrokerSvc: onUnbind: Intent { act=com.google.android.gms.common.BIND_SHARED_PREFS pkg=com.google.android.gms }
03-09 15:08:34.676  8154  8154 I         : Jit enabled JitInlinerInsertMethod for jit inline
03-09 15:08:34.677  8154  8154 I         : Jit enabled JitInlinerInsertMethod for jit inline
03-09 15:08:34.678   645  6752 I chatty  : uid=1000(system) HwBinder:645_4 expire 161 lines
03-09 15:08:34.679  8154  8154 I         : Jit enabled JitInlinerInsertMethod for jit inline
03-09 15:08:34.679  8154  8154 I         : Jit enabled JitInlinerInsertMethod for jit inline
03-09 15:08:34.680  8154  8154 I         : Never hook EnableMethodTracing
03-09 15:08:34.680  8154  8154 I         : Never hook DisableMethodTracing
03-09 15:08:34.680  8154  8154 I         : sConfigureStubsHookFlag is 0x3, so we must hook ConfigureStubs for methodtracing
03-09 15:08:34.681  8154  8154 I         : Hook ConfigureStubs
03-09 15:08:34.681  3515  3515 D BoundBrokerSvc: onBind: Intent { act=com.google.android.gms.common.BIND_SHARED_PREFS pkg=com.google.android.gms }
03-09 15:08:34.681  3515  3515 D BoundBrokerSvc: Loading bound service for intent: Intent { act=com.google.android.gms.common.BIND_SHARED_PREFS pkg=com.google.android.gms }
03-09 15:08:34.681  8154  8154 I         : create_mem miui-classproxy page:0x78ded37000, size:4096
03-09 15:08:34.683  8154  8154 I         : HookArtPluginInitialize
03-09 15:08:34.684  7183  7396 W SearchServiceCore: Abort, client detached.
03-09 15:08:34.697  8154  8154 D BluetoothOppFileProvider: Initialized
03-09 15:08:34.698  3515  3515 D BoundBrokerSvc: onUnbind: Intent { act=com.google.android.gms.common.BIND_SHARED_PREFS pkg=com.google.android.gms }
03-09 15:08:34.704  3515  3515 D BoundBrokerSvc: onBind: Intent { act=com.google.android.gms.common.BIND_SHARED_PREFS pkg=com.google.android.gms }
03-09 15:08:34.705  3515  3515 D BoundBrokerSvc: Loading bound service for intent: Intent { act=com.google.android.gms.common.BIND_SHARED_PREFS pkg=com.google.android.gms }
03-09 15:08:34.714  3515  3515 D BoundBrokerSvc: onUnbind: Intent { act=com.google.android.gms.common.BIND_SHARED_PREFS pkg=com.google.android.gms }
03-09 15:08:34.721  3515  3515 D BoundBrokerSvc: onBind: Intent { act=com.google.android.gms.common.BIND_SHARED_PREFS pkg=com.google.android.gms }
03-09 15:08:34.721  3515  3515 D BoundBrokerSvc: Loading bound service for intent: Intent { act=com.google.android.gms.common.BIND_SHARED_PREFS pkg=com.google.android.gms }
03-09 15:08:34.726  8154  8154 D AdapterServiceConfig:  addAudioProfiles profileHeadsetService
03-09 15:08:34.726  8154  8154 I AdapterServiceConfig: addAudioProfiles isA2dpSink :false
03-09 15:08:34.726  8154  8154 V AdapterServiceConfig: Adding HeadsetService
03-09 15:08:34.727  8154  8154 D AdapterServiceConfig:  addAudioProfiles profileA2dpService
03-09 15:08:34.727  8154  8154 I AdapterServiceConfig: addAudioProfiles isA2dpSink :false
03-09 15:08:34.727  8154  8154 V AdapterServiceConfig: Adding A2dpService
03-09 15:08:34.727  8154  8154 D AdapterServiceConfig:  addAudioProfiles profileA2dpSinkService
03-09 15:08:34.727  8154  8154 I AdapterServiceConfig: addAudioProfiles isA2dpSink :false
03-09 15:08:34.727  8154  8154 I AdapterServiceConfig:  Profile A2dpSinkService Not added 
03-09 15:08:34.727  8154  8154 D AdapterServiceConfig:  addAudioProfiles profileHidHostService
03-09 15:08:34.727  8154  8154 I AdapterServiceConfig: addAudioProfiles isA2dpSink :false
03-09 15:08:34.727  8154  8154 V AdapterServiceConfig: Adding HidHostService
03-09 15:08:34.727  8154  8154 D AdapterServiceConfig:  addAudioProfiles profileHealthService
03-09 15:08:34.727  8154  8154 I AdapterServiceConfig: addAudioProfiles isA2dpSink :false
03-09 15:08:34.727  8154  8154 V AdapterServiceConfig: Adding HealthService
03-09 15:08:34.727  8154  8154 D AdapterServiceConfig:  addAudioProfiles profilePanService
03-09 15:08:34.727  8154  8154 I AdapterServiceConfig: addAudioProfiles isA2dpSink :false
03-09 15:08:34.727  8154  8154 V AdapterServiceConfig: Adding PanService
03-09 15:08:34.727  8154  8154 D AdapterServiceConfig:  addAudioProfiles profileGattService
03-09 15:08:34.727  8154  8154 I AdapterServiceConfig: addAudioProfiles isA2dpSink :false
03-09 15:08:34.727  8154  8154 V AdapterServiceConfig: Adding GattService
03-09 15:08:34.727  8154  8154 D AdapterServiceConfig:  addAudioProfiles profileBluetoothMapService
03-09 15:08:34.727  8154  8154 I AdapterServiceConfig: addAudioProfiles isA2dpSink :false
03-09 15:08:34.727  8154  8154 V AdapterServiceConfig: Adding BluetoothMapService
03-09 15:08:34.728  8154  8154 D AdapterServiceConfig:  addAudioProfiles profileAvrcpTargetService
03-09 15:08:34.728  8154  8154 I AdapterServiceConfig: addAudioProfiles isA2dpSink :false
03-09 15:08:34.728  8154  8154 V AdapterServiceConfig: Adding AvrcpTargetService
03-09 15:08:34.728  8154  8154 D AdapterServiceConfig:  addAudioProfiles profileAvrcpControllerService
03-09 15:08:34.728  8154  8154 I AdapterServiceConfig: addAudioProfiles isA2dpSink :false
03-09 15:08:34.728  8154  8154 V AdapterServiceConfig: Adding AvrcpControllerService
03-09 15:08:34.728  8154  8154 D AdapterServiceConfig:  addAudioProfiles profileBluetoothOppService
03-09 15:08:34.728  8154  8154 I AdapterServiceConfig: addAudioProfiles isA2dpSink :false
03-09 15:08:34.728  8154  8154 V AdapterServiceConfig: Adding BluetoothOppService
03-09 15:08:34.728  8154  8154 D AdapterServiceConfig:  addAudioProfiles profileBluetoothPbapService
03-09 15:08:34.728  8154  8154 I AdapterServiceConfig: addAudioProfiles isA2dpSink :false
03-09 15:08:34.728  8154  8154 V AdapterServiceConfig: Adding BluetoothPbapService
03-09 15:08:34.728  8154  8154 D AdapterServiceConfig:  addAudioProfiles profileBATService
03-09 15:08:34.728  8154  8154 I AdapterServiceConfig: addAudioProfiles isA2dpSink :false
03-09 15:08:34.728  8154  8154 D AdapterServiceConfig:  isBAEnabled = false isSplitEnabled true
03-09 15:08:34.728  8154  8154 I AdapterServiceConfig:  Profile BATService Not added 
03-09 15:08:34.735  3515  3515 D BoundBrokerSvc: onUnbind: Intent { act=com.google.android.gms.common.BIND_SHARED_PREFS pkg=com.google.android.gms }
03-09 15:08:34.742  3515  3515 D BoundBrokerSvc: onBind: Intent { act=com.google.android.gms.common.BIND_SHARED_PREFS pkg=com.google.android.gms }
03-09 15:08:34.742  3515  3515 D BoundBrokerSvc: Loading bound service for intent: Intent { act=com.google.android.gms.common.BIND_SHARED_PREFS pkg=com.google.android.gms }
03-09 15:08:34.744  2074  2074 I chatty  : uid=1000(system) com.android.systemui expire 68 lines
03-09 15:08:34.750  3515  3515 D BoundBrokerSvc: onUnbind: Intent { act=com.google.android.gms.common.BIND_SHARED_PREFS pkg=com.google.android.gms }
03-09 15:08:34.758  3515  3515 D BoundBrokerSvc: onBind: Intent { act=com.google.android.gms.common.BIND_SHARED_PREFS pkg=com.google.android.gms }
03-09 15:08:34.758  3515  3515 D BoundBrokerSvc: Loading bound service for intent: Intent { act=com.google.android.gms.common.BIND_SHARED_PREFS pkg=com.google.android.gms }
03-09 15:08:34.765  3515  7597 I CheckinResponseProcess: From server: 1659 gservices [full] [CONTEXT service_id=130 ]
03-09 15:08:34.765  8125  8125 I Finsky:download_service: [2] accu.a(18): Finished reading experiment flags from file [0tGUNCGIkbk4o6-fQ335kUYSKwVj4lusnHT-A5Dsy08].
03-09 15:08:34.766  3515  3515 D BoundBrokerSvc: onUnbind: Intent { act=com.google.android.gms.common.BIND_SHARED_PREFS pkg=com.google.android.gms }
03-09 15:08:34.766  7183  8067 W FA      : Failed to retrieve Firebase Instance Id
03-09 15:08:34.767  3515  7690 I ActivityThread: com.google.android.gsf.gservices acquiringCount 2
03-09 15:08:34.782  1629  2071 I ActivityManager: Killing 6989:com.google.android.apps.turbo/u0a36 (adj 906): empty #17
03-09 15:08:34.786  3515  3523 I gle.android.gm: Background concurrent copying GC freed 97629(6MB) AllocSpace objects, 58(1708KB) LOS objects, 49% free, 13MB/27MB, paused 219us total 105.130ms
03-09 15:08:34.786  3515  3515 D BoundBrokerSvc: onBind: Intent { act=com.google.android.gms.common.BIND_SHARED_PREFS pkg=com.google.android.gms }
03-09 15:08:34.787  3515  3515 D BoundBrokerSvc: Loading bound service for intent: Intent { act=com.google.android.gms.common.BIND_SHARED_PREFS pkg=com.google.android.gms }
03-09 15:08:34.787  8125  8125 I Finsky:download_service: [2] accu.a(18): Finished reading experiment flags from file [5lFnGUi41GBBQ1O2PT7lo4JJ-ljHKKJzhsa2pLPYZmk].
03-09 15:08:34.793  2074  8178 I chatty  : uid=1000(system) com.android.systemui expire 4 lines
03-09 15:08:34.794  3515  3515 D BoundBrokerSvc: onUnbind: Intent { act=com.google.android.gms.common.BIND_SHARED_PREFS pkg=com.google.android.gms }
03-09 15:08:34.800  3515  3515 D BoundBrokerSvc: onBind: Intent { act=com.google.android.gms.common.BIND_SHARED_PREFS pkg=com.google.android.gms }
03-09 15:08:34.801  3515  3515 D BoundBrokerSvc: Loading bound service for intent: Intent { act=com.google.android.gms.common.BIND_SHARED_PREFS pkg=com.google.android.gms }
03-09 15:08:34.812  6403  6448 I BugleJobs: Change in transaction is observed. Queues work item. [CONTEXT operation="UPDATE" table_type=2 item_id="98" ]
03-09 15:08:34.813  3515  3515 D BoundBrokerSvc: onUnbind: Intent { act=com.google.android.gms.common.BIND_SHARED_PREFS pkg=com.google.android.gms }
03-09 15:08:34.815  6403  6448 I BugleJobs: Queue sync wear data work item. [CONTEXT class_name="SyncDataToWearableAppHandlerScheduler" ]
03-09 15:08:34.819  3515  3515 D BoundBrokerSvc: onBind: Intent { act=com.google.android.gms.common.BIND_SHARED_PREFS pkg=com.google.android.gms }
03-09 15:08:34.819  3515  3515 D BoundBrokerSvc: Loading bound service for intent: Intent { act=com.google.android.gms.common.BIND_SHARED_PREFS pkg=com.google.android.gms }
03-09 15:08:34.823  8125  8125 I Finsky:download_service: [2] vaz.onCreate(2): IPC-SERVER: Starting gRPC host service...
03-09 15:08:34.826  3515  3515 D BoundBrokerSvc: onUnbind: Intent { act=com.google.android.gms.common.BIND_SHARED_PREFS pkg=com.google.android.gms }
03-09 15:08:34.838  3515  3515 D BoundBrokerSvc: onBind: Intent { act=com.google.android.gms.common.BIND_SHARED_PREFS pkg=com.google.android.gms }
03-09 15:08:34.838  3515  3515 D BoundBrokerSvc: Loading bound service for intent: Intent { act=com.google.android.gms.common.BIND_SHARED_PREFS pkg=com.google.android.gms }
03-09 15:08:34.839  7487  7502 I e.process.gapp: ProcessProfilingInfo new_methods=0 is saved saved_to_disk=0 resolve_classes_delay=8000
03-09 15:08:34.842  6403  6448 I BugleWearable: Wear Companion app is not installed on phone. Skipping sync to wear devices. [CONTEXT class_name="SyncDataToWearableAppHandler" ]
03-09 15:08:34.846  3515  3515 D BoundBrokerSvc: onUnbind: Intent { act=com.google.android.gms.common.BIND_SHARED_PREFS pkg=com.google.android.gms }
03-09 15:08:34.856  8154  8154 I         : [0309/150834.856393:INFO:com_android_bluetooth_btservice_AdapterService.cpp(646)] hal_util_load_bt_library loaded HAL: btinterface=0x78419f75b0, handle=0x6e88c501a0b08e49
03-09 15:08:34.856  8154  8154 D BluetoothAdapterService: onCreate()
03-09 15:08:34.856  3515  3515 D BoundBrokerSvc: onBind: Intent { act=com.google.android.gms.common.BIND_SHARED_PREFS pkg=com.google.android.gms }
03-09 15:08:34.857  3515  3515 D BoundBrokerSvc: Loading bound service for intent: Intent { act=com.google.android.gms.common.BIND_SHARED_PREFS pkg=com.google.android.gms }
03-09 15:08:34.861  3515  3515 D BoundBrokerSvc: onUnbind: Intent { act=com.google.android.gms.common.BIND_SHARED_PREFS pkg=com.google.android.gms }
03-09 15:08:34.863  8154  8154 I BluetoothVendorJni: classInitNative: succeeds
03-09 15:08:34.863  8154  8154 D AdapterState: make() - Creating AdapterState
03-09 15:08:34.864  8154  8154 I BluetoothVendorSocketJni: classInitNative: succeeds
03-09 15:08:34.864  8154  8154 I bt_btif : QTI OMR1 stack: init
03-09 15:08:34.864  8154  8183 I AdapterState: OFF : entered 
03-09 15:08:34.864  8154  8183 D AdapterProperties: Setting state to OFF
03-09 15:08:34.872  8154  8184 I bt_osi_thread: run_thread: thread id 8184, thread name stack_manager started
03-09 15:08:34.872  8154  8184 I bt_stack_manager: event_init_stack is initializing the stack
03-09 15:08:34.873  8154  8184 I bt_utils: init_soc_type
03-09 15:08:34.873  8154  8184 I bt_utils: vendor.bluetooth.soc prop not set
03-09 15:08:34.873  8154  8184 I bt_utils: vendor.qcom.bluetooth.soc set to cherokee
03-09 15:08:34.879  8154  8188 I bt_osi_thread: run_thread: thread id 8188, thread name alarm_default_ca started
03-09 15:08:34.879  8154  8189 I bt_osi_thread: run_thread: thread id 8189, thread name alarm_dispatcher started
03-09 15:08:34.880  8154  8184 I bt_btif_core: btif_init_bluetooth entered
03-09 15:08:34.887  8154  8184 D bt_osi_config: config_parse no key/value separator found on line 517.
03-09 15:08:34.889  8154  8184 W bt_device_interop:  feature:: 0, key :: 08:62:66, value :: Address_Based
03-09 15:08:34.889  8154  8184 W bt_device_interop:  feature:: 0, key :: 38:2C:4A:C9, value :: Address_Based
03-09 15:08:34.889  8154  8184 W bt_device_interop:  feature:: 0, key :: 38:2C:4A:E6, value :: Address_Based
03-09 15:08:34.889  8154  8184 W bt_device_interop:  feature:: 0, key :: 54:A0:50:D9, value :: Address_Based
03-09 15:08:34.889  8154  8184 W bt_device_interop:  feature:: 0, key :: AC:9E:17, value :: Address_Based
03-09 15:08:34.889  8154  8184 W bt_device_interop:  feature:: 0, key :: F0:79:59, value :: Address_Based
03-09 15:08:34.889  8154  8184 W bt_device_interop:  feature:: 0, key :: 80:E4:DA:70, value :: Address_Based
03-09 15:08:34.889  8154  8184 W bt_device_interop:  feature:: 0, key :: 1C:96:5A, value :: Address_Based
03-09 15:08:34.889  8154  8184 W bt_device_interop:  feature:: 0, key :: 80:EA:CA, value :: Address_Based
03-09 15:08:34.889  8154  8184 W bt_device_interop:  feature:: 0, key :: 51:01:00, value :: Address_Based
03-09 15:08:34.889  8154  8184 W bt_device_interop:  feature:: 0, key :: 61:01:00, value :: Address_Based
03-09 15:08:34.889  8154  8184 W bt_device_interop:  feature:: 2, key :: A0:E9:DB, value :: Address_Based
03-09 15:08:34.889  8154  8184 W bt_device_interop:  feature:: 2, key :: 00:14:02, value :: Address_Based
03-09 15:08:34.889  8154  8184 W bt_device_interop:  feature:: 2, key :: 1C:48:F9, value :: Address_Based
03-09 15:08:34.889  8154  8184 W bt_device_interop:  feature:: 2, key :: 44:5E:F3, value :: Address_Based
03-09 15:08:34.889  8154  8184 W bt_device_interop:  feature:: 2, key :: D4:9C:28, value :: Address_Based
03-09 15:08:34.889  8154  8184 W bt_device_interop:  feature:: 2, key :: 00:18:6B, value :: Address_Based
03-09 15:08:34.889  8154  8184 W bt_device_interop:  feature:: 2, key :: B8:AD:3E, value :: Address_Based
03-09 15:08:34.889  8154  8184 W bt_device_interop:  feature:: 2, key :: 00:11:B1, value :: Address_Based
03-09 15:08:34.889  8154  8184 W bt_device_interop:  feature:: 2, key :: A4:15:66, value :: Address_Based
03-09 15:08:34.889  8154  8184 W bt_device_interop:  feature:: 2, key :: 00:14:F1, value :: Address_Based
03-09 15:08:34.889  8154  8184 W bt_device_interop:  feature:: 2, key :: 00:26:7E, value :: Address_Based
03-09 15:08:34.889  8154  8184 W bt_device_interop:  feature:: 2, key :: 90:03:B7, value :: Address_Based
03-09 15:08:34.889  8154  8184 W bt_device_interop:  feature:: 2, key :: 04:F8:C2, value :: Address_Based
03-09 15:08:34.889  8154  8184 W bt_device_interop:  feature:: 2, key :: 00:18:91, value :: Address_Based
03-09 15:08:34.889  8154  8184 W bt_device_interop:  feature:: 2, key :: 00:24:1C, value :: Address_Based
03-09 15:08:34.889  8154  8184 W bt_device_interop:  feature:: 2, key :: 00:08:8b, value :: Address_Based
03-09 15:08:34.889  8154  8184 W bt_device_interop:  feature:: 3, key :: 34:C7:31, value :: Address_Based
03-09 15:08:34.889  8154  8184 W bt_device_interop:  feature:: 3, key :: 00:07:04, value :: Address_Based
03-09 15:08:34.889  8154  8184 W bt_device_interop:  feature:: 3, key :: E0:75:0A, value :: Address_Based
03-09 15:08:34.889  8154  8184 W bt_device_interop:  feature:: 3, key :: Audi, value :: Name_Based
03-09 15:08:34.889  8154  8184 W bt_device_interop:  feature:: 3, key :: BMW, value :: Name_Based
03-09 15:08:34.889  8154  8184 W bt_device_interop:  feature:: 3, key :: Parrot, value :: Name_Based
03-09 15:08:34.889  8154  8184 W bt_device_interop:  feature:: 3, key :: Car, value :: Name_Based
03-09 15:08:34.889  8154  8184 W bt_device_interop:  feature:: 3, key :: NISSAN, value :: Name_Based
03-09 15:08:34.889  8154  8184 W bt_device_interop:  feature:: 4, key :: 00:0F:F6, value :: Address_Based
03-09 15:08:34.889  8154  8184 W bt_device_interop:  feature:: 5, key :: 00:18:91, value :: Address_Based
03-09 15:08:34.889  8154  8184 W bt_device_interop:  feature:: 5, key :: 00:21:4F, value :: Address_Based
03-09 15:08:34.889  8154  8184 W bt_device_interop:  feature:: 5, key :: 20:15:06, value :: Address_Based
03-09 15:08:34.889  8154  8184 W bt_device_interop:  feature:: 5, key :: 9C:DF:03, value :: Address_Based
03-09 15:08:34.889  8154  8184 W bt_device_interop:  feature:: 5, key :: 04:52:C7, value :: Address_Based
03-09 15:08:34.889  8154  8184 W bt_device_interop:  feature:: 5, key :: 30:14:4A, value :: Address_Based
03-09 15:08:34.889  8154  8184 W bt_device_interop:  feature:: 5, key :: 00:54:AF, value :: Address_Based
03-09 15:08:34.889  8154  8184 W bt_device_interop:  feature:: 5, key :: 7C:1C:4E, value :: Address_Based
03-09 15:08:34.889  8154  8184 W bt_device_interop:  feature:: 5, key :: 50:65:83, value :: Address_Based
03-09 15:08:34.889  8154  8184 W bt_device_interop:  feature:: 5, key :: 00:1E:7C, value :: Address_Based
03-09 15:08:34.889  8154  8184 W bt_device_interop:  feature:: 5, key :: C8:84:47, value :: Address_Based
03-09 15:08:34.889  8154  8184 W bt_device_interop:  feature:: 5, key :: D0:8A:55, value :: Address_Based
03-09 15:08:34.889  8154  8184 W bt_device_interop:  feature:: 5, key :: 48:F0:7B, value :: Address_Based
03-09 15:08:34.889  8154  8184 W bt_device_interop:  feature:: 5, key :: 00:11:2D, value :: Address_Based
03-09 15:08:34.889  8154  8184 W bt_device_interop:  feature:: 21, key :: 00:12:A1, value :: Address_Based
03-09 15:08:34.889  8154  8184 W bt_device_interop:  feature:: 21, key :: Targus BT Laser Notebook Mouse, value :: Name_Based
03-09 15:08:34.889  8154  8184 W bt_device_interop:  feature:: 7, key :: Motorola Keyboard KZ500, value :: Name_Based
03-09 15:08:34.889  8154  8184 D bt_device_interop: Entry is already present in the list
03-09 15:08:34.889  8154  8184 W bt_device_interop:  feature:: 7, key :: Motorola Keyboard KZ500 v122, value :: Name_Based
03-09 15:08:34.889  8154  8184 W bt_device_interop:  feature:: 7, key :: 0x22b8-0x093D, value :: Vndr_Prdt_Based
03-09 15:08:34.889  8154  8184 W bt_device_interop:  feature:: 8, key :: 20:4C:10, value :: Address_Based
03-09 15:08:34.889  8154  8184 W bt_device_interop:  feature:: 8, key :: 0x004C, value :: Manufacturer_Based
03-09 15:08:34.889  8154  8184 W bt_device_interop:  feature:: 11, key :: 00:14:09, value :: Address_Based
03-09 15:08:34.889  8154  8184 W bt_device_interop:  feature:: 12, key :: BSMBB09DS, value :: Name_Based
03-09 15:08:34.889  8154  8184 W bt_device_interop:  feature:: 12, key :: ELECOM, value :: Name_Based
03-09 15:08:34.890  8154  8184 W bt_device_interop:  feature:: 18, key :: 00:02:5B:4A, value :: Address_Based
03-09 15:08:34.890  8154  8184 W bt_device_interop:  feature:: 25, key :: FC:C2:DE, value :: Address_Based
03-09 15:08:34.890  8154  8184 W bt_device_interop:  feature:: 25, key :: 00:26:B4, value :: Address_Based
03-09 15:08:34.890  8154  8184 W bt_device_interop:  feature:: 25, key :: 00:04:3E, value :: Address_Based
03-09 15:08:34.890  8154  8184 W bt_device_interop:  feature:: 25, key :: 00:23:01, value :: Address_Based
03-09 15:08:34.890  8154  8184 W bt_device_interop:  feature:: 25, key :: 1C:48:F9, value :: Address_Based
03-09 15:08:34.890  8154  8184 W bt_device_interop:  feature:: 25, key :: 00:54:AF, value :: Address_Based
03-09 15:08:34.890  8154  8184 W bt_device_interop:  feature:: 25, key :: 00:26:E8, value :: Address_Based
03-09 15:08:34.890  8154  8184 W bt_device_interop:  feature:: 25, key :: 00:37:6D, value :: Address_Based
03-09 15:08:34.890  8154  8184 W bt_device_interop:  feature:: 25, key :: 9C:3A:AF, value :: Address_Based
03-09 15:08:34.890  8154  8184 W bt_device_interop:  feature:: 25, key :: 00:18:91, value :: Address_Based
03-09 15:08:34.890  8154  8184 W bt_device_interop:  feature:: 25, key :: 0C:E0:E4, value :: Address_Based
03-09 15:08:34.890  8154  8184 W bt_device_interop:  feature:: 25, key :: 00:07:04, value :: Address_Based
03-09 15:08:34.890  8154  8184 W bt_device_interop:  feature:: 25, key :: A4:15:66, value :: Address_Based
03-09 15:08:34.890  8154  8184 W bt_device_interop:  feature:: 25, key :: D0:13:1E, value :: Address_Based
03-09 15:08:34.890  8154  8184 W bt_device_interop:  feature:: 25, key :: 8F:20:B4, value :: Address_Based
03-09 15:08:34.890  8154  8184 W bt_device_interop:  feature:: 25, key :: A8:B9:B3, value :: Address_Based
03-09 15:08:34.890  8154  8184 W bt_device_interop:  feature:: 25, key :: 00:0D:F0, value :: Address_Based
03-09 15:08:34.890  8154  8184 W bt_device_interop:  feature:: 25, key :: 00:08:E0, value :: Address_Based
03-09 15:08:34.890  8154  8184 W bt_device_interop:  feature:: 25, key :: 00:25:52, value :: Address_Based
03-09 15:08:34.890  8154  8184 W bt_device_interop:  feature:: 25, key :: 1C:52:16, value :: Address_Based
03-09 15:08:34.890  8154  8184 W bt_device_interop:  feature:: 25, key :: 00:06:66, value :: Address_Based
03-09 15:08:34.890  8154  8184 W bt_device_interop:  feature:: 25, key :: 00:24:E4, value :: address_Based
03-09 15:08:34.890  8154  8184 W bt_device_interop:  feature:: 25, key :: 00:1C:D8, value :: Address_Based
03-09 15:08:34.890  8154  8184 W bt_device_interop:  feature:: 25, key :: AC:FD:CE, value :: Address_Based
03-09 15:08:34.890  8154  8184 W bt_device_interop:  feature:: 25, key :: 08:76:95, value :: Address_Based
03-09 15:08:34.890  8154  8184 W bt_device_interop:  feature:: 25, key :: 00:00:45, value :: Address_Based
03-09 15:08:34.890  8154  8184 W bt_device_interop:  feature:: 25, key :: EB:06:EF, value :: Address_Based
03-09 15:08:34.890  8154  8184 W bt_device_interop:  feature:: 25, key :: 74:95:EC, value :: Address_Based
03-09 15:08:34.890  8154  8184 W bt_device_interop:  feature:: 25, key :: 10:98:C3, value :: Address_Based
03-09 15:08:34.890  8154  8184 W bt_device_interop:  feature:: 16, key :: 00:0D:FD, value :: Address_Based
03-09 15:08:34.890  8154  8184 W bt_device_interop:  feature:: 16, key :: 00:1B:DC, value :: Address_Based
03-09 15:08:34.890  8154  8184 W bt_device_interop:  feature:: 16, key :: 00:07:04, value :: Address_Based
03-09 15:08:34.890  8154  8184 W bt_device_interop:  feature:: 16, key :: A4:15:66, value :: Address_Based
03-09 15:08:34.890  8154  8184 W bt_device_interop:  feature:: 16, key :: 00:54:AF, value :: Address_Based
03-09 15:08:34.890  8154  8184 W bt_device_interop:  feature:: 16, key :: 00:23:7F, value :: Address_Based
03-09 15:08:34.890  8154  8184 W bt_device_interop:  feature:: 14, key :: 28:A1:83, value :: Address_Based
03-09 15:08:34.890  8154  8184 W bt_device_interop:  feature:: 14, key :: A0:14:3D, value :: Address_Based
03-09 15:08:34.890  8154  8184 W bt_device_interop:  feature:: 14, key :: 90:03:B7, value :: Address_Based
03-09 15:08:34.890  8154  8184 W bt_device_interop:  feature:: 14, key :: 00:21:3c, value :: Address_Based
03-09 15:08:34.890  8154  8184 W bt_device_interop:  feature:: 14, key :: 9C:DF:03, value :: Address_Based
03-09 15:08:34.890  8154  8184 W bt_device_interop:  feature:: 14, key :: E0:75:0A, value :: Address_Based
03-09 15:08:34.890  8154  8184 W bt_device_interop:  feature:: 14, key :: 48:F0:7B, value :: Address_Based
03-09 15:08:34.890  8154  8184 W bt_device_interop:  feature:: 14, key :: 04:52:C7, value :: Address_Based
03-09 15:08:34.890  8154  8184 W bt_device_interop:  feature:: 14, key :: 30:C3:D9, value :: Address_Based
03-09 15:08:34.890  8154  8184 W bt_device_interop:  feature:: 14, key :: 00:E0:4C, value :: Address_Based
03-09 15:08:34.890  8154  8184 W bt_device_interop:  feature:: 14, key :: abramtek M1, value :: Name_Based
03-09 15:08:34.890  8154  8184 W bt_device_interop:  feature:: 14, key :: Buick Verano, value :: Name_Based
03-09 15:08:34.890  8154  8184 W bt_device_interop:  feature:: 15, key :: B8:AD:3E, value :: Address_Based
03-09 15:08:34.890  8154  8184 W bt_device_interop:  feature:: 15, key :: LG HBSA100, value :: Name_Based
03-09 15:08:34.890  8154  8184 W bt_device_interop:  feature:: 15, key :: LG HBS1100, value :: Name_Based
03-09 15:08:34.890  8154  8184 W bt_device_interop:  feature:: 15, key :: 00:18:09, value :: Address_Based
03-09 15:08:34.890  8154  8184 W bt_device_interop:  feature:: 15, key :: MDR-XB80BS, value :: Name_Based
03-09 15:08:34.890  8154  8184 W bt_device_interop:  feature:: 15, key :: 7C:04:D0, value :: Address_Based
03-09 15:08:34.890  8154  8184 W bt_device_interop:  feature:: 15, key :: 24:F6:77, value :: Address_Based
03-09 15:08:34.890  8154  8184 W bt_device_interop:  feature:: 15, key :: AirPods, value :: Name_Based
03-09 15:08:34.890  8154  8184 W bt_device_interop:  feature:: 15, key :: 48:D6:D5, value :: Address_Based
03-09 15:08:34.890  8154  8184 W bt_device_interop:  feature:: 15, key :: Pixel Buds 7943, value :: Name_Based
03-09 15:08:34.890  8154  8184 W bt_device_interop:  feature:: 15, key :: 8C:DE:52, value :: Address_Based
03-09 15:08:34.890  8154  8184 W bt_device_interop:  feature:: 15, key :: SRS-X33, value :: Name_Based
03-09 15:08:34.890  8154  8184 W bt_device_interop:  feature:: 15, key :: 04:5D:4B, value :: Address_Based
03-09 15:08:34.890  8154  8184 W bt_device_interop:  feature:: 15, key :: WH-1000XM2, value :: Name_Based
03-09 15:08:34.890  8154  8184 W bt_device_interop:  feature:: 15, key :: h.ear (MDR-100ABN), value :: Name_Based
03-09 15:08:34.890  8154  8184 W bt_device_interop:  feature:: 15, key :: WI-1000X, value :: Name_Based
03-09 15:08:34.890  8154  8184 W bt_device_interop:  feature:: 15, key :: WH-H800 (h.ear), value :: Name_Based
03-09 15:08:34.890  8154  8184 W bt_device_interop:  feature:: 15, key :: MDR-1000X, value :: Name_Based
03-09 15:08:34.890  8154  8184 W bt_device_interop:  feature:: 15, key :: WI-H700 (h.ear), value :: Name_Based
03-09 15:08:34.890  8154  8184 W bt_device_interop:  feature:: 15, key :: WH-H900N (h.ear), value :: Name_Based
03-09 15:08:34.890  8154  8184 W bt_device_interop:  feature:: 15, key :: 10:4F:A8, value :: Address_Based
03-09 15:08:34.890  8154  8184 W bt_device_interop:  feature:: 15, key :: MDR-1ABT, value :: Name_Based
03-09 15:08:34.890  8154  8184 W bt_device_interop:  feature:: 15, key :: h.ear (MDR-EX750BT), value :: Name_Based
03-09 15:08:34.890  8154  8184 W bt_device_interop:  feature:: 15, key :: AC:9B:0A, value :: Address_Based
03-09 15:08:34.890  8154  8184 W bt_device_interop:  feature:: 15, key :: MDR-ZX770BN, value :: Name_Based
03-09 15:08:34.890  8154  8184 W bt_device_interop:  feature:: 15, key :: 04:52:C7, value :: Address_Based
03-09 15:08:34.890  8154  8184 W bt_device_interop:  feature:: 15, key :: Bose QuietComfort 35, value :: Name_Based
03-09 15:08:34.890  8154  8184 W bt_device_interop:  feature:: 15, key :: 94:B2:CC, value :: Address_Based
03-09 15:08:34.891  8154  8184 W bt_device_interop:  feature:: 15, key :: AVH-X5890BT, value :: Name_Based
03-09 15:08:34.891  8154  8184 W bt_device_interop:  feature:: 15, key :: AVH-A208BT, value :: Name_Based
03-09 15:08:34.891  8154  8184 W bt_device_interop:  feature:: 15, key :: 74:5E:1C, value :: Address_Based
03-09 15:08:34.891  8154  8184 W bt_device_interop:  feature:: 15, key :: AVH-X5790BT, value :: Name_Based
03-09 15:08:34.891  8154  8184 W bt_device_interop:  feature:: 15, key :: 00:1D:86, value :: Address_Based
03-09 15:08:34.891  8154  8184 W bt_device_interop:  feature:: 15, key :: Car Multimedia, value :: Name_Based
03-09 15:08:34.891  8154  8184 W bt_device_interop:  feature:: 15, key :: DDX6, value :: Name_Based
03-09 15:08:34.891  8154  8184 W bt_device_interop:  feature:: 15, key :: 90:03:B7, value :: Address_Based
03-09 15:08:34.891  8154  8184 W bt_device_interop:  feature:: 15, key :: Parrot ASTEROID, value :: Name_Based
03-09 15:08:34.891  8154  8184 W bt_device_interop:  feature:: 15, key :: 0C:E0:E4, value :: Address_Based
03-09 15:08:34.891  8154  8184 W bt_device_interop:  feature:: 15, key :: PLT_BBTPRO, value :: Name_Based
03-09 15:08:34.891  8154  8184 W bt_device_interop:  feature:: 15, key :: A4:15:66, value :: Address_Based
03-09 15:08:34.891  8154  8184 W bt_device_interop:  feature:: 15, key :: Tracks Air, value :: Name_Based
03-09 15:08:34.891  8154  8184 W bt_device_interop:  feature:: 15, key :: 00:1A:7D, value :: Address_Based
03-09 15:08:34.891  8154  8184 W bt_device_interop:  feature:: 15, key :: 66 Audio BTS, value :: Name_Based
03-09 15:08:34.891  8154  8184 W bt_device_interop:  feature:: 15, key :: 88:E6:03, value :: Address_Based
03-09 15:08:34.891  8154  8184 W bt_device_interop:  feature:: 15, key :: XB10, value :: Name_Based
03-09 15:08:34.891  8154  8184 W bt_device_interop:  feature:: 15, key :: B8:69:C2, value :: Address_Based
03-09 15:08:34.891  8154  8184 W bt_device_interop:  feature:: 15, key :: SRS-XB3, value :: Name_Based
03-09 15:08:34.891  8154  8184 W bt_device_interop:  feature:: 15, key :: 30:C3:D9, value :: Address_Based
03-09 15:08:34.891  8154  8184 W bt_device_interop:  feature:: 15, key :: MB Bluetooth 84389, value :: Name_Based
03-09 15:08:34.891  8154  8184 W bt_device_interop:  feature:: 15, key :: 00:02:5B, value :: Address_Based
03-09 15:08:34.891  8154  8184 W bt_device_interop:  feature:: 15, key :: HATS_00025B0085E9, value :: Name_Based
03-09 15:08:34.891  8154  8184 W bt_device_interop:  feature:: 15, key :: A8:BE:27, value :: Address_Based
03-09 15:08:34.891  8154  8184 W bt_device_interop:  feature:: 15, key :: BeatsX, value :: Name_Based
03-09 15:08:34.891  8154  8184 W bt_device_interop:  feature:: 15, key :: E0:D1:E6, value :: Address_Based
03-09 15:08:34.891  8154  8184 W bt_device_interop:  feature:: 15, key :: MINIJAMBOX by Jawbone, value :: Name_Based
03-09 15:08:34.891  8154  8184 W bt_device_interop:  feature:: 15, key :: 2C:41:A1, value :: Address_Based
03-09 15:08:34.891  8154  8184 W bt_device_interop:  feature:: 15, key :: Bose SoundSport, value :: Name_Based
03-09 15:08:34.891  8154  8184 W bt_device_interop:  feature:: 15, key :: Bose QC35 II, value :: Name_Based
03-09 15:08:34.891  8154  8184 W bt_device_interop:  feature:: 15, key :: DC:A4:CA, value :: Address_Based
03-09 15:08:34.891  8154  8184 W bt_device_interop:  feature:: 15, key :: Beats Solo³, value :: Name_Based
03-09 15:08:34.891  8154  8184 W bt_device_interop:  feature:: 15, key :: 58:E2:8F, value :: Address_Based
03-09 15:08:34.891  8154  8184 W bt_device_interop:  feature:: 15, key :: BeatsStudio Wireless, value :: Name_Based
03-09 15:08:34.891  8154  8184 W bt_device_interop:  feature:: 15, key :: FC:4B:BC, value :: Address_Based
03-09 15:08:34.891  8154  8184 W bt_device_interop:  feature:: 15, key :: XAV-AX100, value :: Name_Based
03-09 15:08:34.891  8154  8184 W bt_device_interop:  feature:: 15, key :: 00:18:6b, value :: Address_Based
03-09 15:08:34.891  8154  8184 W bt_device_interop:  feature:: 15, key :: LG HBS730, value :: Name_Based
03-09 15:08:34.891  8154  8184 W bt_device_interop:  feature:: 15, key :: D0:81:7A, value :: Address_Based
03-09 15:08:34.891  8154  8184 W bt_device_interop:  feature:: 15, key :: Powerbeats, value :: Name_Based
03-09 15:08:34.891  8154  8184 W bt_device_interop:  feature:: 15, key :: 20:3C:AE, value :: Address_Based
03-09 15:08:34.891  8154  8184 W bt_device_interop:  feature:: 15, key :: 70:26:05, value :: Address_Based
03-09 15:08:34.891  8154  8184 W bt_device_interop:  feature:: 15, key :: WI-SP500, value :: Name_Based
03-09 15:08:34.891  8154  8184 W bt_device_interop:  feature:: 15, key :: 00:02:22, value :: Address_Based
03-09 15:08:34.891  8154  8184 W bt_device_interop:  feature:: 15, key :: H8T, value :: Name_Based
03-09 15:08:34.891  8154  8184 W bt_device_interop:  feature:: 15, key :: WF-1000X, value :: Name_Based
03-09 15:08:34.891  8154  8184 W bt_device_interop:  feature:: 15, key :: QCY-T1_R, value :: Name_Based
03-09 15:08:34.891  8154  8184 W bt_device_interop:  feature:: 15, key :: 1C:52:16, value :: Address_Based
03-09 15:08:34.891  8154  8184 W bt_device_interop:  feature:: 15, key :: Beoplay H9i, value :: Name_Based
03-09 15:08:34.891  8154  8184 W bt_device_interop:  feature:: 15, key :: Beoplay e8, value :: Name_Based
03-09 15:08:34.891  8154  8184 W bt_device_interop:  feature:: 15, key :: 00:09:A7, value :: Address_Based
03-09 15:08:34.891  8154  8184 W bt_device_interop:  feature:: 15, key :: QCY-Q29_R, value :: Name_Based
03-09 15:08:34.891  8154  8184 W bt_device_interop:  feature:: 15, key :: ATH-CKR35BT, value :: Name_Based
03-09 15:08:34.891  8154  8184 W bt_device_interop:  feature:: 15, key :: C4:45:67, value :: Address_Based
03-09 15:08:34.891  8154  8184 W bt_device_interop:  feature:: 15, key :: LAXUN A+, value :: Name_Based
03-09 15:08:34.891  8154  8184 W bt_device_interop:  feature:: 15, key :: 00:11:67, value :: Address_Based
03-09 15:08:34.891  8154  8184 W bt_device_interop:  feature:: 15, key :: Losence I3 V4.1, value :: Name_Based
03-09 15:08:34.891  8154  8184 W bt_device_interop:  feature:: 15, key :: 00:B2:67, value :: Address_Based
03-09 15:08:34.891  8154  8184 W bt_device_interop:  feature:: 15, key :: B0:F1:A3, value :: Address_Based
03-09 15:08:34.891  8154  8184 W bt_device_interop:  feature:: 15, key :: Fiil Wireless, value :: Name_Based
03-09 15:08:34.891  8154  8184 W bt_device_interop:  feature:: 15, key :: F8:DF:15, value :: Address_Based
03-09 15:08:34.891  8154  8184 D bt_device_interop: Entry is already present in the list
03-09 15:08:34.891  8154  8184 W bt_device_interop:  feature:: 15, key :: Powerbeats³, value :: Name_Based
03-09 15:08:34.891  8154  8184 W bt_device_interop:  feature:: 15, key :: MI AIRDOTS BASIC_L, value :: Name_Based
03-09 15:08:34.891  8154  8184 W bt_device_interop:  feature:: 15, key :: MI AIRDOTS BASIC_R, value :: Name_Based
03-09 15:08:34.891  8154  8184 W bt_device_interop:  feature:: 15, key :: TicPods Free, value :: Name_Based
03-09 15:08:34.891  8154  8184 W bt_device_interop:  feature:: 15, key :: 64:5A:ED, value :: Address_Based
03-09 15:08:34.891  8154  8184 W bt_device_interop:  feature:: 15, key :: a8:5c:2c, value :: Address_Based
03-09 15:08:34.892  8154  8184 W bt_device_interop:  feature:: 15, key :: 70:87:63, value :: Address_Based
03-09 15:08:34.892  8154  8184 W bt_device_interop:  feature:: 15, key :: 00:87:63, value :: Address_Based
03-09 15:08:34.892  8154  8184 W bt_device_interop:  feature:: 15, key :: 9c:43:1e, value :: Address_Based
03-09 15:08:34.892  8154  8184 W bt_device_interop:  feature:: 15, key :: CC:98:8B, value :: Address_Based
03-09 15:08:34.892  8154  8184 W bt_device_interop:  feature:: 15, key :: 18:F1:D8, value :: Address_Based
03-09 15:08:34.892  8154  8184 W bt_device_interop:  feature:: 15, key :: 18:81:0E, value :: Address_Based
03-09 15:08:34.892  8154  8184 W bt_device_interop:  feature:: 15, key :: Mi Bluetooth Headphones, value :: Name_Based
03-09 15:08:34.892  8154  8184 W bt_device_interop:  feature:: 15, key :: Mi Bluetooth Neckband Earphones, value :: Name_Based
03-09 15:08:34.892  8154  8184 W bt_device_interop:  feature:: 15, key :: SRS-XB20, value :: Name_Based
03-09 15:08:34.892  8154  8184 W bt_device_interop:  feature:: 15, key :: 40:26:19, value :: Address_Based
03-09 15:08:34.892  8154  8184 W bt_device_interop:  feature:: 15, key :: 28:FF:3C, value :: Address_Based
03-09 15:08:34.892  8154  8184 W bt_device_interop:  feature:: 15, key :: LG HBS-1100, value :: Name_Based
03-09 15:08:34.892  8154  8184 W bt_device_interop:  feature:: 15, key :: QCY-Q29_L, value :: Name_Based
03-09 15:08:34.892  8154  8184 W bt_device_interop:  feature:: 15, key :: EM024_ANC, value :: Name_Based
03-09 15:08:34.892  8154  8184 W bt_device_interop:  feature:: 15, key :: 1C:52:17, value :: Address_Based
03-09 15:08:34.892  8154  8184 W bt_device_interop:  feature:: 15, key :: 00:42:79, value :: Address_Based
03-09 15:08:34.892  8154  8184 W bt_device_interop:  feature:: 15, key :: Funcl AI(R), value :: Name_Based
03-09 15:08:34.892  8154  8184 W bt_device_interop:  feature:: 15, key :: 00:23:01, value :: Address_Based
03-09 15:08:34.892  8154  8184 W bt_device_interop:  feature:: 15, key :: 00:23:03, value :: Address_Based
03-09 15:08:34.892  8154  8184 W bt_device_interop:  feature:: 15, key :: EDIFIER W280BT, value :: Name_Based
03-09 15:08:34.892  8154  8184 W bt_device_interop:  feature:: 15, key :: 60:8C:4A, value :: Address_Based
03-09 15:08:34.892  8154  8184 W bt_device_interop:  feature:: 15, key :: 00:0A:45, value :: Address_Based
03-09 15:08:34.892  8154  8184 W bt_device_interop:  feature:: 15, key :: ATH-AR5BT, value :: Name_Based
03-09 15:08:34.892  8154  8184 W bt_device_interop:  feature:: 15, key :: 00:1B:66, value :: Address_Based
03-09 15:08:34.892  8154  8184 W bt_device_interop:  feature:: 15, key :: MOMENTUM M2 IEBT, value :: Name_Based
03-09 15:08:34.892  8154  8184 W bt_device_interop:  feature:: 15, key :: 6C:5A:B5, value :: Address_Based
03-09 15:08:34.892  8154  8184 W bt_device_interop:  feature:: 15, key :: Philips SHB8850NC, value :: Name_Based
03-09 15:08:34.892  8154  8184 W bt_device_interop:  feature:: 15, key :: EDIFIER W360BT, value :: Name_Based
03-09 15:08:34.892  8154  8184 W bt_device_interop:  feature:: 15, key :: 00:00:01, value :: Address_Based
03-09 15:08:34.892  8154  8184 W bt_device_interop:  feature:: 15, key :: Sabbat E1, value :: Name_Based
03-09 15:08:34.892  8154  8184 W bt_device_interop:  feature:: 15, key :: 20:00:00, value :: Address_Based
03-09 15:08:34.892  8154  8184 W bt_device_interop:  feature:: 15, key :: 10:00:00, value :: Address_Based
03-09 15:08:34.892  8154  8184 W bt_device_interop:  feature:: 15, key :: 11:11:22, value :: Address_Based
03-09 15:08:34.892  8154  8184 W bt_device_interop:  feature:: 15, key :: 28:f5:37, value :: Address_Based
03-09 15:08:34.892  8154  8184 W bt_device_interop:  feature:: 15, key :: 78:A7:EB, value :: Address_Based
03-09 15:08:34.892  8154  8184 W bt_device_interop:  feature:: 15, key :: Mi True Wireless Earphones, value :: Name_Based
03-09 15:08:34.892  8154  8184 D bt_device_interop: Entry is already present in the list
03-09 15:08:34.892  8154  8184 W bt_device_interop:  feature:: 15, key :: Mi True Wireless Earphones 2, value :: Name_Based
03-09 15:08:34.892  8154  8184 W bt_device_interop:  feature:: 15, key :: 30:35:AD, value :: Address_Based
03-09 15:08:34.892  8154  8184 W bt_device_interop:  feature:: 15, key :: Beats Studio³, value :: Name_Based
03-09 15:08:34.892  8154  8184 W bt_device_interop:  feature:: 15, key :: CC:46:67, value :: Address_Based
03-09 15:08:34.892  8154  8184 W bt_device_interop:  feature:: 15, key :: MID, value :: Name_Based
03-09 15:08:34.892  8154  8184 W bt_device_interop:  feature:: 15, key :: Bluetooth Neckband Earphones, value :: Name_Based
03-09 15:08:34.892  8154  8184 W bt_device_interop:  feature:: 15, key :: 5C:C6:E9, value :: Address_Based
03-09 15:08:34.892  8154  8184 W bt_device_interop:  feature:: 15, key :: EDIFIER W200BT经典版, value :: Name_Based
03-09 15:08:34.892  8154  8184 W bt_device_interop:  feature:: 15, key :: DC:D3:A2, value :: Address_Based
03-09 15:08:34.892  8154  8184 W bt_device_interop:  feature:: 15, key :: Beats X, value :: Name_Based
03-09 15:08:34.892  8154  8184 W bt_device_interop:  feature:: 15, key :: 94:BF:2D, value :: Address_Based
03-09 15:08:34.892  8154  8184 W bt_device_interop:  feature:: 15, key :: 88:6B:6E, value :: Address_Based
03-09 15:08:34.893  8154  8184 W bt_device_interop:  feature:: 15, key :: QCY-T1_L, value :: Name_Based
03-09 15:08:34.893  8154  8184 W bt_device_interop:  feature:: 15, key :: ATH SR30BT, value :: Name_Based
03-09 15:08:34.893  8154  8184 W bt_device_interop:  feature:: 15, key :: Redmi AirDots_R, value :: Name_Based
03-09 15:08:34.893  8154  8184 W bt_device_interop:  feature:: 15, key :: E8:EC:A3, value :: Address_Based
03-09 15:08:34.893  8154  8184 W bt_device_interop:  feature:: 15, key :: Funcl W1, value :: Name_Based
03-09 15:08:34.893  8154  8184 W bt_device_interop:  feature:: 15, key :: 00:87:18, value :: Address_Based
03-09 15:08:34.893  8154  8184 W bt_device_interop:  feature:: 15, key :: FlyPods, value :: Name_Based
03-09 15:08:34.893  8154  8184 W bt_device_interop:  feature:: 15, key :: F8:C3:9E, value :: Address_Based
03-09 15:08:34.893  8154  8184 W bt_device_interop:  feature:: 15, key :: D0:D7:83, value :: Address_Based
03-09 15:08:34.893  8154  8184 W bt_device_interop:  feature:: 15, key :: BC:E1:43, value :: Address_Based
03-09 15:08:34.893  8154  8184 W bt_device_interop:  feature:: 15, key :: Astrotec S60, value :: Name_Based
03-09 15:08:34.893  8154  8184 W bt_device_interop:  feature:: 15, key :: 80:8A:A8, value :: Address_Based
03-09 15:08:34.893  8154  8184 W bt_device_interop:  feature:: 15, key :: 08:E6:89, value :: Address_Based
03-09 15:08:34.893  8154  8184 W bt_device_interop:  feature:: 15, key :: E8:36:17, value :: Address_Based
03-09 15:08:34.893  8154  8184 W bt_device_interop:  feature:: 15, key :: 74:c1:4f, value :: Address_Based
03-09 15:08:34.893  8154  8184 W bt_device_interop:  feature:: 15, key :: FreeBuds 2, value :: Name_Based
03-09 15:08:34.893  8154  8184 W bt_device_interop:  feature:: 15, key :: Beoplay H4, value :: Name_Based
03-09 15:08:34.893  8154  8184 D bt_device_interop: Entry is already present in the list
03-09 15:08:34.893  8154  8184 W bt_device_interop:  feature:: 15, key :: FlyPods Lite, value :: Name_Based
03-09 15:08:34.893  8154  8184 W bt_device_interop:  feature:: 15, key :: B4:86:55, value :: Address_Based
03-09 15:08:34.893  8154  8184 W bt_device_interop:  feature:: 15, key :: WF-SP700N, value :: Name_Based
03-09 15:08:34.893  8154  8184 D bt_device_interop: Entry is already present in the list
03-09 15:08:34.893  8154  8184 W bt_device_interop:  feature:: 15, key :: SRS-XB10, value :: Name_Based
03-09 15:08:34.893  8154  8184 W bt_device_interop:  feature:: 15, key :: B8:D5:0B, value :: Address_Based
03-09 15:08:34.893  8154  8184 W bt_device_interop:  feature:: 15, key :: Jabra Elite 65t, value :: Name_Based
03-09 15:08:34.893  8154  8184 W bt_device_interop:  feature:: 15, key :: 74:5C:4B, value :: Address_Based
03-09 15:08:34.893  8154  8184 W bt_device_interop:  feature:: 15, key :: FiiO BTR3, value :: Name_Based
03-09 15:08:34.893  8154  8184 W bt_device_interop:  feature:: 15, key :: 40:ED:98, value :: Address_Based
03-09 15:08:34.893  8154  8184 W bt_device_interop:  feature:: 15, key :: Jaybird X4, value :: Name_Based
03-09 15:08:34.893  8154  8184 W bt_device_interop:  feature:: 15, key :: C0:28:8D, value :: Address_Based
03-09 15:08:34.893  8154  8184 W bt_device_interop:  feature:: 15, key :: LE-BOSE QC35II, value :: Name_Based
03-09 15:08:34.893  8154  8184 W bt_device_interop:  feature:: 15, key :: 28:11:A5, value :: Address_Based
03-09 15:08:34.893  8154  8184 W bt_device_interop:  feature:: 15, key :: 福特福克斯, value :: Name_Based
03-09 15:08:34.893  8154  8184 W bt_device_interop:  feature:: 15, key :: 10:98:C3, value :: Address_Based
03-09 15:08:34.893  8154  8184 D bt_device_interop: Entry is already present in the list
03-09 15:08:34.893  8154  8184 W bt_device_interop:  feature:: 15, key :: 20:3c:ae, value :: Address_Based
03-09 15:08:34.893  8154  8184 W bt_device_interop:  feature:: 20, key :: 00:1B:DC-0x0012, value :: SSR_Max_Lat_Based
03-09 15:08:34.893  8154  8184 W bt_device_interop:  feature:: 20, key :: DC:2C:26-0x0000, value :: SSR_Max_Lat_Based
03-09 15:08:34.893  8154  8184 W bt_device_interop:  feature:: 20, key :: 54:46:6B-0x0001, value :: SSR_Max_Lat_Based
03-09 15:08:34.893  8154  8184 W bt_device_interop:  feature:: 24, key :: 98:7b:f3, value :: Address_Based
03-09 15:08:34.893  8154  8184 W bt_device_interop:  feature:: 26, key :: 04:52:c7, value :: Address_Based
03-09 15:08:34.893  8154  8184 W bt_device_interop:  feature:: 27, key :: 00:08:8a, value :: Address_Based
03-09 15:08:34.893  8154  8184 W bt_device_interop:  feature:: 27, key :: JABRA EASYGO, value :: Name_Based
03-09 15:08:34.893  8154  8184 W bt_device_interop:  feature:: 28, key :: 00:09:93, value :: Address_Based
03-09 15:08:34.893  8154  8184 W bt_device_interop:  feature:: 28, key :: 74:6f:f7, value :: Address_Based
03-09 15:08:34.893  8154  8184 W bt_device_interop:  feature:: 28, key :: A0:56:B2, value :: Address_Based
03-09 15:08:34.893  8154  8184 W bt_device_interop:  feature:: 28, key :: 00:54:AF, value :: Address_Based
03-09 15:08:34.893  8154  8184 W bt_device_interop:  feature:: 9, key :: 08:62:66, value :: Address_Based
03-09 15:08:34.893  8154  8184 W bt_device_interop:  feature:: 9, key :: 38:2C:4A:C9, value :: Address_Based
03-09 15:08:34.893  8154  8184 W bt_device_interop:  feature:: 9, key :: 38:2C:4A:E6, value :: Address_Based
03-09 15:08:34.893  8154  8184 W bt_device_interop:  feature:: 9, key :: 54:A0:50:D9, value :: Address_Based
03-09 15:08:34.894  8154  8184 W bt_device_interop:  feature:: 9, key :: AC:9E:17, value :: Address_Based
03-09 15:08:34.894  8154  8184 W bt_device_interop:  feature:: 9, key :: F0:79:59, value :: Address_Based
03-09 15:08:34.894  8154  8184 W bt_device_interop:  feature:: 22, key :: 00:1D:86, value :: Address_Based
03-09 15:08:34.894  8154  8184 W bt_device_interop:  feature:: 22, key :: KMM-BT51*HD, value :: Name_Based
03-09 15:08:34.894  8154  8184 W bt_device_interop:  feature:: 10, key :: Pixel C Keyboard, value :: Name_Based
03-09 15:08:34.894  8154  8184 W bt_device_interop:  feature:: 10, key :: MiMouse, value :: Name_Based
03-09 15:08:34.894  8154  8184 W bt_device_interop:  feature:: 10, key :: HTC Fetch, value :: Name_Based
03-09 15:08:34.894  8154  8184 W bt_device_interop:  feature:: 30, key :: LG Lighting, value :: Name_Based
03-09 15:08:34.894  8154  8184 W bt_device_interop:  feature:: 30, key :: KS_5w4Zu, value :: Name_Based
03-09 15:08:34.894  8154  8184 W bt_device_interop:  feature:: 30, key :: ZUK, value :: Name_Based
03-09 15:08:34.894  8154  8184 W bt_device_interop:  feature:: 30, key :: ITAG, value :: Name_Based
03-09 15:08:34.894  8154  8184 W bt_device_interop:  feature:: 30, key :: Pokemon GO Plus, value :: Name_Based
03-09 15:08:34.894  8154  8184 W bt_device_interop:  feature:: 32, key :: 2c:dc:ad:08, value :: Address_Based
03-09 15:08:34.894  8154  8184 W bt_device_interop:  feature:: 32, key :: 74:6f:f7, value :: Address_Based
03-09 15:08:34.894  8154  8184 W bt_device_interop:  feature:: 32, key :: 90:03:b7, value :: Address_Based
03-09 15:08:34.894  8154  8184 W bt_device_interop:  feature:: 34, key :: 50:65:83, value :: Address_Based
03-09 15:08:34.894  8154  8184 W bt_device_interop:  feature:: 34, key :: 28:3f:69, value :: Address_Based
03-09 15:08:34.894  8154  8184 W bt_device_interop:  feature:: 34, key :: AirPods, value :: Name_Based
03-09 15:08:34.894  8154  8184 W bt_device_interop:  feature:: 35, key :: 10:b7:f6, value :: Address_Based
03-09 15:08:34.897  8154  8184 W bt_device_profile: profile_config_init load config file succesful : /data/misc/bluedroid/bt_profile.conf
03-09 15:08:34.897  8154  8184 W bt_device_profile:  AVRCP_ID: key :: avrcp_0103_support, value :: false
03-09 15:08:34.897  8154  8184 W bt_device_profile:  AVRCP_ID: entry->profile_feature_type.avrcp_feature_entry.avrcp_0103_support false
03-09 15:08:34.897  8154  8184 W bt_device_profile:  AVRCP_ID: key :: avrcp_coverart_support, value :: true
03-09 15:08:34.897  8154  8184 W bt_device_profile:  AVRCP_ID: &entry->profile_feature_type.avrcp_feature_entry.avrcp_coverart_support true
03-09 15:08:34.897  8154  8184 D bt_device_profile: Entry is already present in the list
03-09 15:08:34.897  8154  8184 W bt_device_profile:  PBAP_ID: key :: pbap_0102_support, value :: true
03-09 15:08:34.897  8154  8184 W bt_device_profile:  PBAP_ID: key :: use_sim_support, value :: true
03-09 15:08:34.897  8154  8184 D bt_device_profile: Entry is already present in the list
03-09 15:08:34.897  8154  8184 W bt_device_profile:  MAP_ID: key :: map_email_support, value :: true
03-09 15:08:34.898  8154  8184 I bt_stack_config: init attempt to load stack conf from /etc/bluetooth/bt_stack.conf
03-09 15:08:34.900  8154  8190 I bt_osi_thread: run_thread: thread id 8190, thread name bt_jni_workqueue started
03-09 15:08:34.900  8154  8184 I bt_btif_core: btif_init_bluetooth finished
03-09 15:08:34.900  8154  8190 I bt_btif_core: run_message_loop entered
03-09 15:08:34.906  8154  8184 I bt_stack_manager: event_init_stack finished
03-09 15:08:34.906  8154  8154 I bt_btif : get_profile_interface: id = socket
